** this is package ‘commonmark’ version ‘2.0.0’
** package ‘commonmark’ successfully unpacked and MD5 sums checked
** using staged installation
** libs
using C compiler: ‘Ubuntu clang version 22.1.6 (++20260507083440+c0262e742787-1~exp1~20260507203459.76)’
clang-22 -std=gnu23 -fsanitize=address,undefined -fno-sanitize=float-divide-by-zero -fno-sanitize=alignment -fno-omit-frame-pointer -fsanitize=pointer-overflow -fsanitize=signed-integer-overflow -I"/opt/R/devel-asan/lib/R/include" -DNDEBUG -Icmark -I. -DCMARK_GFM_STATIC_DEFINE -DCMARK_GFM_EXTENSIONS_STATIC_DEFINE -DR_NO_REMAP -DSTRICT_R_HEADERS  -I/usr/local/clang/include -I/usr/local/include   -fvisibility=hidden -fpic  -g -O3 -Wall -pedantic  -Wp,-D_FORTIFY_SOURCE=3  -c extensions.c -o extensions.o
clang-22 -std=gnu23 -fsanitize=address,undefined -fno-sanitize=float-divide-by-zero -fno-sanitize=alignment -fno-omit-frame-pointer -fsanitize=pointer-overflow -fsanitize=signed-integer-overflow -I"/opt/R/devel-asan/lib/R/include" -DNDEBUG -Icmark -I. -DCMARK_GFM_STATIC_DEFINE -DCMARK_GFM_EXTENSIONS_STATIC_DEFINE -DR_NO_REMAP -DSTRICT_R_HEADERS  -I/usr/local/clang/include -I/usr/local/include   -fvisibility=hidden -fpic  -g -O3 -Wall -pedantic  -Wp,-D_FORTIFY_SOURCE=3  -c init.c -o init.o
clang-22 -std=gnu23 -fsanitize=address,undefined -fno-sanitize=float-divide-by-zero -fno-sanitize=alignment -fno-omit-frame-pointer -fsanitize=pointer-overflow -fsanitize=signed-integer-overflow -I"/opt/R/devel-asan/lib/R/include" -DNDEBUG -Icmark -I. -DCMARK_GFM_STATIC_DEFINE -DCMARK_GFM_EXTENSIONS_STATIC_DEFINE -DR_NO_REMAP -DSTRICT_R_HEADERS  -I/usr/local/clang/include -I/usr/local/include   -fvisibility=hidden -fpic  -g -O3 -Wall -pedantic  -Wp,-D_FORTIFY_SOURCE=3  -c wrapper.c -o wrapper.o
clang-22 -std=gnu23 -fsanitize=address,undefined -fno-sanitize=float-divide-by-zero -fno-sanitize=alignment -fno-omit-frame-pointer -fsanitize=pointer-overflow -fsanitize=signed-integer-overflow -I"/opt/R/devel-asan/lib/R/include" -DNDEBUG -Icmark -I. -DCMARK_GFM_STATIC_DEFINE -DCMARK_GFM_EXTENSIONS_STATIC_DEFINE -DR_NO_REMAP -DSTRICT_R_HEADERS  -I/usr/local/clang/include -I/usr/local/include   -fvisibility=hidden -fpic  -g -O3 -Wall -pedantic  -Wp,-D_FORTIFY_SOURCE=3  -c cmark/cmark.c -o cmark/cmark.o
clang-22 -std=gnu23 -fsanitize=address,undefined -fno-sanitize=float-divide-by-zero -fno-sanitize=alignment -fno-omit-frame-pointer -fsanitize=pointer-overflow -fsanitize=signed-integer-overflow -I"/opt/R/devel-asan/lib/R/include" -DNDEBUG -Icmark -I. -DCMARK_GFM_STATIC_DEFINE -DCMARK_GFM_EXTENSIONS_STATIC_DEFINE -DR_NO_REMAP -DSTRICT_R_HEADERS  -I/usr/local/clang/include -I/usr/local/include   -fvisibility=hidden -fpic  -g -O3 -Wall -pedantic  -Wp,-D_FORTIFY_SOURCE=3  -c cmark/node.c -o cmark/node.o
clang-22 -std=gnu23 -fsanitize=address,undefined -fno-sanitize=float-divide-by-zero -fno-sanitize=alignment -fno-omit-frame-pointer -fsanitize=pointer-overflow -fsanitize=signed-integer-overflow -I"/opt/R/devel-asan/lib/R/include" -DNDEBUG -Icmark -I. -DCMARK_GFM_STATIC_DEFINE -DCMARK_GFM_EXTENSIONS_STATIC_DEFINE -DR_NO_REMAP -DSTRICT_R_HEADERS  -I/usr/local/clang/include -I/usr/local/include   -fvisibility=hidden -fpic  -g -O3 -Wall -pedantic  -Wp,-D_FORTIFY_SOURCE=3  -c cmark/iterator.c -o cmark/iterator.o
clang-22 -std=gnu23 -fsanitize=address,undefined -fno-sanitize=float-divide-by-zero -fno-sanitize=alignment -fno-omit-frame-pointer -fsanitize=pointer-overflow -fsanitize=signed-integer-overflow -I"/opt/R/devel-asan/lib/R/include" -DNDEBUG -Icmark -I. -DCMARK_GFM_STATIC_DEFINE -DCMARK_GFM_EXTENSIONS_STATIC_DEFINE -DR_NO_REMAP -DSTRICT_R_HEADERS  -I/usr/local/clang/include -I/usr/local/include   -fvisibility=hidden -fpic  -g -O3 -Wall -pedantic  -Wp,-D_FORTIFY_SOURCE=3  -c cmark/blocks.c -o cmark/blocks.o
clang-22 -std=gnu23 -fsanitize=address,undefined -fno-sanitize=float-divide-by-zero -fno-sanitize=alignment -fno-omit-frame-pointer -fsanitize=pointer-overflow -fsanitize=signed-integer-overflow -I"/opt/R/devel-asan/lib/R/include" -DNDEBUG -Icmark -I. -DCMARK_GFM_STATIC_DEFINE -DCMARK_GFM_EXTENSIONS_STATIC_DEFINE -DR_NO_REMAP -DSTRICT_R_HEADERS  -I/usr/local/clang/include -I/usr/local/include   -fvisibility=hidden -fpic  -g -O3 -Wall -pedantic  -Wp,-D_FORTIFY_SOURCE=3  -c cmark/inlines.c -o cmark/inlines.o
clang-22 -std=gnu23 -fsanitize=address,undefined -fno-sanitize=float-divide-by-zero -fno-sanitize=alignment -fno-omit-frame-pointer -fsanitize=pointer-overflow -fsanitize=signed-integer-overflow -I"/opt/R/devel-asan/lib/R/include" -DNDEBUG -Icmark -I. -DCMARK_GFM_STATIC_DEFINE -DCMARK_GFM_EXTENSIONS_STATIC_DEFINE -DR_NO_REMAP -DSTRICT_R_HEADERS  -I/usr/local/clang/include -I/usr/local/include   -fvisibility=hidden -fpic  -g -O3 -Wall -pedantic  -Wp,-D_FORTIFY_SOURCE=3  -c cmark/scanners.c -o cmark/scanners.o
clang-22 -std=gnu23 -fsanitize=address,undefined -fno-sanitize=float-divide-by-zero -fno-sanitize=alignment -fno-omit-frame-pointer -fsanitize=pointer-overflow -fsanitize=signed-integer-overflow -I"/opt/R/devel-asan/lib/R/include" -DNDEBUG -Icmark -I. -DCMARK_GFM_STATIC_DEFINE -DCMARK_GFM_EXTENSIONS_STATIC_DEFINE -DR_NO_REMAP -DSTRICT_R_HEADERS  -I/usr/local/clang/include -I/usr/local/include   -fvisibility=hidden -fpic  -g -O3 -Wall -pedantic  -Wp,-D_FORTIFY_SOURCE=3  -c cmark/utf8.c -o cmark/utf8.o
clang-22 -std=gnu23 -fsanitize=address,undefined -fno-sanitize=float-divide-by-zero -fno-sanitize=alignment -fno-omit-frame-pointer -fsanitize=pointer-overflow -fsanitize=signed-integer-overflow -I"/opt/R/devel-asan/lib/R/include" -DNDEBUG -Icmark -I. -DCMARK_GFM_STATIC_DEFINE -DCMARK_GFM_EXTENSIONS_STATIC_DEFINE -DR_NO_REMAP -DSTRICT_R_HEADERS  -I/usr/local/clang/include -I/usr/local/include   -fvisibility=hidden -fpic  -g -O3 -Wall -pedantic  -Wp,-D_FORTIFY_SOURCE=3  -c cmark/buffer.c -o cmark/buffer.o
clang-22 -std=gnu23 -fsanitize=address,undefined -fno-sanitize=float-divide-by-zero -fno-sanitize=alignment -fno-omit-frame-pointer -fsanitize=pointer-overflow -fsanitize=signed-integer-overflow -I"/opt/R/devel-asan/lib/R/include" -DNDEBUG -Icmark -I. -DCMARK_GFM_STATIC_DEFINE -DCMARK_GFM_EXTENSIONS_STATIC_DEFINE -DR_NO_REMAP -DSTRICT_R_HEADERS  -I/usr/local/clang/include -I/usr/local/include   -fvisibility=hidden -fpic  -g -O3 -Wall -pedantic  -Wp,-D_FORTIFY_SOURCE=3  -c cmark/references.c -o cmark/references.o
clang-22 -std=gnu23 -fsanitize=address,undefined -fno-sanitize=float-divide-by-zero -fno-sanitize=alignment -fno-omit-frame-pointer -fsanitize=pointer-overflow -fsanitize=signed-integer-overflow -I"/opt/R/devel-asan/lib/R/include" -DNDEBUG -Icmark -I. -DCMARK_GFM_STATIC_DEFINE -DCMARK_GFM_EXTENSIONS_STATIC_DEFINE -DR_NO_REMAP -DSTRICT_R_HEADERS  -I/usr/local/clang/include -I/usr/local/include   -fvisibility=hidden -fpic  -g -O3 -Wall -pedantic  -Wp,-D_FORTIFY_SOURCE=3  -c cmark/render.c -o cmark/render.o
clang-22 -std=gnu23 -fsanitize=address,undefined -fno-sanitize=float-divide-by-zero -fno-sanitize=alignment -fno-omit-frame-pointer -fsanitize=pointer-overflow -fsanitize=signed-integer-overflow -I"/opt/R/devel-asan/lib/R/include" -DNDEBUG -Icmark -I. -DCMARK_GFM_STATIC_DEFINE -DCMARK_GFM_EXTENSIONS_STATIC_DEFINE -DR_NO_REMAP -DSTRICT_R_HEADERS  -I/usr/local/clang/include -I/usr/local/include   -fvisibility=hidden -fpic  -g -O3 -Wall -pedantic  -Wp,-D_FORTIFY_SOURCE=3  -c cmark/man.c -o cmark/man.o
clang-22 -std=gnu23 -fsanitize=address,undefined -fno-sanitize=float-divide-by-zero -fno-sanitize=alignment -fno-omit-frame-pointer -fsanitize=pointer-overflow -fsanitize=signed-integer-overflow -I"/opt/R/devel-asan/lib/R/include" -DNDEBUG -Icmark -I. -DCMARK_GFM_STATIC_DEFINE -DCMARK_GFM_EXTENSIONS_STATIC_DEFINE -DR_NO_REMAP -DSTRICT_R_HEADERS  -I/usr/local/clang/include -I/usr/local/include   -fvisibility=hidden -fpic  -g -O3 -Wall -pedantic  -Wp,-D_FORTIFY_SOURCE=3  -c cmark/xml.c -o cmark/xml.o
clang-22 -std=gnu23 -fsanitize=address,undefined -fno-sanitize=float-divide-by-zero -fno-sanitize=alignment -fno-omit-frame-pointer -fsanitize=pointer-overflow -fsanitize=signed-integer-overflow -I"/opt/R/devel-asan/lib/R/include" -DNDEBUG -Icmark -I. -DCMARK_GFM_STATIC_DEFINE -DCMARK_GFM_EXTENSIONS_STATIC_DEFINE -DR_NO_REMAP -DSTRICT_R_HEADERS  -I/usr/local/clang/include -I/usr/local/include   -fvisibility=hidden -fpic  -g -O3 -Wall -pedantic  -Wp,-D_FORTIFY_SOURCE=3  -c cmark/html.c -o cmark/html.o
clang-22 -std=gnu23 -fsanitize=address,undefined -fno-sanitize=float-divide-by-zero -fno-sanitize=alignment -fno-omit-frame-pointer -fsanitize=pointer-overflow -fsanitize=signed-integer-overflow -I"/opt/R/devel-asan/lib/R/include" -DNDEBUG -Icmark -I. -DCMARK_GFM_STATIC_DEFINE -DCMARK_GFM_EXTENSIONS_STATIC_DEFINE -DR_NO_REMAP -DSTRICT_R_HEADERS  -I/usr/local/clang/include -I/usr/local/include   -fvisibility=hidden -fpic  -g -O3 -Wall -pedantic  -Wp,-D_FORTIFY_SOURCE=3  -c cmark/commonmark.c -o cmark/commonmark.o
clang-22 -std=gnu23 -fsanitize=address,undefined -fno-sanitize=float-divide-by-zero -fno-sanitize=alignment -fno-omit-frame-pointer -fsanitize=pointer-overflow -fsanitize=signed-integer-overflow -I"/opt/R/devel-asan/lib/R/include" -DNDEBUG -Icmark -I. -DCMARK_GFM_STATIC_DEFINE -DCMARK_GFM_EXTENSIONS_STATIC_DEFINE -DR_NO_REMAP -DSTRICT_R_HEADERS  -I/usr/local/clang/include -I/usr/local/include   -fvisibility=hidden -fpic  -g -O3 -Wall -pedantic  -Wp,-D_FORTIFY_SOURCE=3  -c cmark/latex.c -o cmark/latex.o
clang-22 -std=gnu23 -fsanitize=address,undefined -fno-sanitize=float-divide-by-zero -fno-sanitize=alignment -fno-omit-frame-pointer -fsanitize=pointer-overflow -fsanitize=signed-integer-overflow -I"/opt/R/devel-asan/lib/R/include" -DNDEBUG -Icmark -I. -DCMARK_GFM_STATIC_DEFINE -DCMARK_GFM_EXTENSIONS_STATIC_DEFINE -DR_NO_REMAP -DSTRICT_R_HEADERS  -I/usr/local/clang/include -I/usr/local/include   -fvisibility=hidden -fpic  -g -O3 -Wall -pedantic  -Wp,-D_FORTIFY_SOURCE=3  -c cmark/houdini_href_e.c -o cmark/houdini_href_e.o
clang-22 -std=gnu23 -fsanitize=address,undefined -fno-sanitize=float-divide-by-zero -fno-sanitize=alignment -fno-omit-frame-pointer -fsanitize=pointer-overflow -fsanitize=signed-integer-overflow -I"/opt/R/devel-asan/lib/R/include" -DNDEBUG -Icmark -I. -DCMARK_GFM_STATIC_DEFINE -DCMARK_GFM_EXTENSIONS_STATIC_DEFINE -DR_NO_REMAP -DSTRICT_R_HEADERS  -I/usr/local/clang/include -I/usr/local/include   -fvisibility=hidden -fpic  -g -O3 -Wall -pedantic  -Wp,-D_FORTIFY_SOURCE=3  -c cmark/houdini_html_e.c -o cmark/houdini_html_e.o
clang-22 -std=gnu23 -fsanitize=address,undefined -fno-sanitize=float-divide-by-zero -fno-sanitize=alignment -fno-omit-frame-pointer -fsanitize=pointer-overflow -fsanitize=signed-integer-overflow -I"/opt/R/devel-asan/lib/R/include" -DNDEBUG -Icmark -I. -DCMARK_GFM_STATIC_DEFINE -DCMARK_GFM_EXTENSIONS_STATIC_DEFINE -DR_NO_REMAP -DSTRICT_R_HEADERS  -I/usr/local/clang/include -I/usr/local/include   -fvisibility=hidden -fpic  -g -O3 -Wall -pedantic  -Wp,-D_FORTIFY_SOURCE=3  -c cmark/houdini_html_u.c -o cmark/houdini_html_u.o
clang-22 -std=gnu23 -fsanitize=address,undefined -fno-sanitize=float-divide-by-zero -fno-sanitize=alignment -fno-omit-frame-pointer -fsanitize=pointer-overflow -fsanitize=signed-integer-overflow -I"/opt/R/devel-asan/lib/R/include" -DNDEBUG -Icmark -I. -DCMARK_GFM_STATIC_DEFINE -DCMARK_GFM_EXTENSIONS_STATIC_DEFINE -DR_NO_REMAP -DSTRICT_R_HEADERS  -I/usr/local/clang/include -I/usr/local/include   -fvisibility=hidden -fpic  -g -O3 -Wall -pedantic  -Wp,-D_FORTIFY_SOURCE=3  -c cmark/cmark_ctype.c -o cmark/cmark_ctype.o
clang-22 -std=gnu23 -fsanitize=address,undefined -fno-sanitize=float-divide-by-zero -fno-sanitize=alignment -fno-omit-frame-pointer -fsanitize=pointer-overflow -fsanitize=signed-integer-overflow -I"/opt/R/devel-asan/lib/R/include" -DNDEBUG -Icmark -I. -DCMARK_GFM_STATIC_DEFINE -DCMARK_GFM_EXTENSIONS_STATIC_DEFINE -DR_NO_REMAP -DSTRICT_R_HEADERS  -I/usr/local/clang/include -I/usr/local/include   -fvisibility=hidden -fpic  -g -O3 -Wall -pedantic  -Wp,-D_FORTIFY_SOURCE=3  -c cmark/arena.c -o cmark/arena.o
clang-22 -std=gnu23 -fsanitize=address,undefined -fno-sanitize=float-divide-by-zero -fno-sanitize=alignment -fno-omit-frame-pointer -fsanitize=pointer-overflow -fsanitize=signed-integer-overflow -I"/opt/R/devel-asan/lib/R/include" -DNDEBUG -Icmark -I. -DCMARK_GFM_STATIC_DEFINE -DCMARK_GFM_EXTENSIONS_STATIC_DEFINE -DR_NO_REMAP -DSTRICT_R_HEADERS  -I/usr/local/clang/include -I/usr/local/include   -fvisibility=hidden -fpic  -g -O3 -Wall -pedantic  -Wp,-D_FORTIFY_SOURCE=3  -c cmark/linked_list.c -o cmark/linked_list.o
clang-22 -std=gnu23 -fsanitize=address,undefined -fno-sanitize=float-divide-by-zero -fno-sanitize=alignment -fno-omit-frame-pointer -fsanitize=pointer-overflow -fsanitize=signed-integer-overflow -I"/opt/R/devel-asan/lib/R/include" -DNDEBUG -Icmark -I. -DCMARK_GFM_STATIC_DEFINE -DCMARK_GFM_EXTENSIONS_STATIC_DEFINE -DR_NO_REMAP -DSTRICT_R_HEADERS  -I/usr/local/clang/include -I/usr/local/include   -fvisibility=hidden -fpic  -g -O3 -Wall -pedantic  -Wp,-D_FORTIFY_SOURCE=3  -c cmark/plugin.c -o cmark/plugin.o
clang-22 -std=gnu23 -fsanitize=address,undefined -fno-sanitize=float-divide-by-zero -fno-sanitize=alignment -fno-omit-frame-pointer -fsanitize=pointer-overflow -fsanitize=signed-integer-overflow -I"/opt/R/devel-asan/lib/R/include" -DNDEBUG -Icmark -I. -DCMARK_GFM_STATIC_DEFINE -DCMARK_GFM_EXTENSIONS_STATIC_DEFINE -DR_NO_REMAP -DSTRICT_R_HEADERS  -I/usr/local/clang/include -I/usr/local/include   -fvisibility=hidden -fpic  -g -O3 -Wall -pedantic  -Wp,-D_FORTIFY_SOURCE=3  -c cmark/registry.c -o cmark/registry.o
clang-22 -std=gnu23 -fsanitize=address,undefined -fno-sanitize=float-divide-by-zero -fno-sanitize=alignment -fno-omit-frame-pointer -fsanitize=pointer-overflow -fsanitize=signed-integer-overflow -I"/opt/R/devel-asan/lib/R/include" -DNDEBUG -Icmark -I. -DCMARK_GFM_STATIC_DEFINE -DCMARK_GFM_EXTENSIONS_STATIC_DEFINE -DR_NO_REMAP -DSTRICT_R_HEADERS  -I/usr/local/clang/include -I/usr/local/include   -fvisibility=hidden -fpic  -g -O3 -Wall -pedantic  -Wp,-D_FORTIFY_SOURCE=3  -c cmark/syntax_extension.c -o cmark/syntax_extension.o
clang-22 -std=gnu23 -fsanitize=address,undefined -fno-sanitize=float-divide-by-zero -fno-sanitize=alignment -fno-omit-frame-pointer -fsanitize=pointer-overflow -fsanitize=signed-integer-overflow -I"/opt/R/devel-asan/lib/R/include" -DNDEBUG -Icmark -I. -DCMARK_GFM_STATIC_DEFINE -DCMARK_GFM_EXTENSIONS_STATIC_DEFINE -DR_NO_REMAP -DSTRICT_R_HEADERS  -I/usr/local/clang/include -I/usr/local/include   -fvisibility=hidden -fpic  -g -O3 -Wall -pedantic  -Wp,-D_FORTIFY_SOURCE=3  -c cmark/plaintext.c -o cmark/plaintext.o
clang-22 -std=gnu23 -fsanitize=address,undefined -fno-sanitize=float-divide-by-zero -fno-sanitize=alignment -fno-omit-frame-pointer -fsanitize=pointer-overflow -fsanitize=signed-integer-overflow -I"/opt/R/devel-asan/lib/R/include" -DNDEBUG -Icmark -I. -DCMARK_GFM_STATIC_DEFINE -DCMARK_GFM_EXTENSIONS_STATIC_DEFINE -DR_NO_REMAP -DSTRICT_R_HEADERS  -I/usr/local/clang/include -I/usr/local/include   -fvisibility=hidden -fpic  -g -O3 -Wall -pedantic  -Wp,-D_FORTIFY_SOURCE=3  -c cmark/footnotes.c -o cmark/footnotes.o
clang-22 -std=gnu23 -fsanitize=address,undefined -fno-sanitize=float-divide-by-zero -fno-sanitize=alignment -fno-omit-frame-pointer -fsanitize=pointer-overflow -fsanitize=signed-integer-overflow -I"/opt/R/devel-asan/lib/R/include" -DNDEBUG -Icmark -I. -DCMARK_GFM_STATIC_DEFINE -DCMARK_GFM_EXTENSIONS_STATIC_DEFINE -DR_NO_REMAP -DSTRICT_R_HEADERS  -I/usr/local/clang/include -I/usr/local/include   -fvisibility=hidden -fpic  -g -O3 -Wall -pedantic  -Wp,-D_FORTIFY_SOURCE=3  -c cmark/map.c -o cmark/map.o
clang-22 -std=gnu23 -fsanitize=address,undefined -fno-sanitize=float-divide-by-zero -fno-sanitize=alignment -fno-omit-frame-pointer -fsanitize=pointer-overflow -fsanitize=signed-integer-overflow -I"/opt/R/devel-asan/lib/R/include" -DNDEBUG -Icmark -I. -DCMARK_GFM_STATIC_DEFINE -DCMARK_GFM_EXTENSIONS_STATIC_DEFINE -DR_NO_REMAP -DSTRICT_R_HEADERS  -I/usr/local/clang/include -I/usr/local/include   -fvisibility=hidden -fpic  -g -O3 -Wall -pedantic  -Wp,-D_FORTIFY_SOURCE=3  -c extensions/autolink.c -o extensions/autolink.o
clang-22 -std=gnu23 -fsanitize=address,undefined -fno-sanitize=float-divide-by-zero -fno-sanitize=alignment -fno-omit-frame-pointer -fsanitize=pointer-overflow -fsanitize=signed-integer-overflow -I"/opt/R/devel-asan/lib/R/include" -DNDEBUG -Icmark -I. -DCMARK_GFM_STATIC_DEFINE -DCMARK_GFM_EXTENSIONS_STATIC_DEFINE -DR_NO_REMAP -DSTRICT_R_HEADERS  -I/usr/local/clang/include -I/usr/local/include   -fvisibility=hidden -fpic  -g -O3 -Wall -pedantic  -Wp,-D_FORTIFY_SOURCE=3  -c extensions/core-extensions.c -o extensions/core-extensions.o
clang-22 -std=gnu23 -fsanitize=address,undefined -fno-sanitize=float-divide-by-zero -fno-sanitize=alignment -fno-omit-frame-pointer -fsanitize=pointer-overflow -fsanitize=signed-integer-overflow -I"/opt/R/devel-asan/lib/R/include" -DNDEBUG -Icmark -I. -DCMARK_GFM_STATIC_DEFINE -DCMARK_GFM_EXTENSIONS_STATIC_DEFINE -DR_NO_REMAP -DSTRICT_R_HEADERS  -I/usr/local/clang/include -I/usr/local/include   -fvisibility=hidden -fpic  -g -O3 -Wall -pedantic  -Wp,-D_FORTIFY_SOURCE=3  -c extensions/ext_scanners.c -o extensions/ext_scanners.o
clang-22 -std=gnu23 -fsanitize=address,undefined -fno-sanitize=float-divide-by-zero -fno-sanitize=alignment -fno-omit-frame-pointer -fsanitize=pointer-overflow -fsanitize=signed-integer-overflow -I"/opt/R/devel-asan/lib/R/include" -DNDEBUG -Icmark -I. -DCMARK_GFM_STATIC_DEFINE -DCMARK_GFM_EXTENSIONS_STATIC_DEFINE -DR_NO_REMAP -DSTRICT_R_HEADERS  -I/usr/local/clang/include -I/usr/local/include   -fvisibility=hidden -fpic  -g -O3 -Wall -pedantic  -Wp,-D_FORTIFY_SOURCE=3  -c extensions/strikethrough.c -o extensions/strikethrough.o
clang-22 -std=gnu23 -fsanitize=address,undefined -fno-sanitize=float-divide-by-zero -fno-sanitize=alignment -fno-omit-frame-pointer -fsanitize=pointer-overflow -fsanitize=signed-integer-overflow -I"/opt/R/devel-asan/lib/R/include" -DNDEBUG -Icmark -I. -DCMARK_GFM_STATIC_DEFINE -DCMARK_GFM_EXTENSIONS_STATIC_DEFINE -DR_NO_REMAP -DSTRICT_R_HEADERS  -I/usr/local/clang/include -I/usr/local/include   -fvisibility=hidden -fpic  -g -O3 -Wall -pedantic  -Wp,-D_FORTIFY_SOURCE=3  -c extensions/table.c -o extensions/table.o
clang-22 -std=gnu23 -fsanitize=address,undefined -fno-sanitize=float-divide-by-zero -fno-sanitize=alignment -fno-omit-frame-pointer -fsanitize=pointer-overflow -fsanitize=signed-integer-overflow -I"/opt/R/devel-asan/lib/R/include" -DNDEBUG -Icmark -I. -DCMARK_GFM_STATIC_DEFINE -DCMARK_GFM_EXTENSIONS_STATIC_DEFINE -DR_NO_REMAP -DSTRICT_R_HEADERS  -I/usr/local/clang/include -I/usr/local/include   -fvisibility=hidden -fpic  -g -O3 -Wall -pedantic  -Wp,-D_FORTIFY_SOURCE=3  -c extensions/tagfilter.c -o extensions/tagfilter.o
clang-22 -std=gnu23 -fsanitize=address,undefined -fno-sanitize=float-divide-by-zero -fno-sanitize=alignment -fno-omit-frame-pointer -fsanitize=pointer-overflow -fsanitize=signed-integer-overflow -I"/opt/R/devel-asan/lib/R/include" -DNDEBUG -Icmark -I. -DCMARK_GFM_STATIC_DEFINE -DCMARK_GFM_EXTENSIONS_STATIC_DEFINE -DR_NO_REMAP -DSTRICT_R_HEADERS  -I/usr/local/clang/include -I/usr/local/include   -fvisibility=hidden -fpic  -g -O3 -Wall -pedantic  -Wp,-D_FORTIFY_SOURCE=3  -c extensions/tasklist.c -o extensions/tasklist.o
clang-22 -std=gnu23 -fsanitize=address,undefined -fno-sanitize=float-divide-by-zero -fno-sanitize=alignment -fno-omit-frame-pointer -fsanitize=pointer-overflow -fsanitize=signed-integer-overflow -shared -L/opt/R/devel-asan/lib/R/lib -L/usr/local/clang/lib -L/usr/local/lib -o commonmark.so extensions.o init.o wrapper.o -Lcmark -lstatcmark -L/opt/R/devel-asan/lib/R/lib -lR
installing to /cache/R_libs/00LOCK-commonmark/00new/commonmark/libs
** R
** byte-compile and prepare package for lazy loading
** help
*** installing help indices
** building package indices
** testing if installed package can be loaded from temporary location
** checking absolute paths in shared objects and dynamic libraries
** testing if installed package can be loaded from final location
** testing if installed package keeps a record of temporary installation path
* DONE (commonmark)
* installing *source* package ‘xfun’ ...
** this is package ‘xfun’ version ‘0.60.1’
** using staged installation
** libs
using C compiler: ‘Ubuntu clang version 22.1.6 (++20260507083440+c0262e742787-1~exp1~20260507203459.76)’
clang-22 -std=gnu23 -fsanitize=address,undefined -fno-sanitize=float-divide-by-zero -fno-sanitize=alignment -fno-omit-frame-pointer -fsanitize=pointer-overflow -fsanitize=signed-integer-overflow -I"/opt/R/devel-asan/lib/R/include" -DNDEBUG   -I/usr/local/clang/include -I/usr/local/include    -fpic  -g -O3 -Wall -pedantic  -Wp,-D_FORTIFY_SOURCE=3  -c base64.c -o base64.o
clang-22 -std=gnu23 -fsanitize=address,undefined -fno-sanitize=float-divide-by-zero -fno-sanitize=alignment -fno-omit-frame-pointer -fsanitize=pointer-overflow -fsanitize=signed-integer-overflow -I"/opt/R/devel-asan/lib/R/include" -DNDEBUG   -I/usr/local/clang/include -I/usr/local/include    -fpic  -g -O3 -Wall -pedantic  -Wp,-D_FORTIFY_SOURCE=3  -c init.c -o init.o
clang-22 -std=gnu23 -fsanitize=address,undefined -fno-sanitize=float-divide-by-zero -fno-sanitize=alignment -fno-omit-frame-pointer -fsanitize=pointer-overflow -fsanitize=signed-integer-overflow -I"/opt/R/devel-asan/lib/R/include" -DNDEBUG   -I/usr/local/clang/include -I/usr/local/include    -fpic  -g -O3 -Wall -pedantic  -Wp,-D_FORTIFY_SOURCE=3  -c rand_lcg.c -o rand_lcg.o
clang-22 -std=gnu23 -fsanitize=address,undefined -fno-sanitize=float-divide-by-zero -fno-sanitize=alignment -fno-omit-frame-pointer -fsanitize=pointer-overflow -fsanitize=signed-integer-overflow -shared -L/opt/R/devel-asan/lib/R/lib -L/usr/local/clang/lib -L/usr/local/lib -o xfun.so base64.o init.o rand_lcg.o -L/opt/R/devel-asan/lib/R/lib -lR
installing to /cache/R_libs/00LOCK-xfun/00new/xfun/libs
** R
** inst
** byte-compile and prepare package for lazy loading
** help
*** installing help indices
** building package indices
** installing vignettes
** testing if installed package can be loaded from temporary location
** checking absolute paths in shared objects and dynamic libraries
** testing if installed package can be loaded from final location
** testing if installed package keeps a record of temporary installation path
* DONE (xfun)
* installing *source* package ‘tinytest’ ...
** this is package ‘tinytest’ version ‘1.4.3’
** package ‘tinytest’ successfully unpacked and MD5 sums checked
** using staged installation
** R
** inst
** byte-compile and prepare package for lazy loading
** help
*** installing help indices
** building package indices
** installing vignettes
** testing if installed package can be loaded from temporary location
** testing if installed package can be loaded from final location
** testing if installed package keeps a record of temporary installation path
* DONE (tinytest)
* installing *source* package ‘rbibutils’ ...
** this is package ‘rbibutils’ version ‘2.4.1’
** package ‘rbibutils’ successfully unpacked and MD5 sums checked
** using staged installation
** libs
using C compiler: ‘Ubuntu clang version 22.1.6 (++20260507083440+c0262e742787-1~exp1~20260507203459.76)’
clang-22 -std=gnu23 -fsanitize=address,undefined -fno-sanitize=float-divide-by-zero -fno-sanitize=alignment -fno-omit-frame-pointer -fsanitize=pointer-overflow -fsanitize=signed-integer-overflow -I"/opt/R/devel-asan/lib/R/include" -DNDEBUG   -I/usr/local/clang/include -I/usr/local/include    -fpic  -g -O3 -Wall -pedantic  -Wp,-D_FORTIFY_SOURCE=3  -c adsout.c -o adsout.o
clang-22 -std=gnu23 -fsanitize=address,undefined -fno-sanitize=float-divide-by-zero -fno-sanitize=alignment -fno-omit-frame-pointer -fsanitize=pointer-overflow -fsanitize=signed-integer-overflow -I"/opt/R/devel-asan/lib/R/include" -DNDEBUG   -I/usr/local/clang/include -I/usr/local/include    -fpic  -g -O3 -Wall -pedantic  -Wp,-D_FORTIFY_SOURCE=3  -c any2xml.c -o any2xml.o
clang-22 -std=gnu23 -fsanitize=address,undefined -fno-sanitize=float-divide-by-zero -fno-sanitize=alignment -fno-omit-frame-pointer -fsanitize=pointer-overflow -fsanitize=signed-integer-overflow -I"/opt/R/devel-asan/lib/R/include" -DNDEBUG   -I/usr/local/clang/include -I/usr/local/include    -fpic  -g -O3 -Wall -pedantic  -Wp,-D_FORTIFY_SOURCE=3  -c args.c -o args.o
clang-22 -std=gnu23 -fsanitize=address,undefined -fno-sanitize=float-divide-by-zero -fno-sanitize=alignment -fno-omit-frame-pointer -fsanitize=pointer-overflow -fsanitize=signed-integer-overflow -I"/opt/R/devel-asan/lib/R/include" -DNDEBUG   -I/usr/local/clang/include -I/usr/local/include    -fpic  -g -O3 -Wall -pedantic  -Wp,-D_FORTIFY_SOURCE=3  -c bib2be.c -o bib2be.o
clang-22 -std=gnu23 -fsanitize=address,undefined -fno-sanitize=float-divide-by-zero -fno-sanitize=alignment -fno-omit-frame-pointer -fsanitize=pointer-overflow -fsanitize=signed-integer-overflow -I"/opt/R/devel-asan/lib/R/include" -DNDEBUG   -I/usr/local/clang/include -I/usr/local/include    -fpic  -g -O3 -Wall -pedantic  -Wp,-D_FORTIFY_SOURCE=3  -c bibcore.c -o bibcore.o
clang-22 -std=gnu23 -fsanitize=address,undefined -fno-sanitize=float-divide-by-zero -fno-sanitize=alignment -fno-omit-frame-pointer -fsanitize=pointer-overflow -fsanitize=signed-integer-overflow -I"/opt/R/devel-asan/lib/R/include" -DNDEBUG   -I/usr/local/clang/include -I/usr/local/include    -fpic  -g -O3 -Wall -pedantic  -Wp,-D_FORTIFY_SOURCE=3  -c bibentrydirectout.c -o bibentrydirectout.o
clang-22 -std=gnu23 -fsanitize=address,undefined -fno-sanitize=float-divide-by-zero -fno-sanitize=alignment -fno-omit-frame-pointer -fsanitize=pointer-overflow -fsanitize=signed-integer-overflow -I"/opt/R/devel-asan/lib/R/include" -DNDEBUG   -I/usr/local/clang/include -I/usr/local/include    -fpic  -g -O3 -Wall -pedantic  -Wp,-D_FORTIFY_SOURCE=3  -c bibentryout.c -o bibentryout.o
clang-22 -std=gnu23 -fsanitize=address,undefined -fno-sanitize=float-divide-by-zero -fno-sanitize=alignment -fno-omit-frame-pointer -fsanitize=pointer-overflow -fsanitize=signed-integer-overflow -I"/opt/R/devel-asan/lib/R/include" -DNDEBUG   -I/usr/local/clang/include -I/usr/local/include    -fpic  -g -O3 -Wall -pedantic  -Wp,-D_FORTIFY_SOURCE=3  -c bibl.c -o bibl.o
clang-22 -std=gnu23 -fsanitize=address,undefined -fno-sanitize=float-divide-by-zero -fno-sanitize=alignment -fno-omit-frame-pointer -fsanitize=pointer-overflow -fsanitize=signed-integer-overflow -I"/opt/R/devel-asan/lib/R/include" -DNDEBUG   -I/usr/local/clang/include -I/usr/local/include    -fpic  -g -O3 -Wall -pedantic  -Wp,-D_FORTIFY_SOURCE=3  -c biblatexin.c -o biblatexin.o
clang-22 -std=gnu23 -fsanitize=address,undefined -fno-sanitize=float-divide-by-zero -fno-sanitize=alignment -fno-omit-frame-pointer -fsanitize=pointer-overflow -fsanitize=signed-integer-overflow -I"/opt/R/devel-asan/lib/R/include" -DNDEBUG   -I/usr/local/clang/include -I/usr/local/include    -fpic  -g -O3 -Wall -pedantic  -Wp,-D_FORTIFY_SOURCE=3  -c biblatexout.c -o biblatexout.o
clang-22 -std=gnu23 -fsanitize=address,undefined -fno-sanitize=float-divide-by-zero -fno-sanitize=alignment -fno-omit-frame-pointer -fsanitize=pointer-overflow -fsanitize=signed-integer-overflow -I"/opt/R/devel-asan/lib/R/include" -DNDEBUG   -I/usr/local/clang/include -I/usr/local/include    -fpic  -g -O3 -Wall -pedantic  -Wp,-D_FORTIFY_SOURCE=3  -c bibprog.c -o bibprog.o
clang-22 -std=gnu23 -fsanitize=address,undefined -fno-sanitize=float-divide-by-zero -fno-sanitize=alignment -fno-omit-frame-pointer -fsanitize=pointer-overflow -fsanitize=signed-integer-overflow -I"/opt/R/devel-asan/lib/R/include" -DNDEBUG   -I/usr/local/clang/include -I/usr/local/include    -fpic  -g -O3 -Wall -pedantic  -Wp,-D_FORTIFY_SOURCE=3  -c bibtexdirectin.c -o bibtexdirectin.o
clang-22 -std=gnu23 -fsanitize=address,undefined -fno-sanitize=float-divide-by-zero -fno-sanitize=alignment -fno-omit-frame-pointer -fsanitize=pointer-overflow -fsanitize=signed-integer-overflow -I"/opt/R/devel-asan/lib/R/include" -DNDEBUG   -I/usr/local/clang/include -I/usr/local/include    -fpic  -g -O3 -Wall -pedantic  -Wp,-D_FORTIFY_SOURCE=3  -c bibtexin.c -o bibtexin.o
clang-22 -std=gnu23 -fsanitize=address,undefined -fno-sanitize=float-divide-by-zero -fno-sanitize=alignment -fno-omit-frame-pointer -fsanitize=pointer-overflow -fsanitize=signed-integer-overflow -I"/opt/R/devel-asan/lib/R/include" -DNDEBUG   -I/usr/local/clang/include -I/usr/local/include    -fpic  -g -O3 -Wall -pedantic  -Wp,-D_FORTIFY_SOURCE=3  -c bibtexout.c -o bibtexout.o
clang-22 -std=gnu23 -fsanitize=address,undefined -fno-sanitize=float-divide-by-zero -fno-sanitize=alignment -fno-omit-frame-pointer -fsanitize=pointer-overflow -fsanitize=signed-integer-overflow -I"/opt/R/devel-asan/lib/R/include" -DNDEBUG   -I/usr/local/clang/include -I/usr/local/include    -fpic  -g -O3 -Wall -pedantic  -Wp,-D_FORTIFY_SOURCE=3  -c bibtextypes.c -o bibtextypes.o
clang-22 -std=gnu23 -fsanitize=address,undefined -fno-sanitize=float-divide-by-zero -fno-sanitize=alignment -fno-omit-frame-pointer -fsanitize=pointer-overflow -fsanitize=signed-integer-overflow -I"/opt/R/devel-asan/lib/R/include" -DNDEBUG   -I/usr/local/clang/include -I/usr/local/include    -fpic  -g -O3 -Wall -pedantic  -Wp,-D_FORTIFY_SOURCE=3  -c bibutils.c -o bibutils.o
clang-22 -std=gnu23 -fsanitize=address,undefined -fno-sanitize=float-divide-by-zero -fno-sanitize=alignment -fno-omit-frame-pointer -fsanitize=pointer-overflow -fsanitize=signed-integer-overflow -I"/opt/R/devel-asan/lib/R/include" -DNDEBUG   -I/usr/local/clang/include -I/usr/local/include    -fpic  -g -O3 -Wall -pedantic  -Wp,-D_FORTIFY_SOURCE=3  -c bltypes.c -o bltypes.o
clang-22 -std=gnu23 -fsanitize=address,undefined -fno-sanitize=float-divide-by-zero -fno-sanitize=alignment -fno-omit-frame-pointer -fsanitize=pointer-overflow -fsanitize=signed-integer-overflow -I"/opt/R/devel-asan/lib/R/include" -DNDEBUG   -I/usr/local/clang/include -I/usr/local/include    -fpic  -g -O3 -Wall -pedantic  -Wp,-D_FORTIFY_SOURCE=3  -c bu_auth.c -o bu_auth.o
clang-22 -std=gnu23 -fsanitize=address,undefined -fno-sanitize=float-divide-by-zero -fno-sanitize=alignment -fno-omit-frame-pointer -fsanitize=pointer-overflow -fsanitize=signed-integer-overflow -I"/opt/R/devel-asan/lib/R/include" -DNDEBUG   -I/usr/local/clang/include -I/usr/local/include    -fpic  -g -O3 -Wall -pedantic  -Wp,-D_FORTIFY_SOURCE=3  -c charsets.c -o charsets.o
clang-22 -std=gnu23 -fsanitize=address,undefined -fno-sanitize=float-divide-by-zero -fno-sanitize=alignment -fno-omit-frame-pointer -fsanitize=pointer-overflow -fsanitize=signed-integer-overflow -I"/opt/R/devel-asan/lib/R/include" -DNDEBUG   -I/usr/local/clang/include -I/usr/local/include    -fpic  -g -O3 -Wall -pedantic  -Wp,-D_FORTIFY_SOURCE=3  -c common_be_bed.c -o common_be_bed.o
common_be_bed.c:36:17: warning: variable 'nch' set but not used [-Wunused-but-set-variable]
   36 |         int nseps = 0, nch;
      |                        ^
1 warning generated.
clang-22 -std=gnu23 -fsanitize=address,undefined -fno-sanitize=float-divide-by-zero -fno-sanitize=alignment -fno-omit-frame-pointer -fsanitize=pointer-overflow -fsanitize=signed-integer-overflow -I"/opt/R/devel-asan/lib/R/include" -DNDEBUG   -I/usr/local/clang/include -I/usr/local/include    -fpic  -g -O3 -Wall -pedantic  -Wp,-D_FORTIFY_SOURCE=3  -c common_bt_blt_btd_out.c -o common_bt_blt_btd_out.o
clang-22 -std=gnu23 -fsanitize=address,undefined -fno-sanitize=float-divide-by-zero -fno-sanitize=alignment -fno-omit-frame-pointer -fsanitize=pointer-overflow -fsanitize=signed-integer-overflow -I"/opt/R/devel-asan/lib/R/include" -DNDEBUG   -I/usr/local/clang/include -I/usr/local/include    -fpic  -g -O3 -Wall -pedantic  -Wp,-D_FORTIFY_SOURCE=3  -c common_bt_btd.c -o common_bt_btd.o
clang-22 -std=gnu23 -fsanitize=address,undefined -fno-sanitize=float-divide-by-zero -fno-sanitize=alignment -fno-omit-frame-pointer -fsanitize=pointer-overflow -fsanitize=signed-integer-overflow -I"/opt/R/devel-asan/lib/R/include" -DNDEBUG   -I/usr/local/clang/include -I/usr/local/include    -fpic  -g -O3 -Wall -pedantic  -Wp,-D_FORTIFY_SOURCE=3  -c common_bt_btd_blt.c -o common_bt_btd_blt.o
clang-22 -std=gnu23 -fsanitize=address,undefined -fno-sanitize=float-divide-by-zero -fno-sanitize=alignment -fno-omit-frame-pointer -fsanitize=pointer-overflow -fsanitize=signed-integer-overflow -I"/opt/R/devel-asan/lib/R/include" -DNDEBUG   -I/usr/local/clang/include -I/usr/local/include    -fpic  -g -O3 -Wall -pedantic  -Wp,-D_FORTIFY_SOURCE=3  -c common_bt_btd_out.c -o common_bt_btd_out.o
clang-22 -std=gnu23 -fsanitize=address,undefined -fno-sanitize=float-divide-by-zero -fno-sanitize=alignment -fno-omit-frame-pointer -fsanitize=pointer-overflow -fsanitize=signed-integer-overflow -I"/opt/R/devel-asan/lib/R/include" -DNDEBUG   -I/usr/local/clang/include -I/usr/local/include    -fpic  -g -O3 -Wall -pedantic  -Wp,-D_FORTIFY_SOURCE=3  -c common_most.c -o common_most.o
clang-22 -std=gnu23 -fsanitize=address,undefined -fno-sanitize=float-divide-by-zero -fno-sanitize=alignment -fno-omit-frame-pointer -fsanitize=pointer-overflow -fsanitize=signed-integer-overflow -I"/opt/R/devel-asan/lib/R/include" -DNDEBUG   -I/usr/local/clang/include -I/usr/local/include    -fpic  -g -O3 -Wall -pedantic  -Wp,-D_FORTIFY_SOURCE=3  -c copacin.c -o copacin.o
clang-22 -std=gnu23 -fsanitize=address,undefined -fno-sanitize=float-divide-by-zero -fno-sanitize=alignment -fno-omit-frame-pointer -fsanitize=pointer-overflow -fsanitize=signed-integer-overflow -I"/opt/R/devel-asan/lib/R/include" -DNDEBUG   -I/usr/local/clang/include -I/usr/local/include    -fpic  -g -O3 -Wall -pedantic  -Wp,-D_FORTIFY_SOURCE=3  -c copactypes.c -o copactypes.o
clang-22 -std=gnu23 -fsanitize=address,undefined -fno-sanitize=float-divide-by-zero -fno-sanitize=alignment -fno-omit-frame-pointer -fsanitize=pointer-overflow -fsanitize=signed-integer-overflow -I"/opt/R/devel-asan/lib/R/include" -DNDEBUG   -I/usr/local/clang/include -I/usr/local/include    -fpic  -g -O3 -Wall -pedantic  -Wp,-D_FORTIFY_SOURCE=3  -c ebiin.c -o ebiin.o
clang-22 -std=gnu23 -fsanitize=address,undefined -fno-sanitize=float-divide-by-zero -fno-sanitize=alignment -fno-omit-frame-pointer -fsanitize=pointer-overflow -fsanitize=signed-integer-overflow -I"/opt/R/devel-asan/lib/R/include" -DNDEBUG   -I/usr/local/clang/include -I/usr/local/include    -fpic  -g -O3 -Wall -pedantic  -Wp,-D_FORTIFY_SOURCE=3  -c endin.c -o endin.o
clang-22 -std=gnu23 -fsanitize=address,undefined -fno-sanitize=float-divide-by-zero -fno-sanitize=alignment -fno-omit-frame-pointer -fsanitize=pointer-overflow -fsanitize=signed-integer-overflow -I"/opt/R/devel-asan/lib/R/include" -DNDEBUG   -I/usr/local/clang/include -I/usr/local/include    -fpic  -g -O3 -Wall -pedantic  -Wp,-D_FORTIFY_SOURCE=3  -c endout.c -o endout.o
clang-22 -std=gnu23 -fsanitize=address,undefined -fno-sanitize=float-divide-by-zero -fno-sanitize=alignment -fno-omit-frame-pointer -fsanitize=pointer-overflow -fsanitize=signed-integer-overflow -I"/opt/R/devel-asan/lib/R/include" -DNDEBUG   -I/usr/local/clang/include -I/usr/local/include    -fpic  -g -O3 -Wall -pedantic  -Wp,-D_FORTIFY_SOURCE=3  -c endtypes.c -o endtypes.o
clang-22 -std=gnu23 -fsanitize=address,undefined -fno-sanitize=float-divide-by-zero -fno-sanitize=alignment -fno-omit-frame-pointer -fsanitize=pointer-overflow -fsanitize=signed-integer-overflow -I"/opt/R/devel-asan/lib/R/include" -DNDEBUG   -I/usr/local/clang/include -I/usr/local/include    -fpic  -g -O3 -Wall -pedantic  -Wp,-D_FORTIFY_SOURCE=3  -c endxmlin.c -o endxmlin.o
clang-22 -std=gnu23 -fsanitize=address,undefined -fno-sanitize=float-divide-by-zero -fno-sanitize=alignment -fno-omit-frame-pointer -fsanitize=pointer-overflow -fsanitize=signed-integer-overflow -I"/opt/R/devel-asan/lib/R/include" -DNDEBUG   -I/usr/local/clang/include -I/usr/local/include    -fpic  -g -O3 -Wall -pedantic  -Wp,-D_FORTIFY_SOURCE=3  -c entities.c -o entities.o
clang-22 -std=gnu23 -fsanitize=address,undefined -fno-sanitize=float-divide-by-zero -fno-sanitize=alignment -fno-omit-frame-pointer -fsanitize=pointer-overflow -fsanitize=signed-integer-overflow -I"/opt/R/devel-asan/lib/R/include" -DNDEBUG   -I/usr/local/clang/include -I/usr/local/include    -fpic  -g -O3 -Wall -pedantic  -Wp,-D_FORTIFY_SOURCE=3  -c fields.c -o fields.o
clang-22 -std=gnu23 -fsanitize=address,undefined -fno-sanitize=float-divide-by-zero -fno-sanitize=alignment -fno-omit-frame-pointer -fsanitize=pointer-overflow -fsanitize=signed-integer-overflow -I"/opt/R/devel-asan/lib/R/include" -DNDEBUG   -I/usr/local/clang/include -I/usr/local/include    -fpic  -g -O3 -Wall -pedantic  -Wp,-D_FORTIFY_SOURCE=3  -c gb18030.c -o gb18030.o
clang-22 -std=gnu23 -fsanitize=address,undefined -fno-sanitize=float-divide-by-zero -fno-sanitize=alignment -fno-omit-frame-pointer -fsanitize=pointer-overflow -fsanitize=signed-integer-overflow -I"/opt/R/devel-asan/lib/R/include" -DNDEBUG   -I/usr/local/clang/include -I/usr/local/include    -fpic  -g -O3 -Wall -pedantic  -Wp,-D_FORTIFY_SOURCE=3  -c generic.c -o generic.o
clang-22 -std=gnu23 -fsanitize=address,undefined -fno-sanitize=float-divide-by-zero -fno-sanitize=alignment -fno-omit-frame-pointer -fsanitize=pointer-overflow -fsanitize=signed-integer-overflow -I"/opt/R/devel-asan/lib/R/include" -DNDEBUG   -I/usr/local/clang/include -I/usr/local/include    -fpic  -g -O3 -Wall -pedantic  -Wp,-D_FORTIFY_SOURCE=3  -c init.c -o init.o
clang-22 -std=gnu23 -fsanitize=address,undefined -fno-sanitize=float-divide-by-zero -fno-sanitize=alignment -fno-omit-frame-pointer -fsanitize=pointer-overflow -fsanitize=signed-integer-overflow -I"/opt/R/devel-asan/lib/R/include" -DNDEBUG   -I/usr/local/clang/include -I/usr/local/include    -fpic  -g -O3 -Wall -pedantic  -Wp,-D_FORTIFY_SOURCE=3  -c intlist.c -o intlist.o
intlist.c:27:1: warning: unused function 'intlist_validn' [-Wunused-function]
   27 | intlist_validn( intlist *il, int n )
      | ^~~~~~~~~~~~~~
1 warning generated.
clang-22 -std=gnu23 -fsanitize=address,undefined -fno-sanitize=float-divide-by-zero -fno-sanitize=alignment -fno-omit-frame-pointer -fsanitize=pointer-overflow -fsanitize=signed-integer-overflow -I"/opt/R/devel-asan/lib/R/include" -DNDEBUG   -I/usr/local/clang/include -I/usr/local/include    -fpic  -g -O3 -Wall -pedantic  -Wp,-D_FORTIFY_SOURCE=3  -c is_ws.c -o is_ws.o
clang-22 -std=gnu23 -fsanitize=address,undefined -fno-sanitize=float-divide-by-zero -fno-sanitize=alignment -fno-omit-frame-pointer -fsanitize=pointer-overflow -fsanitize=signed-integer-overflow -I"/opt/R/devel-asan/lib/R/include" -DNDEBUG   -I/usr/local/clang/include -I/usr/local/include    -fpic  -g -O3 -Wall -pedantic  -Wp,-D_FORTIFY_SOURCE=3  -c isiin.c -o isiin.o
clang-22 -std=gnu23 -fsanitize=address,undefined -fno-sanitize=float-divide-by-zero -fno-sanitize=alignment -fno-omit-frame-pointer -fsanitize=pointer-overflow -fsanitize=signed-integer-overflow -I"/opt/R/devel-asan/lib/R/include" -DNDEBUG   -I/usr/local/clang/include -I/usr/local/include    -fpic  -g -O3 -Wall -pedantic  -Wp,-D_FORTIFY_SOURCE=3  -c isiout.c -o isiout.o
clang-22 -std=gnu23 -fsanitize=address,undefined -fno-sanitize=float-divide-by-zero -fno-sanitize=alignment -fno-omit-frame-pointer -fsanitize=pointer-overflow -fsanitize=signed-integer-overflow -I"/opt/R/devel-asan/lib/R/include" -DNDEBUG   -I/usr/local/clang/include -I/usr/local/include    -fpic  -g -O3 -Wall -pedantic  -Wp,-D_FORTIFY_SOURCE=3  -c isitypes.c -o isitypes.o
clang-22 -std=gnu23 -fsanitize=address,undefined -fno-sanitize=float-divide-by-zero -fno-sanitize=alignment -fno-omit-frame-pointer -fsanitize=pointer-overflow -fsanitize=signed-integer-overflow -I"/opt/R/devel-asan/lib/R/include" -DNDEBUG   -I/usr/local/clang/include -I/usr/local/include    -fpic  -g -O3 -Wall -pedantic  -Wp,-D_FORTIFY_SOURCE=3  -c iso639_1.c -o iso639_1.o
clang-22 -std=gnu23 -fsanitize=address,undefined -fno-sanitize=float-divide-by-zero -fno-sanitize=alignment -fno-omit-frame-pointer -fsanitize=pointer-overflow -fsanitize=signed-integer-overflow -I"/opt/R/devel-asan/lib/R/include" -DNDEBUG   -I/usr/local/clang/include -I/usr/local/include    -fpic  -g -O3 -Wall -pedantic  -Wp,-D_FORTIFY_SOURCE=3  -c iso639_2.c -o iso639_2.o
clang-22 -std=gnu23 -fsanitize=address,undefined -fno-sanitize=float-divide-by-zero -fno-sanitize=alignment -fno-omit-frame-pointer -fsanitize=pointer-overflow -fsanitize=signed-integer-overflow -I"/opt/R/devel-asan/lib/R/include" -DNDEBUG   -I/usr/local/clang/include -I/usr/local/include    -fpic  -g -O3 -Wall -pedantic  -Wp,-D_FORTIFY_SOURCE=3  -c iso639_3.c -o iso639_3.o
clang-22 -std=gnu23 -fsanitize=address,undefined -fno-sanitize=float-divide-by-zero -fno-sanitize=alignment -fno-omit-frame-pointer -fsanitize=pointer-overflow -fsanitize=signed-integer-overflow -I"/opt/R/devel-asan/lib/R/include" -DNDEBUG   -I/usr/local/clang/include -I/usr/local/include    -fpic  -g -O3 -Wall -pedantic  -Wp,-D_FORTIFY_SOURCE=3  -c latex.c -o latex.o
clang-22 -std=gnu23 -fsanitize=address,undefined -fno-sanitize=float-divide-by-zero -fno-sanitize=alignment -fno-omit-frame-pointer -fsanitize=pointer-overflow -fsanitize=signed-integer-overflow -I"/opt/R/devel-asan/lib/R/include" -DNDEBUG   -I/usr/local/clang/include -I/usr/local/include    -fpic  -g -O3 -Wall -pedantic  -Wp,-D_FORTIFY_SOURCE=3  -c latex_parse.c -o latex_parse.o
clang-22 -std=gnu23 -fsanitize=address,undefined -fno-sanitize=float-divide-by-zero -fno-sanitize=alignment -fno-omit-frame-pointer -fsanitize=pointer-overflow -fsanitize=signed-integer-overflow -I"/opt/R/devel-asan/lib/R/include" -DNDEBUG   -I/usr/local/clang/include -I/usr/local/include    -fpic  -g -O3 -Wall -pedantic  -Wp,-D_FORTIFY_SOURCE=3  -c marc_auth.c -o marc_auth.o
clang-22 -std=gnu23 -fsanitize=address,undefined -fno-sanitize=float-divide-by-zero -fno-sanitize=alignment -fno-omit-frame-pointer -fsanitize=pointer-overflow -fsanitize=signed-integer-overflow -I"/opt/R/devel-asan/lib/R/include" -DNDEBUG   -I/usr/local/clang/include -I/usr/local/include    -fpic  -g -O3 -Wall -pedantic  -Wp,-D_FORTIFY_SOURCE=3  -c medin.c -o medin.o
clang-22 -std=gnu23 -fsanitize=address,undefined -fno-sanitize=float-divide-by-zero -fno-sanitize=alignment -fno-omit-frame-pointer -fsanitize=pointer-overflow -fsanitize=signed-integer-overflow -I"/opt/R/devel-asan/lib/R/include" -DNDEBUG   -I/usr/local/clang/include -I/usr/local/include    -fpic  -g -O3 -Wall -pedantic  -Wp,-D_FORTIFY_SOURCE=3  -c modsin.c -o modsin.o
clang-22 -std=gnu23 -fsanitize=address,undefined -fno-sanitize=float-divide-by-zero -fno-sanitize=alignment -fno-omit-frame-pointer -fsanitize=pointer-overflow -fsanitize=signed-integer-overflow -I"/opt/R/devel-asan/lib/R/include" -DNDEBUG   -I/usr/local/clang/include -I/usr/local/include    -fpic  -g -O3 -Wall -pedantic  -Wp,-D_FORTIFY_SOURCE=3  -c modsout.c -o modsout.o
clang-22 -std=gnu23 -fsanitize=address,undefined -fno-sanitize=float-divide-by-zero -fno-sanitize=alignment -fno-omit-frame-pointer -fsanitize=pointer-overflow -fsanitize=signed-integer-overflow -I"/opt/R/devel-asan/lib/R/include" -DNDEBUG   -I/usr/local/clang/include -I/usr/local/include    -fpic  -g -O3 -Wall -pedantic  -Wp,-D_FORTIFY_SOURCE=3  -c modstypes.c -o modstypes.o
clang-22 -std=gnu23 -fsanitize=address,undefined -fno-sanitize=float-divide-by-zero -fno-sanitize=alignment -fno-omit-frame-pointer -fsanitize=pointer-overflow -fsanitize=signed-integer-overflow -I"/opt/R/devel-asan/lib/R/include" -DNDEBUG   -I/usr/local/clang/include -I/usr/local/include    -fpic  -g -O3 -Wall -pedantic  -Wp,-D_FORTIFY_SOURCE=3  -c name.c -o name.o
clang-22 -std=gnu23 -fsanitize=address,undefined -fno-sanitize=float-divide-by-zero -fno-sanitize=alignment -fno-omit-frame-pointer -fsanitize=pointer-overflow -fsanitize=signed-integer-overflow -I"/opt/R/devel-asan/lib/R/include" -DNDEBUG   -I/usr/local/clang/include -I/usr/local/include    -fpic  -g -O3 -Wall -pedantic  -Wp,-D_FORTIFY_SOURCE=3  -c nbibin.c -o nbibin.o
clang-22 -std=gnu23 -fsanitize=address,undefined -fno-sanitize=float-divide-by-zero -fno-sanitize=alignment -fno-omit-frame-pointer -fsanitize=pointer-overflow -fsanitize=signed-integer-overflow -I"/opt/R/devel-asan/lib/R/include" -DNDEBUG   -I/usr/local/clang/include -I/usr/local/include    -fpic  -g -O3 -Wall -pedantic  -Wp,-D_FORTIFY_SOURCE=3  -c nbibout.c -o nbibout.o
clang-22 -std=gnu23 -fsanitize=address,undefined -fno-sanitize=float-divide-by-zero -fno-sanitize=alignment -fno-omit-frame-pointer -fsanitize=pointer-overflow -fsanitize=signed-integer-overflow -I"/opt/R/devel-asan/lib/R/include" -DNDEBUG   -I/usr/local/clang/include -I/usr/local/include    -fpic  -g -O3 -Wall -pedantic  -Wp,-D_FORTIFY_SOURCE=3  -c nbibtypes.c -o nbibtypes.o
clang-22 -std=gnu23 -fsanitize=address,undefined -fno-sanitize=float-divide-by-zero -fno-sanitize=alignment -fno-omit-frame-pointer -fsanitize=pointer-overflow -fsanitize=signed-integer-overflow -I"/opt/R/devel-asan/lib/R/include" -DNDEBUG   -I/usr/local/clang/include -I/usr/local/include    -fpic  -g -O3 -Wall -pedantic  -Wp,-D_FORTIFY_SOURCE=3  -c notes.c -o notes.o
clang-22 -std=gnu23 -fsanitize=address,undefined -fno-sanitize=float-divide-by-zero -fno-sanitize=alignment -fno-omit-frame-pointer -fsanitize=pointer-overflow -fsanitize=signed-integer-overflow -I"/opt/R/devel-asan/lib/R/include" -DNDEBUG   -I/usr/local/clang/include -I/usr/local/include    -fpic  -g -O3 -Wall -pedantic  -Wp,-D_FORTIFY_SOURCE=3  -c pages.c -o pages.o
clang-22 -std=gnu23 -fsanitize=address,undefined -fno-sanitize=float-divide-by-zero -fno-sanitize=alignment -fno-omit-frame-pointer -fsanitize=pointer-overflow -fsanitize=signed-integer-overflow -I"/opt/R/devel-asan/lib/R/include" -DNDEBUG   -I/usr/local/clang/include -I/usr/local/include    -fpic  -g -O3 -Wall -pedantic  -Wp,-D_FORTIFY_SOURCE=3  -c reftypes.c -o reftypes.o
clang-22 -std=gnu23 -fsanitize=address,undefined -fno-sanitize=float-divide-by-zero -fno-sanitize=alignment -fno-omit-frame-pointer -fsanitize=pointer-overflow -fsanitize=signed-integer-overflow -I"/opt/R/devel-asan/lib/R/include" -DNDEBUG   -I/usr/local/clang/include -I/usr/local/include    -fpic  -g -O3 -Wall -pedantic  -Wp,-D_FORTIFY_SOURCE=3  -c risin.c -o risin.o
clang-22 -std=gnu23 -fsanitize=address,undefined -fno-sanitize=float-divide-by-zero -fno-sanitize=alignment -fno-omit-frame-pointer -fsanitize=pointer-overflow -fsanitize=signed-integer-overflow -I"/opt/R/devel-asan/lib/R/include" -DNDEBUG   -I/usr/local/clang/include -I/usr/local/include    -fpic  -g -O3 -Wall -pedantic  -Wp,-D_FORTIFY_SOURCE=3  -c risout.c -o risout.o
clang-22 -std=gnu23 -fsanitize=address,undefined -fno-sanitize=float-divide-by-zero -fno-sanitize=alignment -fno-omit-frame-pointer -fsanitize=pointer-overflow -fsanitize=signed-integer-overflow -I"/opt/R/devel-asan/lib/R/include" -DNDEBUG   -I/usr/local/clang/include -I/usr/local/include    -fpic  -g -O3 -Wall -pedantic  -Wp,-D_FORTIFY_SOURCE=3  -c ristypes.c -o ristypes.o
clang-22 -std=gnu23 -fsanitize=address,undefined -fno-sanitize=float-divide-by-zero -fno-sanitize=alignment -fno-omit-frame-pointer -fsanitize=pointer-overflow -fsanitize=signed-integer-overflow -I"/opt/R/devel-asan/lib/R/include" -DNDEBUG   -I/usr/local/clang/include -I/usr/local/include    -fpic  -g -O3 -Wall -pedantic  -Wp,-D_FORTIFY_SOURCE=3  -c serialno.c -o serialno.o
clang-22 -std=gnu23 -fsanitize=address,undefined -fno-sanitize=float-divide-by-zero -fno-sanitize=alignment -fno-omit-frame-pointer -fsanitize=pointer-overflow -fsanitize=signed-integer-overflow -I"/opt/R/devel-asan/lib/R/include" -DNDEBUG   -I/usr/local/clang/include -I/usr/local/include    -fpic  -g -O3 -Wall -pedantic  -Wp,-D_FORTIFY_SOURCE=3  -c slist.c -o slist.o
clang-22 -std=gnu23 -fsanitize=address,undefined -fno-sanitize=float-divide-by-zero -fno-sanitize=alignment -fno-omit-frame-pointer -fsanitize=pointer-overflow -fsanitize=signed-integer-overflow -I"/opt/R/devel-asan/lib/R/include" -DNDEBUG   -I/usr/local/clang/include -I/usr/local/include    -fpic  -g -O3 -Wall -pedantic  -Wp,-D_FORTIFY_SOURCE=3  -c str.c -o str.o
clang-22 -std=gnu23 -fsanitize=address,undefined -fno-sanitize=float-divide-by-zero -fno-sanitize=alignment -fno-omit-frame-pointer -fsanitize=pointer-overflow -fsanitize=signed-integer-overflow -I"/opt/R/devel-asan/lib/R/include" -DNDEBUG   -I/usr/local/clang/include -I/usr/local/include    -fpic  -g -O3 -Wall -pedantic  -Wp,-D_FORTIFY_SOURCE=3  -c str_conv.c -o str_conv.o
clang-22 -std=gnu23 -fsanitize=address,undefined -fno-sanitize=float-divide-by-zero -fno-sanitize=alignment -fno-omit-frame-pointer -fsanitize=pointer-overflow -fsanitize=signed-integer-overflow -I"/opt/R/devel-asan/lib/R/include" -DNDEBUG   -I/usr/local/clang/include -I/usr/local/include    -fpic  -g -O3 -Wall -pedantic  -Wp,-D_FORTIFY_SOURCE=3  -c strsearch.c -o strsearch.o
clang-22 -std=gnu23 -fsanitize=address,undefined -fno-sanitize=float-divide-by-zero -fno-sanitize=alignment -fno-omit-frame-pointer -fsanitize=pointer-overflow -fsanitize=signed-integer-overflow -I"/opt/R/devel-asan/lib/R/include" -DNDEBUG   -I/usr/local/clang/include -I/usr/local/include    -fpic  -g -O3 -Wall -pedantic  -Wp,-D_FORTIFY_SOURCE=3  -c title.c -o title.o
clang-22 -std=gnu23 -fsanitize=address,undefined -fno-sanitize=float-divide-by-zero -fno-sanitize=alignment -fno-omit-frame-pointer -fsanitize=pointer-overflow -fsanitize=signed-integer-overflow -I"/opt/R/devel-asan/lib/R/include" -DNDEBUG   -I/usr/local/clang/include -I/usr/local/include    -fpic  -g -O3 -Wall -pedantic  -Wp,-D_FORTIFY_SOURCE=3  -c tomods.c -o tomods.o
clang-22 -std=gnu23 -fsanitize=address,undefined -fno-sanitize=float-divide-by-zero -fno-sanitize=alignment -fno-omit-frame-pointer -fsanitize=pointer-overflow -fsanitize=signed-integer-overflow -I"/opt/R/devel-asan/lib/R/include" -DNDEBUG   -I/usr/local/clang/include -I/usr/local/include    -fpic  -g -O3 -Wall -pedantic  -Wp,-D_FORTIFY_SOURCE=3  -c type.c -o type.o
clang-22 -std=gnu23 -fsanitize=address,undefined -fno-sanitize=float-divide-by-zero -fno-sanitize=alignment -fno-omit-frame-pointer -fsanitize=pointer-overflow -fsanitize=signed-integer-overflow -I"/opt/R/devel-asan/lib/R/include" -DNDEBUG   -I/usr/local/clang/include -I/usr/local/include    -fpic  -g -O3 -Wall -pedantic  -Wp,-D_FORTIFY_SOURCE=3  -c unicode.c -o unicode.o
clang-22 -std=gnu23 -fsanitize=address,undefined -fno-sanitize=float-divide-by-zero -fno-sanitize=alignment -fno-omit-frame-pointer -fsanitize=pointer-overflow -fsanitize=signed-integer-overflow -I"/opt/R/devel-asan/lib/R/include" -DNDEBUG   -I/usr/local/clang/include -I/usr/local/include    -fpic  -g -O3 -Wall -pedantic  -Wp,-D_FORTIFY_SOURCE=3  -c url.c -o url.o
clang-22 -std=gnu23 -fsanitize=address,undefined -fno-sanitize=float-divide-by-zero -fno-sanitize=alignment -fno-omit-frame-pointer -fsanitize=pointer-overflow -fsanitize=signed-integer-overflow -I"/opt/R/devel-asan/lib/R/include" -DNDEBUG   -I/usr/local/clang/include -I/usr/local/include    -fpic  -g -O3 -Wall -pedantic  -Wp,-D_FORTIFY_SOURCE=3  -c utf8.c -o utf8.o
clang-22 -std=gnu23 -fsanitize=address,undefined -fno-sanitize=float-divide-by-zero -fno-sanitize=alignment -fno-omit-frame-pointer -fsanitize=pointer-overflow -fsanitize=signed-integer-overflow -I"/opt/R/devel-asan/lib/R/include" -DNDEBUG   -I/usr/local/clang/include -I/usr/local/include    -fpic  -g -O3 -Wall -pedantic  -Wp,-D_FORTIFY_SOURCE=3  -c vplist.c -o vplist.o
clang-22 -std=gnu23 -fsanitize=address,undefined -fno-sanitize=float-divide-by-zero -fno-sanitize=alignment -fno-omit-frame-pointer -fsanitize=pointer-overflow -fsanitize=signed-integer-overflow -I"/opt/R/devel-asan/lib/R/include" -DNDEBUG   -I/usr/local/clang/include -I/usr/local/include    -fpic  -g -O3 -Wall -pedantic  -Wp,-D_FORTIFY_SOURCE=3  -c wordin.c -o wordin.o
clang-22 -std=gnu23 -fsanitize=address,undefined -fno-sanitize=float-divide-by-zero -fno-sanitize=alignment -fno-omit-frame-pointer -fsanitize=pointer-overflow -fsanitize=signed-integer-overflow -I"/opt/R/devel-asan/lib/R/include" -DNDEBUG   -I/usr/local/clang/include -I/usr/local/include    -fpic  -g -O3 -Wall -pedantic  -Wp,-D_FORTIFY_SOURCE=3  -c wordout.c -o wordout.o
clang-22 -std=gnu23 -fsanitize=address,undefined -fno-sanitize=float-divide-by-zero -fno-sanitize=alignment -fno-omit-frame-pointer -fsanitize=pointer-overflow -fsanitize=signed-integer-overflow -I"/opt/R/devel-asan/lib/R/include" -DNDEBUG   -I/usr/local/clang/include -I/usr/local/include    -fpic  -g -O3 -Wall -pedantic  -Wp,-D_FORTIFY_SOURCE=3  -c xml.c -o xml.o
clang-22 -std=gnu23 -fsanitize=address,undefined -fno-sanitize=float-divide-by-zero -fno-sanitize=alignment -fno-omit-frame-pointer -fsanitize=pointer-overflow -fsanitize=signed-integer-overflow -I"/opt/R/devel-asan/lib/R/include" -DNDEBUG   -I/usr/local/clang/include -I/usr/local/include    -fpic  -g -O3 -Wall -pedantic  -Wp,-D_FORTIFY_SOURCE=3  -c xml2any.c -o xml2any.o
clang-22 -std=gnu23 -fsanitize=address,undefined -fno-sanitize=float-divide-by-zero -fno-sanitize=alignment -fno-omit-frame-pointer -fsanitize=pointer-overflow -fsanitize=signed-integer-overflow -I"/opt/R/devel-asan/lib/R/include" -DNDEBUG   -I/usr/local/clang/include -I/usr/local/include    -fpic  -g -O3 -Wall -pedantic  -Wp,-D_FORTIFY_SOURCE=3  -c xml_encoding.c -o xml_encoding.o
clang-22 -std=gnu23 -fsanitize=address,undefined -fno-sanitize=float-divide-by-zero -fno-sanitize=alignment -fno-omit-frame-pointer -fsanitize=pointer-overflow -fsanitize=signed-integer-overflow -shared -L/opt/R/devel-asan/lib/R/lib -L/usr/local/clang/lib -L/usr/local/lib -o rbibutils.so adsout.o any2xml.o args.o bib2be.o bibcore.o bibentrydirectout.o bibentryout.o bibl.o biblatexin.o biblatexout.o bibprog.o bibtexdirectin.o bibtexin.o bibtexout.o bibtextypes.o bibutils.o bltypes.o bu_auth.o charsets.o common_be_bed.o common_bt_blt_btd_out.o common_bt_btd.o common_bt_btd_blt.o common_bt_btd_out.o common_most.o copacin.o copactypes.o ebiin.o endin.o endout.o endtypes.o endxmlin.o entities.o fields.o gb18030.o generic.o init.o intlist.o is_ws.o isiin.o isiout.o isitypes.o iso639_1.o iso639_2.o iso639_3.o latex.o latex_parse.o marc_auth.o medin.o modsin.o modsout.o modstypes.o name.o nbibin.o nbibout.o nbibtypes.o notes.o pages.o reftypes.o risin.o risout.o ristypes.o serialno.o slist.o str.o str_conv.o strsearch.o title.o tomods.o type.o unicode.o url.o utf8.o vplist.o wordin.o wordout.o xml.o xml2any.o xml_encoding.o -L/opt/R/devel-asan/lib/R/lib -lR
installing to /cache/R_libs/00LOCK-rbibutils/00new/rbibutils/libs
** R
** inst
** byte-compile and prepare package for lazy loading
** help
*** installing help indices
** building package indices
** installing vignettes
** testing if installed package can be loaded from temporary location
** checking absolute paths in shared objects and dynamic libraries
** testing if installed package can be loaded from final location
** testing if installed package keeps a record of temporary installation path
* DONE (rbibutils)
* installing *source* package ‘litedown’ ...
** this is package ‘litedown’ version ‘0.10.1’
** using staged installation
** R
** inst
** byte-compile and prepare package for lazy loading
** help
*** installing help indices
** building package indices
** installing vignettes
** testing if installed package can be loaded from temporary location
** testing if installed package can be loaded from final location
** testing if installed package keeps a record of temporary installation path
* DONE (litedown)

The downloaded source packages are in
	‘/tmp/RtmpQt7Z6S/downloaded_packages’
trying URL 'https://cloud.r-project.org/src/contrib/curl_7.1.0.tar.gz'
Content type 'application/x-gzip' length 717725 bytes (700 KB)
==================================================
downloaded 700 KB

* installing *source* package ‘curl’ ...
** this is package ‘curl’ version ‘7.1.0’
** package ‘curl’ successfully unpacked and MD5 sums checked
** using staged installation
Found pkg-config cflags and libs!
Using PKG_CFLAGS=-I/usr/include/x86_64-linux-gnu
Using PKG_LIBS=-lcurl
** libs
using C compiler: ‘Ubuntu clang version 22.1.6 (++20260507083440+c0262e742787-1~exp1~20260507203459.76)’
clang-22 -std=gnu23 -fsanitize=address,undefined -fno-sanitize=float-divide-by-zero -fno-sanitize=alignment -fno-omit-frame-pointer -fsanitize=pointer-overflow -fsanitize=signed-integer-overflow -I"/opt/R/devel-asan/lib/R/include" -DNDEBUG -I/usr/include/x86_64-linux-gnu -DSTRICT_R_HEADERS -DR_NO_REMAP  -I/usr/local/clang/include -I/usr/local/include   -fvisibility=hidden -fpic  -g -O3 -Wall -pedantic  -Wp,-D_FORTIFY_SOURCE=3  -c callbacks.c -o callbacks.o
clang-22 -std=gnu23 -fsanitize=address,undefined -fno-sanitize=float-divide-by-zero -fno-sanitize=alignment -fno-omit-frame-pointer -fsanitize=pointer-overflow -fsanitize=signed-integer-overflow -I"/opt/R/devel-asan/lib/R/include" -DNDEBUG -I/usr/include/x86_64-linux-gnu -DSTRICT_R_HEADERS -DR_NO_REMAP  -I/usr/local/clang/include -I/usr/local/include   -fvisibility=hidden -fpic  -g -O3 -Wall -pedantic  -Wp,-D_FORTIFY_SOURCE=3  -c curl.c -o curl.o
clang-22 -std=gnu23 -fsanitize=address,undefined -fno-sanitize=float-divide-by-zero -fno-sanitize=alignment -fno-omit-frame-pointer -fsanitize=pointer-overflow -fsanitize=signed-integer-overflow -I"/opt/R/devel-asan/lib/R/include" -DNDEBUG -I/usr/include/x86_64-linux-gnu -DSTRICT_R_HEADERS -DR_NO_REMAP  -I/usr/local/clang/include -I/usr/local/include   -fvisibility=hidden -fpic  -g -O3 -Wall -pedantic  -Wp,-D_FORTIFY_SOURCE=3  -c download.c -o download.o
clang-22 -std=gnu23 -fsanitize=address,undefined -fno-sanitize=float-divide-by-zero -fno-sanitize=alignment -fno-omit-frame-pointer -fsanitize=pointer-overflow -fsanitize=signed-integer-overflow -I"/opt/R/devel-asan/lib/R/include" -DNDEBUG -I/usr/include/x86_64-linux-gnu -DSTRICT_R_HEADERS -DR_NO_REMAP  -I/usr/local/clang/include -I/usr/local/include   -fvisibility=hidden -fpic  -g -O3 -Wall -pedantic  -Wp,-D_FORTIFY_SOURCE=3  -c dryrun.c -o dryrun.o
clang-22 -std=gnu23 -fsanitize=address,undefined -fno-sanitize=float-divide-by-zero -fno-sanitize=alignment -fno-omit-frame-pointer -fsanitize=pointer-overflow -fsanitize=signed-integer-overflow -I"/opt/R/devel-asan/lib/R/include" -DNDEBUG -I/usr/include/x86_64-linux-gnu -DSTRICT_R_HEADERS -DR_NO_REMAP  -I/usr/local/clang/include -I/usr/local/include   -fvisibility=hidden -fpic  -g -O3 -Wall -pedantic  -Wp,-D_FORTIFY_SOURCE=3  -c escape.c -o escape.o
clang-22 -std=gnu23 -fsanitize=address,undefined -fno-sanitize=float-divide-by-zero -fno-sanitize=alignment -fno-omit-frame-pointer -fsanitize=pointer-overflow -fsanitize=signed-integer-overflow -I"/opt/R/devel-asan/lib/R/include" -DNDEBUG -I/usr/include/x86_64-linux-gnu -DSTRICT_R_HEADERS -DR_NO_REMAP  -I/usr/local/clang/include -I/usr/local/include   -fvisibility=hidden -fpic  -g -O3 -Wall -pedantic  -Wp,-D_FORTIFY_SOURCE=3  -c fetch.c -o fetch.o
clang-22 -std=gnu23 -fsanitize=address,undefined -fno-sanitize=float-divide-by-zero -fno-sanitize=alignment -fno-omit-frame-pointer -fsanitize=pointer-overflow -fsanitize=signed-integer-overflow -I"/opt/R/devel-asan/lib/R/include" -DNDEBUG -I/usr/include/x86_64-linux-gnu -DSTRICT_R_HEADERS -DR_NO_REMAP  -I/usr/local/clang/include -I/usr/local/include   -fvisibility=hidden -fpic  -g -O3 -Wall -pedantic  -Wp,-D_FORTIFY_SOURCE=3  -c findport.c -o findport.o
clang-22 -std=gnu23 -fsanitize=address,undefined -fno-sanitize=float-divide-by-zero -fno-sanitize=alignment -fno-omit-frame-pointer -fsanitize=pointer-overflow -fsanitize=signed-integer-overflow -I"/opt/R/devel-asan/lib/R/include" -DNDEBUG -I/usr/include/x86_64-linux-gnu -DSTRICT_R_HEADERS -DR_NO_REMAP  -I/usr/local/clang/include -I/usr/local/include   -fvisibility=hidden -fpic  -g -O3 -Wall -pedantic  -Wp,-D_FORTIFY_SOURCE=3  -c form.c -o form.o
clang-22 -std=gnu23 -fsanitize=address,undefined -fno-sanitize=float-divide-by-zero -fno-sanitize=alignment -fno-omit-frame-pointer -fsanitize=pointer-overflow -fsanitize=signed-integer-overflow -I"/opt/R/devel-asan/lib/R/include" -DNDEBUG -I/usr/include/x86_64-linux-gnu -DSTRICT_R_HEADERS -DR_NO_REMAP  -I/usr/local/clang/include -I/usr/local/include   -fvisibility=hidden -fpic  -g -O3 -Wall -pedantic  -Wp,-D_FORTIFY_SOURCE=3  -c getdate.c -o getdate.o
clang-22 -std=gnu23 -fsanitize=address,undefined -fno-sanitize=float-divide-by-zero -fno-sanitize=alignment -fno-omit-frame-pointer -fsanitize=pointer-overflow -fsanitize=signed-integer-overflow -I"/opt/R/devel-asan/lib/R/include" -DNDEBUG -I/usr/include/x86_64-linux-gnu -DSTRICT_R_HEADERS -DR_NO_REMAP  -I/usr/local/clang/include -I/usr/local/include   -fvisibility=hidden -fpic  -g -O3 -Wall -pedantic  -Wp,-D_FORTIFY_SOURCE=3  -c handle.c -o handle.o
clang-22 -std=gnu23 -fsanitize=address,undefined -fno-sanitize=float-divide-by-zero -fno-sanitize=alignment -fno-omit-frame-pointer -fsanitize=pointer-overflow -fsanitize=signed-integer-overflow -I"/opt/R/devel-asan/lib/R/include" -DNDEBUG -I/usr/include/x86_64-linux-gnu -DSTRICT_R_HEADERS -DR_NO_REMAP  -I/usr/local/clang/include -I/usr/local/include   -fvisibility=hidden -fpic  -g -O3 -Wall -pedantic  -Wp,-D_FORTIFY_SOURCE=3  -c ieproxy.c -o ieproxy.o
clang-22 -std=gnu23 -fsanitize=address,undefined -fno-sanitize=float-divide-by-zero -fno-sanitize=alignment -fno-omit-frame-pointer -fsanitize=pointer-overflow -fsanitize=signed-integer-overflow -I"/opt/R/devel-asan/lib/R/include" -DNDEBUG -I/usr/include/x86_64-linux-gnu -DSTRICT_R_HEADERS -DR_NO_REMAP  -I/usr/local/clang/include -I/usr/local/include   -fvisibility=hidden -fpic  -g -O3 -Wall -pedantic  -Wp,-D_FORTIFY_SOURCE=3  -c init.c -o init.o
clang-22 -std=gnu23 -fsanitize=address,undefined -fno-sanitize=float-divide-by-zero -fno-sanitize=alignment -fno-omit-frame-pointer -fsanitize=pointer-overflow -fsanitize=signed-integer-overflow -I"/opt/R/devel-asan/lib/R/include" -DNDEBUG -I/usr/include/x86_64-linux-gnu -DSTRICT_R_HEADERS -DR_NO_REMAP  -I/usr/local/clang/include -I/usr/local/include   -fvisibility=hidden -fpic  -g -O3 -Wall -pedantic  -Wp,-D_FORTIFY_SOURCE=3  -c interrupt.c -o interrupt.o
clang-22 -std=gnu23 -fsanitize=address,undefined -fno-sanitize=float-divide-by-zero -fno-sanitize=alignment -fno-omit-frame-pointer -fsanitize=pointer-overflow -fsanitize=signed-integer-overflow -I"/opt/R/devel-asan/lib/R/include" -DNDEBUG -I/usr/include/x86_64-linux-gnu -DSTRICT_R_HEADERS -DR_NO_REMAP  -I/usr/local/clang/include -I/usr/local/include   -fvisibility=hidden -fpic  -g -O3 -Wall -pedantic  -Wp,-D_FORTIFY_SOURCE=3  -c multi.c -o multi.o
clang-22 -std=gnu23 -fsanitize=address,undefined -fno-sanitize=float-divide-by-zero -fno-sanitize=alignment -fno-omit-frame-pointer -fsanitize=pointer-overflow -fsanitize=signed-integer-overflow -I"/opt/R/devel-asan/lib/R/include" -DNDEBUG -I/usr/include/x86_64-linux-gnu -DSTRICT_R_HEADERS -DR_NO_REMAP  -I/usr/local/clang/include -I/usr/local/include   -fvisibility=hidden -fpic  -g -O3 -Wall -pedantic  -Wp,-D_FORTIFY_SOURCE=3  -c nslookup.c -o nslookup.o
clang-22 -std=gnu23 -fsanitize=address,undefined -fno-sanitize=float-divide-by-zero -fno-sanitize=alignment -fno-omit-frame-pointer -fsanitize=pointer-overflow -fsanitize=signed-integer-overflow -I"/opt/R/devel-asan/lib/R/include" -DNDEBUG -I/usr/include/x86_64-linux-gnu -DSTRICT_R_HEADERS -DR_NO_REMAP  -I/usr/local/clang/include -I/usr/local/include   -fvisibility=hidden -fpic  -g -O3 -Wall -pedantic  -Wp,-D_FORTIFY_SOURCE=3  -c options.c -o options.o
clang-22 -std=gnu23 -fsanitize=address,undefined -fno-sanitize=float-divide-by-zero -fno-sanitize=alignment -fno-omit-frame-pointer -fsanitize=pointer-overflow -fsanitize=signed-integer-overflow -I"/opt/R/devel-asan/lib/R/include" -DNDEBUG -I/usr/include/x86_64-linux-gnu -DSTRICT_R_HEADERS -DR_NO_REMAP  -I/usr/local/clang/include -I/usr/local/include   -fvisibility=hidden -fpic  -g -O3 -Wall -pedantic  -Wp,-D_FORTIFY_SOURCE=3  -c reflist.c -o reflist.o
clang-22 -std=gnu23 -fsanitize=address,undefined -fno-sanitize=float-divide-by-zero -fno-sanitize=alignment -fno-omit-frame-pointer -fsanitize=pointer-overflow -fsanitize=signed-integer-overflow -I"/opt/R/devel-asan/lib/R/include" -DNDEBUG -I/usr/include/x86_64-linux-gnu -DSTRICT_R_HEADERS -DR_NO_REMAP  -I/usr/local/clang/include -I/usr/local/include   -fvisibility=hidden -fpic  -g -O3 -Wall -pedantic  -Wp,-D_FORTIFY_SOURCE=3  -c split.c -o split.o
clang-22 -std=gnu23 -fsanitize=address,undefined -fno-sanitize=float-divide-by-zero -fno-sanitize=alignment -fno-omit-frame-pointer -fsanitize=pointer-overflow -fsanitize=signed-integer-overflow -I"/opt/R/devel-asan/lib/R/include" -DNDEBUG -I/usr/include/x86_64-linux-gnu -DSTRICT_R_HEADERS -DR_NO_REMAP  -I/usr/local/clang/include -I/usr/local/include   -fvisibility=hidden -fpic  -g -O3 -Wall -pedantic  -Wp,-D_FORTIFY_SOURCE=3  -c ssl.c -o ssl.o
clang-22 -std=gnu23 -fsanitize=address,undefined -fno-sanitize=float-divide-by-zero -fno-sanitize=alignment -fno-omit-frame-pointer -fsanitize=pointer-overflow -fsanitize=signed-integer-overflow -I"/opt/R/devel-asan/lib/R/include" -DNDEBUG -I/usr/include/x86_64-linux-gnu -DSTRICT_R_HEADERS -DR_NO_REMAP  -I/usr/local/clang/include -I/usr/local/include   -fvisibility=hidden -fpic  -g -O3 -Wall -pedantic  -Wp,-D_FORTIFY_SOURCE=3  -c typechecking.c -o typechecking.o
clang-22 -std=gnu23 -fsanitize=address,undefined -fno-sanitize=float-divide-by-zero -fno-sanitize=alignment -fno-omit-frame-pointer -fsanitize=pointer-overflow -fsanitize=signed-integer-overflow -I"/opt/R/devel-asan/lib/R/include" -DNDEBUG -I/usr/include/x86_64-linux-gnu -DSTRICT_R_HEADERS -DR_NO_REMAP  -I/usr/local/clang/include -I/usr/local/include   -fvisibility=hidden -fpic  -g -O3 -Wall -pedantic  -Wp,-D_FORTIFY_SOURCE=3  -c urlparser.c -o urlparser.o
clang-22 -std=gnu23 -fsanitize=address,undefined -fno-sanitize=float-divide-by-zero -fno-sanitize=alignment -fno-omit-frame-pointer -fsanitize=pointer-overflow -fsanitize=signed-integer-overflow -I"/opt/R/devel-asan/lib/R/include" -DNDEBUG -I/usr/include/x86_64-linux-gnu -DSTRICT_R_HEADERS -DR_NO_REMAP  -I/usr/local/clang/include -I/usr/local/include   -fvisibility=hidden -fpic  -g -O3 -Wall -pedantic  -Wp,-D_FORTIFY_SOURCE=3  -c utils.c -o utils.o
clang-22 -std=gnu23 -fsanitize=address,undefined -fno-sanitize=float-divide-by-zero -fno-sanitize=alignment -fno-omit-frame-pointer -fsanitize=pointer-overflow -fsanitize=signed-integer-overflow -I"/opt/R/devel-asan/lib/R/include" -DNDEBUG -I/usr/include/x86_64-linux-gnu -DSTRICT_R_HEADERS -DR_NO_REMAP  -I/usr/local/clang/include -I/usr/local/include   -fvisibility=hidden -fpic  -g -O3 -Wall -pedantic  -Wp,-D_FORTIFY_SOURCE=3  -c version.c -o version.o
clang-22 -std=gnu23 -fsanitize=address,undefined -fno-sanitize=float-divide-by-zero -fno-sanitize=alignment -fno-omit-frame-pointer -fsanitize=pointer-overflow -fsanitize=signed-integer-overflow -I"/opt/R/devel-asan/lib/R/include" -DNDEBUG -I/usr/include/x86_64-linux-gnu -DSTRICT_R_HEADERS -DR_NO_REMAP  -I/usr/local/clang/include -I/usr/local/include   -fvisibility=hidden -fpic  -g -O3 -Wall -pedantic  -Wp,-D_FORTIFY_SOURCE=3  -c winidn.c -o winidn.o
clang-22 -std=gnu23 -fsanitize=address,undefined -fno-sanitize=float-divide-by-zero -fno-sanitize=alignment -fno-omit-frame-pointer -fsanitize=pointer-overflow -fsanitize=signed-integer-overflow -I"/opt/R/devel-asan/lib/R/include" -DNDEBUG -I/usr/include/x86_64-linux-gnu -DSTRICT_R_HEADERS -DR_NO_REMAP  -I/usr/local/clang/include -I/usr/local/include   -fvisibility=hidden -fpic  -g -O3 -Wall -pedantic  -Wp,-D_FORTIFY_SOURCE=3  -c writer.c -o writer.o
clang-22 -std=gnu23 -fsanitize=address,undefined -fno-sanitize=float-divide-by-zero -fno-sanitize=alignment -fno-omit-frame-pointer -fsanitize=pointer-overflow -fsanitize=signed-integer-overflow -shared -L/opt/R/devel-asan/lib/R/lib -L/usr/local/clang/lib -L/usr/local/lib -o curl.so callbacks.o curl.o download.o dryrun.o escape.o fetch.o findport.o form.o getdate.o handle.o ieproxy.o init.o interrupt.o multi.o nslookup.o options.o reflist.o split.o ssl.o typechecking.o urlparser.o utils.o version.o winidn.o writer.o -lcurl -L/opt/R/devel-asan/lib/R/lib -lR
installing to /cache/R_libs/00LOCK-curl/00new/curl/libs
** R
** inst
** byte-compile and prepare package for lazy loading
** help
*** installing help indices
** building package indices
** installing vignettes
** testing if installed package can be loaded from temporary location
** checking absolute paths in shared objects and dynamic libraries
** testing if installed package can be loaded from final location
** testing if installed package keeps a record of temporary installation path
* DONE (curl)

The downloaded source packages are in
	‘/tmp/Rtmp0fke58/downloaded_packages’
* installing *source* package ‘cpp4r’ ...
** this is package ‘cpp4r’ version ‘1.2.0’
** using staged installation
** R
** inst
** byte-compile and prepare package for lazy loading
** help
*** installing help indices
*** copying figures
** building package indices
** installing vignettes
** testing if installed package can be loaded from temporary location
** testing if installed package can be loaded from final location
** testing if installed package keeps a record of temporary installation path
* DONE (cpp4r)
* installing *source* package ‘cpp4rtest’ ...
** this is package ‘cpp4rtest’ version ‘0.3.0’
** using staged installation
** libs
using C++ compiler: ‘Ubuntu clang version 22.1.6 (++20260507083440+c0262e742787-1~exp1~20260507203459.76)’
clang++-22 -stdlib=libc++ -std=gnu++20 -fsanitize=address,undefined -fno-sanitize=float-divide-by-zero -fno-sanitize=alignment -fno-omit-frame-pointer -fsanitize=pointer-overflow -fsanitize=signed-integer-overflow -frtti -I"/opt/R/devel-asan/lib/R/include" -DNDEBUG -I vendor/  -I/usr/local/clang/include -I/usr/local/include   -fopenmp -fpic  -g -O3 -Wall -pedantic -Wp,-D_FORTIFY_SOURCE=3   -c cpp4r.cpp -o cpp4r.o
clang++-22 -stdlib=libc++ -std=gnu++20 -fsanitize=address,undefined -fno-sanitize=float-divide-by-zero -fno-sanitize=alignment -fno-omit-frame-pointer -fsanitize=pointer-overflow -fsanitize=signed-integer-overflow -frtti -I"/opt/R/devel-asan/lib/R/include" -DNDEBUG -I vendor/  -I/usr/local/clang/include -I/usr/local/include   -fopenmp -fpic  -g -O3 -Wall -pedantic -Wp,-D_FORTIFY_SOURCE=3   -c main.cpp -o main.o
In file included from main.cpp:1:
In file included from vendor/cpp4r.hpp:12:
vendor/cpp4r/integers.hpp:190:9: warning: loop not vectorized: the optimizer was unable to perform the requested transformation; the transformation might be disabled or specified as part of an unsupported transformation ordering [-Wpass-failed=transform-warning]
  190 |         for (R_xlen_t k = 0; k < n; ++k) {
      |         ^
vendor/cpp4r/integers.hpp:170:9: warning: loop not vectorized: the optimizer was unable to perform the requested transformation; the transformation might be disabled or specified as part of an unsupported transformation ordering [-Wpass-failed=transform-warning]
  170 |         for (R_xlen_t i = 0; i < len; ++i) {
      |         ^
vendor/cpp4r/integers.hpp:137:9: warning: loop not vectorized: the optimizer was unable to perform the requested transformation; the transformation might be disabled or specified as part of an unsupported transformation ordering [-Wpass-failed=transform-warning]
  137 |         for (R_xlen_t k = 0; k < n; ++k) {
      |         ^
vendor/cpp4r/integers.hpp:106:9: warning: loop not vectorized: the optimizer was unable to perform the requested transformation; the transformation might be disabled or specified as part of an unsupported transformation ordering [-Wpass-failed=transform-warning]
  106 |         for (R_xlen_t i = 0; i < len; ++i) {
      |         ^
In file included from main.cpp:1:
In file included from vendor/cpp4r.hpp:8:
vendor/cpp4r/doubles.hpp:145:9: warning: loop not vectorized: the optimizer was unable to perform the requested transformation; the transformation might be disabled or specified as part of an unsupported transformation ordering [-Wpass-failed=transform-warning]
  145 |         for (R_xlen_t k = 0; k < n; ++k) {
      |         ^
vendor/cpp4r/doubles.hpp:119:9: warning: loop not vectorized: the optimizer was unable to perform the requested transformation; the transformation might be disabled or specified as part of an unsupported transformation ordering [-Wpass-failed=transform-warning]
  119 |         for (R_xlen_t i = 0; i < len; ++i) {
      |         ^
6 warnings generated.
clang++-22 -stdlib=libc++ -std=gnu++20 -fsanitize=address,undefined -fno-sanitize=float-divide-by-zero -fno-sanitize=alignment -fno-omit-frame-pointer -fsanitize=pointer-overflow -fsanitize=signed-integer-overflow -frtti -shared -L/opt/R/devel-asan/lib/R/lib -L/usr/local/clang/lib -L/usr/local/lib -o cpp4rtest.so cpp4r.o main.o -fopenmp -llapack -lblas -L/usr/lib/llvm-22/lib/clang/22/lib/x86_64-pc-linux-gnu -L/usr/lib/gcc/x86_64-linux-gnu/11 -L/usr/lib/x86_64-linux-gnu -L/usr/lib/llvm-22/lib -L/usr/lib/llvm-22/lib/clang/22/lib/linux -lflang_rt.runtime -lm -L/opt/R/devel-asan/lib/R/lib -lR
installing to /cache/R_libs/00LOCK-cpp4rtest/00new/cpp4rtest/libs
** R
** inst
** byte-compile and prepare package for lazy loading
** help
*** installing help indices
** building package indices
** testing if installed package can be loaded from temporary location
** checking absolute paths in shared objects and dynamic libraries
** testing if installed package can be loaded from final location
** testing if installed package keeps a record of temporary installation path
* DONE (cpp4rtest)
* using log directory ‘/check/cpp4rtest.Rcheck’
* using R Under development (unstable) (2026-05-15 r90061)
* using platform: x86_64-pc-linux-gnu
* R was compiled by
    Ubuntu clang version 22.1.6 (++20260507083440+c0262e742787-1~exp1~20260507203459.76)
    Ubuntu flang version 22.1.6 (++20260507083440+c0262e742787-1~exp1~20260507203459.76)
* running under: Ubuntu 22.04.5 LTS
* using session charset: UTF-8
* current time: 2026-08-11 14:06:51 UTC
* using options ‘--no-manual --as-cran’
* checking for file ‘cpp4rtest/DESCRIPTION’ ... OK
* this is package ‘cpp4rtest’ version ‘0.3.0’
* package encoding: UTF-8
* checking CRAN incoming feasibility ... NOTE
Maintainer: ‘Mauricio Vargas Sepulveda <m.vargas.sepulveda@gmail.com>’

New submission
* checking package namespace information ... OK
* checking package dependencies ... OK
* checking if this is a source package ... OK
* checking if there is a namespace ... OK
* checking for executable files ... OK
* checking for hidden files and directories ... OK
* checking for portable file names ... OK
* checking for sufficient/correct file permissions ... OK
* checking whether package ‘cpp4rtest’ can be installed ... [23s/18s] OK
* used C++ compiler: ‘Ubuntu clang version 22.1.6 (++20260507083440+c0262e742787-1~exp1~20260507203459.76)’
* checking installed package size ... OK
* checking package directory ... OK
* checking for future file timestamps ... OK
* checking DESCRIPTION meta-information ... OK
* checking top-level files ... OK
* checking for left-over files ... OK
* checking index information ... OK
* checking package subdirectories ... OK
* checking code files for non-ASCII characters ... OK
* checking R files for syntax errors ... OK
* checking whether the package can be loaded ... OK
* checking whether the package can be loaded with stated dependencies ... OK
* checking whether the package can be unloaded cleanly ... OK
* checking whether the namespace can be loaded with stated dependencies ... OK
* checking whether the namespace can be unloaded cleanly ... OK
* checking loading without being on the library search path ... OK
* checking use of S3 registration ... OK
* checking dependencies in R code ... OK
* checking S3 generic/method consistency ... OK
* checking replacement functions ... OK
* checking foreign function calls ... OK
* checking R code for possible problems ... OK
* checking Rd files ... OK
* checking Rd metadata ... OK
* checking Rd line widths ... OK
* checking Rd cross-references ... OK
* checking for missing documentation entries ... OK
* checking for code/documentation mismatches ... OK
* checking Rd \usage sections ... OK
* checking Rd contents ... OK
* checking for unstated dependencies in examples ... OK
* checking line endings in shell scripts ... OK
* checking line endings in C/C++/Fortran sources/headers ... OK
* checking line endings in Makefiles ... OK
* checking compilation flags in Makevars ... OK
* checking for GNU extensions in Makefiles ... OK
* checking for portable use of $(BLAS_LIBS) and $(LAPACK_LIBS) ... OK
* checking use of PKG_*FLAGS in Makefiles ... OK
* checking use of SHLIB_OPENMP_*FLAGS in Makefiles ... OK
* checking pragmas in C/C++ headers and code ... OK
* checking compilation flags used ... NOTE
Compilation used the following non-portable flag(s):
  ‘-Wp,-D_FORTIFY_SOURCE=3’
* checking compiled code ... OK
* checking examples ... NONE
* checking for unstated dependencies in ‘tests’ ... OK
* checking tests ...
  Running ‘tinytest.R’
 OK
* checking for non-standard things in the check directory ... OK
* checking for detritus in the temp directory ... OK
* DONE

Status: 2 NOTEs
See
  ‘/check/cpp4rtest.Rcheck/00check.log’
for details.

=== 00install.out ===
* installing *source* package ‘cpp4rtest’ ...
** this is package ‘cpp4rtest’ version ‘0.3.0’
** using staged installation
** libs
using C++ compiler: ‘Ubuntu clang version 22.1.6 (++20260507083440+c0262e742787-1~exp1~20260507203459.76)’
clang++-22 -stdlib=libc++ -std=gnu++20 -fsanitize=address,undefined -fno-sanitize=float-divide-by-zero -fno-sanitize=alignment -fno-omit-frame-pointer -fsanitize=pointer-overflow -fsanitize=signed-integer-overflow -frtti -I"/opt/R/devel-asan/lib/R/include" -DNDEBUG -I vendor/  -I/usr/local/clang/include -I/usr/local/include   -fopenmp -fpic  -g -O3 -Wall -pedantic -Wp,-D_FORTIFY_SOURCE=3   -c cpp4r.cpp -o cpp4r.o
clang++-22 -stdlib=libc++ -std=gnu++20 -fsanitize=address,undefined -fno-sanitize=float-divide-by-zero -fno-sanitize=alignment -fno-omit-frame-pointer -fsanitize=pointer-overflow -fsanitize=signed-integer-overflow -frtti -I"/opt/R/devel-asan/lib/R/include" -DNDEBUG -I vendor/  -I/usr/local/clang/include -I/usr/local/include   -fopenmp -fpic  -g -O3 -Wall -pedantic -Wp,-D_FORTIFY_SOURCE=3   -c main.cpp -o main.o
In file included from main.cpp:1:
In file included from vendor/cpp4r.hpp:12:
vendor/cpp4r/integers.hpp:190:9: warning: loop not vectorized: the optimizer was unable to perform the requested transformation; the transformation might be disabled or specified as part of an unsupported transformation ordering [-Wpass-failed=transform-warning]
  190 |         for (R_xlen_t k = 0; k < n; ++k) {
      |         ^
vendor/cpp4r/integers.hpp:170:9: warning: loop not vectorized: the optimizer was unable to perform the requested transformation; the transformation might be disabled or specified as part of an unsupported transformation ordering [-Wpass-failed=transform-warning]
  170 |         for (R_xlen_t i = 0; i < len; ++i) {
      |         ^
vendor/cpp4r/integers.hpp:137:9: warning: loop not vectorized: the optimizer was unable to perform the requested transformation; the transformation might be disabled or specified as part of an unsupported transformation ordering [-Wpass-failed=transform-warning]
  137 |         for (R_xlen_t k = 0; k < n; ++k) {
      |         ^
vendor/cpp4r/integers.hpp:106:9: warning: loop not vectorized: the optimizer was unable to perform the requested transformation; the transformation might be disabled or specified as part of an unsupported transformation ordering [-Wpass-failed=transform-warning]
  106 |         for (R_xlen_t i = 0; i < len; ++i) {
      |         ^
In file included from main.cpp:1:
In file included from vendor/cpp4r.hpp:8:
vendor/cpp4r/doubles.hpp:145:9: warning: loop not vectorized: the optimizer was unable to perform the requested transformation; the transformation might be disabled or specified as part of an unsupported transformation ordering [-Wpass-failed=transform-warning]
  145 |         for (R_xlen_t k = 0; k < n; ++k) {
      |         ^
vendor/cpp4r/doubles.hpp:119:9: warning: loop not vectorized: the optimizer was unable to perform the requested transformation; the transformation might be disabled or specified as part of an unsupported transformation ordering [-Wpass-failed=transform-warning]
  119 |         for (R_xlen_t i = 0; i < len; ++i) {
      |         ^
6 warnings generated.
clang++-22 -stdlib=libc++ -std=gnu++20 -fsanitize=address,undefined -fno-sanitize=float-divide-by-zero -fno-sanitize=alignment -fno-omit-frame-pointer -fsanitize=pointer-overflow -fsanitize=signed-integer-overflow -frtti -shared -L/opt/R/devel-asan/lib/R/lib -L/usr/local/clang/lib -L/usr/local/lib -o cpp4rtest.so cpp4r.o main.o -fopenmp -llapack -lblas -L/usr/lib/llvm-22/lib/clang/22/lib/x86_64-pc-linux-gnu -L/usr/lib/gcc/x86_64-linux-gnu/11 -L/usr/lib/x86_64-linux-gnu -L/usr/lib/llvm-22/lib -L/usr/lib/llvm-22/lib/clang/22/lib/linux -lflang_rt.runtime -lm -L/opt/R/devel-asan/lib/R/lib -lR
installing to /check/cpp4rtest.Rcheck/00LOCK-cpp4rtest/00new/cpp4rtest/libs
** R
** inst
** byte-compile and prepare package for lazy loading
** help
*** installing help indices
** building package indices
** testing if installed package can be loaded from temporary location
** checking absolute paths in shared objects and dynamic libraries
** testing if installed package can be loaded from final location
** testing if installed package keeps a record of temporary installation path
* DONE (cpp4rtest)
=== 00check.log ===
* using log directory ‘/check/cpp4rtest.Rcheck’
* using R Under development (unstable) (2026-05-15 r90061)
* using platform: x86_64-pc-linux-gnu
* R was compiled by
    Ubuntu clang version 22.1.6 (++20260507083440+c0262e742787-1~exp1~20260507203459.76)
    Ubuntu flang version 22.1.6 (++20260507083440+c0262e742787-1~exp1~20260507203459.76)
* running under: Ubuntu 22.04.5 LTS
* using session charset: UTF-8
* current time: 2026-08-11 14:06:51 UTC
* using options ‘--no-manual --as-cran’
* checking for file ‘cpp4rtest/DESCRIPTION’ ... OK
* this is package ‘cpp4rtest’ version ‘0.3.0’
* package encoding: UTF-8
* checking CRAN incoming feasibility ... NOTE
Maintainer: ‘Mauricio Vargas Sepulveda <m.vargas.sepulveda@gmail.com>’

New submission
* checking package namespace information ... OK
* checking package dependencies ... OK
* checking if this is a source package ... OK
* checking if there is a namespace ... OK
* checking for executable files ... OK
* checking for hidden files and directories ... OK
* checking for portable file names ... OK
* checking for sufficient/correct file permissions ... OK
* checking whether package ‘cpp4rtest’ can be installed ... [23s/18s] OK
* used C++ compiler: ‘Ubuntu clang version 22.1.6 (++20260507083440+c0262e742787-1~exp1~20260507203459.76)’
* checking installed package size ... OK
* checking package directory ... OK
* checking for future file timestamps ... OK
* checking DESCRIPTION meta-information ... OK
* checking top-level files ... OK
* checking for left-over files ... OK
* checking index information ... OK
* checking package subdirectories ... OK
* checking code files for non-ASCII characters ... OK
* checking R files for syntax errors ... OK
* checking whether the package can be loaded ... OK
* checking whether the package can be loaded with stated dependencies ... OK
* checking whether the package can be unloaded cleanly ... OK
* checking whether the namespace can be loaded with stated dependencies ... OK
* checking whether the namespace can be unloaded cleanly ... OK
* checking loading without being on the library search path ... OK
* checking use of S3 registration ... OK
* checking dependencies in R code ... OK
* checking S3 generic/method consistency ... OK
* checking replacement functions ... OK
* checking foreign function calls ... OK
* checking R code for possible problems ... OK
* checking Rd files ... OK
* checking Rd metadata ... OK
* checking Rd line widths ... OK
* checking Rd cross-references ... OK
* checking for missing documentation entries ... OK
* checking for code/documentation mismatches ... OK
* checking Rd \usage sections ... OK
* checking Rd contents ... OK
* checking for unstated dependencies in examples ... OK
* checking line endings in shell scripts ... OK
* checking line endings in C/C++/Fortran sources/headers ... OK
* checking line endings in Makefiles ... OK
* checking compilation flags in Makevars ... OK
* checking for GNU extensions in Makefiles ... OK
* checking for portable use of $(BLAS_LIBS) and $(LAPACK_LIBS) ... OK
* checking use of PKG_*FLAGS in Makefiles ... OK
* checking use of SHLIB_OPENMP_*FLAGS in Makefiles ... OK
* checking pragmas in C/C++ headers and code ... OK
* checking compilation flags used ... NOTE
Compilation used the following non-portable flag(s):
  ‘-Wp,-D_FORTIFY_SOURCE=3’
* checking compiled code ... OK
* checking examples ... NONE
* checking for unstated dependencies in ‘tests’ ... OK
* checking tests ... OK
  Running ‘tinytest.R’
* checking for non-standard things in the check directory ... OK
* checking for detritus in the temp directory ... OK
* DONE
Status: 2 NOTEs
