Updating and loading repositories:
 Fedora 42 - x86_64                     100% |   3.6 KiB/s |   3.4 KiB |  00m01s
 Fedora 42 - x86_64 - Updates           100% |   7.4 KiB/s |   3.4 KiB |  00m00s
 Fedora 42 openh264 (From Cisco) - x86_ 100% |   2.7 KiB/s | 986.0   B |  00m00s
Repositories loaded.
Nothing to do.
Package "pkgconf-pkg-config-2.3.0-2.fc42.x86_64" is already installed.
Package "gcc-gfortran-15.2.1-7.fc42.x86_64" is already installed.
Package "libcurl-devel-8.11.1-8.fc42.x86_64" is already installed.

Installing declared dependencies: tinytest, rbibutils, litedown
also installing the dependencies ‘commonmark’, ‘xfun’

trying URL 'https://cloud.r-project.org/src/contrib/commonmark_2.0.0.tar.gz'
trying URL 'https://yihui.r-universe.dev/src/contrib/xfun_0.60.1.tar.gz?sha256=fd175f9e69de6b2efd7ebb6e4c921c13801b60bbb52fef9702022fac7ec93fbf&file=/xfun_0.60.1.tar.gz'
trying URL 'https://cloud.r-project.org/src/contrib/tinytest_1.4.3.tar.gz'
trying URL 'https://cloud.r-project.org/src/contrib/rbibutils_2.4.1.tar.gz'
trying URL 'https://yihui.r-universe.dev/src/contrib/litedown_0.10.1.tar.gz?sha256=5311ad2f675fbf8652db4c445512db39a27dc65b98e1ad979bfa63d1bec22611&file=/litedown_0.10.1.tar.gz'
* installing *source* package ‘commonmark’ ...
** this is package ‘commonmark’ version ‘2.0.0’
** package ‘commonmark’ successfully unpacked and MD5 sums checked
** using staged installation
** libs
using C compiler: ‘gcc (GCC) 15.2.1 20260123 (Red Hat 15.2.1-7)’
gcc -fsanitize=address,undefined,bounds-strict -fno-omit-frame-pointer  -I"/opt/R/devel/lib/R/include" -DNDEBUG -Icmark -I. -DCMARK_GFM_STATIC_DEFINE -DCMARK_GFM_EXTENSIONS_STATIC_DEFINE -DR_NO_REMAP -DSTRICT_R_HEADERS  -I/usr/local/include   -fvisibility=hidden -fpic  -g -O2 -Wall -pedantic -mtune=native -fsanitize=address -Wno-stringop-truncation  -Wno-alloc-size-larger-than -c extensions.c -o extensions.o
gcc -fsanitize=address,undefined,bounds-strict -fno-omit-frame-pointer  -I"/opt/R/devel/lib/R/include" -DNDEBUG -Icmark -I. -DCMARK_GFM_STATIC_DEFINE -DCMARK_GFM_EXTENSIONS_STATIC_DEFINE -DR_NO_REMAP -DSTRICT_R_HEADERS  -I/usr/local/include   -fvisibility=hidden -fpic  -g -O2 -Wall -pedantic -mtune=native -fsanitize=address -Wno-stringop-truncation  -Wno-alloc-size-larger-than -c init.c -o init.o
gcc -fsanitize=address,undefined,bounds-strict -fno-omit-frame-pointer  -I"/opt/R/devel/lib/R/include" -DNDEBUG -Icmark -I. -DCMARK_GFM_STATIC_DEFINE -DCMARK_GFM_EXTENSIONS_STATIC_DEFINE -DR_NO_REMAP -DSTRICT_R_HEADERS  -I/usr/local/include   -fvisibility=hidden -fpic  -g -O2 -Wall -pedantic -mtune=native -fsanitize=address -Wno-stringop-truncation  -Wno-alloc-size-larger-than -c wrapper.c -o wrapper.o
gcc -fsanitize=address,undefined,bounds-strict -fno-omit-frame-pointer  -I"/opt/R/devel/lib/R/include" -DNDEBUG -Icmark -I. -DCMARK_GFM_STATIC_DEFINE -DCMARK_GFM_EXTENSIONS_STATIC_DEFINE -DR_NO_REMAP -DSTRICT_R_HEADERS  -I/usr/local/include   -fvisibility=hidden -fpic  -g -O2 -Wall -pedantic -mtune=native -fsanitize=address -Wno-stringop-truncation  -Wno-alloc-size-larger-than -c cmark/cmark.c -o cmark/cmark.o
gcc -fsanitize=address,undefined,bounds-strict -fno-omit-frame-pointer  -I"/opt/R/devel/lib/R/include" -DNDEBUG -Icmark -I. -DCMARK_GFM_STATIC_DEFINE -DCMARK_GFM_EXTENSIONS_STATIC_DEFINE -DR_NO_REMAP -DSTRICT_R_HEADERS  -I/usr/local/include   -fvisibility=hidden -fpic  -g -O2 -Wall -pedantic -mtune=native -fsanitize=address -Wno-stringop-truncation  -Wno-alloc-size-larger-than -c cmark/node.c -o cmark/node.o
gcc -fsanitize=address,undefined,bounds-strict -fno-omit-frame-pointer  -I"/opt/R/devel/lib/R/include" -DNDEBUG -Icmark -I. -DCMARK_GFM_STATIC_DEFINE -DCMARK_GFM_EXTENSIONS_STATIC_DEFINE -DR_NO_REMAP -DSTRICT_R_HEADERS  -I/usr/local/include   -fvisibility=hidden -fpic  -g -O2 -Wall -pedantic -mtune=native -fsanitize=address -Wno-stringop-truncation  -Wno-alloc-size-larger-than -c cmark/iterator.c -o cmark/iterator.o
gcc -fsanitize=address,undefined,bounds-strict -fno-omit-frame-pointer  -I"/opt/R/devel/lib/R/include" -DNDEBUG -Icmark -I. -DCMARK_GFM_STATIC_DEFINE -DCMARK_GFM_EXTENSIONS_STATIC_DEFINE -DR_NO_REMAP -DSTRICT_R_HEADERS  -I/usr/local/include   -fvisibility=hidden -fpic  -g -O2 -Wall -pedantic -mtune=native -fsanitize=address -Wno-stringop-truncation  -Wno-alloc-size-larger-than -c cmark/blocks.c -o cmark/blocks.o
gcc -fsanitize=address,undefined,bounds-strict -fno-omit-frame-pointer  -I"/opt/R/devel/lib/R/include" -DNDEBUG -Icmark -I. -DCMARK_GFM_STATIC_DEFINE -DCMARK_GFM_EXTENSIONS_STATIC_DEFINE -DR_NO_REMAP -DSTRICT_R_HEADERS  -I/usr/local/include   -fvisibility=hidden -fpic  -g -O2 -Wall -pedantic -mtune=native -fsanitize=address -Wno-stringop-truncation  -Wno-alloc-size-larger-than -c cmark/inlines.c -o cmark/inlines.o
gcc -fsanitize=address,undefined,bounds-strict -fno-omit-frame-pointer  -I"/opt/R/devel/lib/R/include" -DNDEBUG -Icmark -I. -DCMARK_GFM_STATIC_DEFINE -DCMARK_GFM_EXTENSIONS_STATIC_DEFINE -DR_NO_REMAP -DSTRICT_R_HEADERS  -I/usr/local/include   -fvisibility=hidden -fpic  -g -O2 -Wall -pedantic -mtune=native -fsanitize=address -Wno-stringop-truncation  -Wno-alloc-size-larger-than -c cmark/scanners.c -o cmark/scanners.o
gcc -fsanitize=address,undefined,bounds-strict -fno-omit-frame-pointer  -I"/opt/R/devel/lib/R/include" -DNDEBUG -Icmark -I. -DCMARK_GFM_STATIC_DEFINE -DCMARK_GFM_EXTENSIONS_STATIC_DEFINE -DR_NO_REMAP -DSTRICT_R_HEADERS  -I/usr/local/include   -fvisibility=hidden -fpic  -g -O2 -Wall -pedantic -mtune=native -fsanitize=address -Wno-stringop-truncation  -Wno-alloc-size-larger-than -c cmark/utf8.c -o cmark/utf8.o
gcc -fsanitize=address,undefined,bounds-strict -fno-omit-frame-pointer  -I"/opt/R/devel/lib/R/include" -DNDEBUG -Icmark -I. -DCMARK_GFM_STATIC_DEFINE -DCMARK_GFM_EXTENSIONS_STATIC_DEFINE -DR_NO_REMAP -DSTRICT_R_HEADERS  -I/usr/local/include   -fvisibility=hidden -fpic  -g -O2 -Wall -pedantic -mtune=native -fsanitize=address -Wno-stringop-truncation  -Wno-alloc-size-larger-than -c cmark/buffer.c -o cmark/buffer.o
gcc -fsanitize=address,undefined,bounds-strict -fno-omit-frame-pointer  -I"/opt/R/devel/lib/R/include" -DNDEBUG -Icmark -I. -DCMARK_GFM_STATIC_DEFINE -DCMARK_GFM_EXTENSIONS_STATIC_DEFINE -DR_NO_REMAP -DSTRICT_R_HEADERS  -I/usr/local/include   -fvisibility=hidden -fpic  -g -O2 -Wall -pedantic -mtune=native -fsanitize=address -Wno-stringop-truncation  -Wno-alloc-size-larger-than -c cmark/references.c -o cmark/references.o
gcc -fsanitize=address,undefined,bounds-strict -fno-omit-frame-pointer  -I"/opt/R/devel/lib/R/include" -DNDEBUG -Icmark -I. -DCMARK_GFM_STATIC_DEFINE -DCMARK_GFM_EXTENSIONS_STATIC_DEFINE -DR_NO_REMAP -DSTRICT_R_HEADERS  -I/usr/local/include   -fvisibility=hidden -fpic  -g -O2 -Wall -pedantic -mtune=native -fsanitize=address -Wno-stringop-truncation  -Wno-alloc-size-larger-than -c cmark/render.c -o cmark/render.o
gcc -fsanitize=address,undefined,bounds-strict -fno-omit-frame-pointer  -I"/opt/R/devel/lib/R/include" -DNDEBUG -Icmark -I. -DCMARK_GFM_STATIC_DEFINE -DCMARK_GFM_EXTENSIONS_STATIC_DEFINE -DR_NO_REMAP -DSTRICT_R_HEADERS  -I/usr/local/include   -fvisibility=hidden -fpic  -g -O2 -Wall -pedantic -mtune=native -fsanitize=address -Wno-stringop-truncation  -Wno-alloc-size-larger-than -c cmark/man.c -o cmark/man.o
gcc -fsanitize=address,undefined,bounds-strict -fno-omit-frame-pointer  -I"/opt/R/devel/lib/R/include" -DNDEBUG -Icmark -I. -DCMARK_GFM_STATIC_DEFINE -DCMARK_GFM_EXTENSIONS_STATIC_DEFINE -DR_NO_REMAP -DSTRICT_R_HEADERS  -I/usr/local/include   -fvisibility=hidden -fpic  -g -O2 -Wall -pedantic -mtune=native -fsanitize=address -Wno-stringop-truncation  -Wno-alloc-size-larger-than -c cmark/xml.c -o cmark/xml.o
gcc -fsanitize=address,undefined,bounds-strict -fno-omit-frame-pointer  -I"/opt/R/devel/lib/R/include" -DNDEBUG -Icmark -I. -DCMARK_GFM_STATIC_DEFINE -DCMARK_GFM_EXTENSIONS_STATIC_DEFINE -DR_NO_REMAP -DSTRICT_R_HEADERS  -I/usr/local/include   -fvisibility=hidden -fpic  -g -O2 -Wall -pedantic -mtune=native -fsanitize=address -Wno-stringop-truncation  -Wno-alloc-size-larger-than -c cmark/html.c -o cmark/html.o
gcc -fsanitize=address,undefined,bounds-strict -fno-omit-frame-pointer  -I"/opt/R/devel/lib/R/include" -DNDEBUG -Icmark -I. -DCMARK_GFM_STATIC_DEFINE -DCMARK_GFM_EXTENSIONS_STATIC_DEFINE -DR_NO_REMAP -DSTRICT_R_HEADERS  -I/usr/local/include   -fvisibility=hidden -fpic  -g -O2 -Wall -pedantic -mtune=native -fsanitize=address -Wno-stringop-truncation  -Wno-alloc-size-larger-than -c cmark/commonmark.c -o cmark/commonmark.o
gcc -fsanitize=address,undefined,bounds-strict -fno-omit-frame-pointer  -I"/opt/R/devel/lib/R/include" -DNDEBUG -Icmark -I. -DCMARK_GFM_STATIC_DEFINE -DCMARK_GFM_EXTENSIONS_STATIC_DEFINE -DR_NO_REMAP -DSTRICT_R_HEADERS  -I/usr/local/include   -fvisibility=hidden -fpic  -g -O2 -Wall -pedantic -mtune=native -fsanitize=address -Wno-stringop-truncation  -Wno-alloc-size-larger-than -c cmark/latex.c -o cmark/latex.o
gcc -fsanitize=address,undefined,bounds-strict -fno-omit-frame-pointer  -I"/opt/R/devel/lib/R/include" -DNDEBUG -Icmark -I. -DCMARK_GFM_STATIC_DEFINE -DCMARK_GFM_EXTENSIONS_STATIC_DEFINE -DR_NO_REMAP -DSTRICT_R_HEADERS  -I/usr/local/include   -fvisibility=hidden -fpic  -g -O2 -Wall -pedantic -mtune=native -fsanitize=address -Wno-stringop-truncation  -Wno-alloc-size-larger-than -c cmark/houdini_href_e.c -o cmark/houdini_href_e.o
gcc -fsanitize=address,undefined,bounds-strict -fno-omit-frame-pointer  -I"/opt/R/devel/lib/R/include" -DNDEBUG -Icmark -I. -DCMARK_GFM_STATIC_DEFINE -DCMARK_GFM_EXTENSIONS_STATIC_DEFINE -DR_NO_REMAP -DSTRICT_R_HEADERS  -I/usr/local/include   -fvisibility=hidden -fpic  -g -O2 -Wall -pedantic -mtune=native -fsanitize=address -Wno-stringop-truncation  -Wno-alloc-size-larger-than -c cmark/houdini_html_e.c -o cmark/houdini_html_e.o
gcc -fsanitize=address,undefined,bounds-strict -fno-omit-frame-pointer  -I"/opt/R/devel/lib/R/include" -DNDEBUG -Icmark -I. -DCMARK_GFM_STATIC_DEFINE -DCMARK_GFM_EXTENSIONS_STATIC_DEFINE -DR_NO_REMAP -DSTRICT_R_HEADERS  -I/usr/local/include   -fvisibility=hidden -fpic  -g -O2 -Wall -pedantic -mtune=native -fsanitize=address -Wno-stringop-truncation  -Wno-alloc-size-larger-than -c cmark/houdini_html_u.c -o cmark/houdini_html_u.o
gcc -fsanitize=address,undefined,bounds-strict -fno-omit-frame-pointer  -I"/opt/R/devel/lib/R/include" -DNDEBUG -Icmark -I. -DCMARK_GFM_STATIC_DEFINE -DCMARK_GFM_EXTENSIONS_STATIC_DEFINE -DR_NO_REMAP -DSTRICT_R_HEADERS  -I/usr/local/include   -fvisibility=hidden -fpic  -g -O2 -Wall -pedantic -mtune=native -fsanitize=address -Wno-stringop-truncation  -Wno-alloc-size-larger-than -c cmark/cmark_ctype.c -o cmark/cmark_ctype.o
gcc -fsanitize=address,undefined,bounds-strict -fno-omit-frame-pointer  -I"/opt/R/devel/lib/R/include" -DNDEBUG -Icmark -I. -DCMARK_GFM_STATIC_DEFINE -DCMARK_GFM_EXTENSIONS_STATIC_DEFINE -DR_NO_REMAP -DSTRICT_R_HEADERS  -I/usr/local/include   -fvisibility=hidden -fpic  -g -O2 -Wall -pedantic -mtune=native -fsanitize=address -Wno-stringop-truncation  -Wno-alloc-size-larger-than -c cmark/arena.c -o cmark/arena.o
gcc -fsanitize=address,undefined,bounds-strict -fno-omit-frame-pointer  -I"/opt/R/devel/lib/R/include" -DNDEBUG -Icmark -I. -DCMARK_GFM_STATIC_DEFINE -DCMARK_GFM_EXTENSIONS_STATIC_DEFINE -DR_NO_REMAP -DSTRICT_R_HEADERS  -I/usr/local/include   -fvisibility=hidden -fpic  -g -O2 -Wall -pedantic -mtune=native -fsanitize=address -Wno-stringop-truncation  -Wno-alloc-size-larger-than -c cmark/linked_list.c -o cmark/linked_list.o
gcc -fsanitize=address,undefined,bounds-strict -fno-omit-frame-pointer  -I"/opt/R/devel/lib/R/include" -DNDEBUG -Icmark -I. -DCMARK_GFM_STATIC_DEFINE -DCMARK_GFM_EXTENSIONS_STATIC_DEFINE -DR_NO_REMAP -DSTRICT_R_HEADERS  -I/usr/local/include   -fvisibility=hidden -fpic  -g -O2 -Wall -pedantic -mtune=native -fsanitize=address -Wno-stringop-truncation  -Wno-alloc-size-larger-than -c cmark/plugin.c -o cmark/plugin.o
gcc -fsanitize=address,undefined,bounds-strict -fno-omit-frame-pointer  -I"/opt/R/devel/lib/R/include" -DNDEBUG -Icmark -I. -DCMARK_GFM_STATIC_DEFINE -DCMARK_GFM_EXTENSIONS_STATIC_DEFINE -DR_NO_REMAP -DSTRICT_R_HEADERS  -I/usr/local/include   -fvisibility=hidden -fpic  -g -O2 -Wall -pedantic -mtune=native -fsanitize=address -Wno-stringop-truncation  -Wno-alloc-size-larger-than -c cmark/registry.c -o cmark/registry.o
gcc -fsanitize=address,undefined,bounds-strict -fno-omit-frame-pointer  -I"/opt/R/devel/lib/R/include" -DNDEBUG -Icmark -I. -DCMARK_GFM_STATIC_DEFINE -DCMARK_GFM_EXTENSIONS_STATIC_DEFINE -DR_NO_REMAP -DSTRICT_R_HEADERS  -I/usr/local/include   -fvisibility=hidden -fpic  -g -O2 -Wall -pedantic -mtune=native -fsanitize=address -Wno-stringop-truncation  -Wno-alloc-size-larger-than -c cmark/syntax_extension.c -o cmark/syntax_extension.o
gcc -fsanitize=address,undefined,bounds-strict -fno-omit-frame-pointer  -I"/opt/R/devel/lib/R/include" -DNDEBUG -Icmark -I. -DCMARK_GFM_STATIC_DEFINE -DCMARK_GFM_EXTENSIONS_STATIC_DEFINE -DR_NO_REMAP -DSTRICT_R_HEADERS  -I/usr/local/include   -fvisibility=hidden -fpic  -g -O2 -Wall -pedantic -mtune=native -fsanitize=address -Wno-stringop-truncation  -Wno-alloc-size-larger-than -c cmark/plaintext.c -o cmark/plaintext.o
gcc -fsanitize=address,undefined,bounds-strict -fno-omit-frame-pointer  -I"/opt/R/devel/lib/R/include" -DNDEBUG -Icmark -I. -DCMARK_GFM_STATIC_DEFINE -DCMARK_GFM_EXTENSIONS_STATIC_DEFINE -DR_NO_REMAP -DSTRICT_R_HEADERS  -I/usr/local/include   -fvisibility=hidden -fpic  -g -O2 -Wall -pedantic -mtune=native -fsanitize=address -Wno-stringop-truncation  -Wno-alloc-size-larger-than -c cmark/footnotes.c -o cmark/footnotes.o
gcc -fsanitize=address,undefined,bounds-strict -fno-omit-frame-pointer  -I"/opt/R/devel/lib/R/include" -DNDEBUG -Icmark -I. -DCMARK_GFM_STATIC_DEFINE -DCMARK_GFM_EXTENSIONS_STATIC_DEFINE -DR_NO_REMAP -DSTRICT_R_HEADERS  -I/usr/local/include   -fvisibility=hidden -fpic  -g -O2 -Wall -pedantic -mtune=native -fsanitize=address -Wno-stringop-truncation  -Wno-alloc-size-larger-than -c cmark/map.c -o cmark/map.o
gcc -fsanitize=address,undefined,bounds-strict -fno-omit-frame-pointer  -I"/opt/R/devel/lib/R/include" -DNDEBUG -Icmark -I. -DCMARK_GFM_STATIC_DEFINE -DCMARK_GFM_EXTENSIONS_STATIC_DEFINE -DR_NO_REMAP -DSTRICT_R_HEADERS  -I/usr/local/include   -fvisibility=hidden -fpic  -g -O2 -Wall -pedantic -mtune=native -fsanitize=address -Wno-stringop-truncation  -Wno-alloc-size-larger-than -c extensions/autolink.c -o extensions/autolink.o
gcc -fsanitize=address,undefined,bounds-strict -fno-omit-frame-pointer  -I"/opt/R/devel/lib/R/include" -DNDEBUG -Icmark -I. -DCMARK_GFM_STATIC_DEFINE -DCMARK_GFM_EXTENSIONS_STATIC_DEFINE -DR_NO_REMAP -DSTRICT_R_HEADERS  -I/usr/local/include   -fvisibility=hidden -fpic  -g -O2 -Wall -pedantic -mtune=native -fsanitize=address -Wno-stringop-truncation  -Wno-alloc-size-larger-than -c extensions/core-extensions.c -o extensions/core-extensions.o
gcc -fsanitize=address,undefined,bounds-strict -fno-omit-frame-pointer  -I"/opt/R/devel/lib/R/include" -DNDEBUG -Icmark -I. -DCMARK_GFM_STATIC_DEFINE -DCMARK_GFM_EXTENSIONS_STATIC_DEFINE -DR_NO_REMAP -DSTRICT_R_HEADERS  -I/usr/local/include   -fvisibility=hidden -fpic  -g -O2 -Wall -pedantic -mtune=native -fsanitize=address -Wno-stringop-truncation  -Wno-alloc-size-larger-than -c extensions/ext_scanners.c -o extensions/ext_scanners.o
gcc -fsanitize=address,undefined,bounds-strict -fno-omit-frame-pointer  -I"/opt/R/devel/lib/R/include" -DNDEBUG -Icmark -I. -DCMARK_GFM_STATIC_DEFINE -DCMARK_GFM_EXTENSIONS_STATIC_DEFINE -DR_NO_REMAP -DSTRICT_R_HEADERS  -I/usr/local/include   -fvisibility=hidden -fpic  -g -O2 -Wall -pedantic -mtune=native -fsanitize=address -Wno-stringop-truncation  -Wno-alloc-size-larger-than -c extensions/strikethrough.c -o extensions/strikethrough.o
gcc -fsanitize=address,undefined,bounds-strict -fno-omit-frame-pointer  -I"/opt/R/devel/lib/R/include" -DNDEBUG -Icmark -I. -DCMARK_GFM_STATIC_DEFINE -DCMARK_GFM_EXTENSIONS_STATIC_DEFINE -DR_NO_REMAP -DSTRICT_R_HEADERS  -I/usr/local/include   -fvisibility=hidden -fpic  -g -O2 -Wall -pedantic -mtune=native -fsanitize=address -Wno-stringop-truncation  -Wno-alloc-size-larger-than -c extensions/table.c -o extensions/table.o
gcc -fsanitize=address,undefined,bounds-strict -fno-omit-frame-pointer  -I"/opt/R/devel/lib/R/include" -DNDEBUG -Icmark -I. -DCMARK_GFM_STATIC_DEFINE -DCMARK_GFM_EXTENSIONS_STATIC_DEFINE -DR_NO_REMAP -DSTRICT_R_HEADERS  -I/usr/local/include   -fvisibility=hidden -fpic  -g -O2 -Wall -pedantic -mtune=native -fsanitize=address -Wno-stringop-truncation  -Wno-alloc-size-larger-than -c extensions/tagfilter.c -o extensions/tagfilter.o
gcc -fsanitize=address,undefined,bounds-strict -fno-omit-frame-pointer  -I"/opt/R/devel/lib/R/include" -DNDEBUG -Icmark -I. -DCMARK_GFM_STATIC_DEFINE -DCMARK_GFM_EXTENSIONS_STATIC_DEFINE -DR_NO_REMAP -DSTRICT_R_HEADERS  -I/usr/local/include   -fvisibility=hidden -fpic  -g -O2 -Wall -pedantic -mtune=native -fsanitize=address -Wno-stringop-truncation  -Wno-alloc-size-larger-than -c extensions/tasklist.c -o extensions/tasklist.o
gcc -fsanitize=address,undefined,bounds-strict -fno-omit-frame-pointer -shared -L/opt/R/devel/lib/R/lib -L/usr/local/lib -o commonmark.so extensions.o init.o wrapper.o -Lcmark -lstatcmark -L/opt/R/devel/lib/R/lib -lR
installing to /cache/R_libs/00LOCK-commonmark/00new/commonmark/libs
** R
** byte-compile and prepare package for lazy loading
** help
*** installing help indices
  converting help for package ‘commonmark’
    finding HTML links ... done
    commonmark                              html  
    extensions                              html  
** building package indices
** testing if installed package can be loaded from temporary location
** checking absolute paths in shared objects and dynamic libraries
** testing if installed package can be loaded from final location
** testing if installed package keeps a record of temporary installation path
* DONE (commonmark)
* installing *source* package ‘xfun’ ...
** this is package ‘xfun’ version ‘0.60.1’
** using staged installation
** libs
using C compiler: ‘gcc (GCC) 15.2.1 20260123 (Red Hat 15.2.1-7)’
gcc -fsanitize=address,undefined,bounds-strict -fno-omit-frame-pointer  -I"/opt/R/devel/lib/R/include" -DNDEBUG   -I/usr/local/include    -fpic  -g -O2 -Wall -pedantic -mtune=native -fsanitize=address -Wno-stringop-truncation  -Wno-alloc-size-larger-than -c base64.c -o base64.o
gcc -fsanitize=address,undefined,bounds-strict -fno-omit-frame-pointer  -I"/opt/R/devel/lib/R/include" -DNDEBUG   -I/usr/local/include    -fpic  -g -O2 -Wall -pedantic -mtune=native -fsanitize=address -Wno-stringop-truncation  -Wno-alloc-size-larger-than -c init.c -o init.o
gcc -fsanitize=address,undefined,bounds-strict -fno-omit-frame-pointer  -I"/opt/R/devel/lib/R/include" -DNDEBUG   -I/usr/local/include    -fpic  -g -O2 -Wall -pedantic -mtune=native -fsanitize=address -Wno-stringop-truncation  -Wno-alloc-size-larger-than -c rand_lcg.c -o rand_lcg.o
gcc -fsanitize=address,undefined,bounds-strict -fno-omit-frame-pointer -shared -L/opt/R/devel/lib/R/lib -L/usr/local/lib -o xfun.so base64.o init.o rand_lcg.o -L/opt/R/devel/lib/R/lib -lR
installing to /cache/R_libs/00LOCK-xfun/00new/xfun/libs
** R
** inst
** byte-compile and prepare package for lazy loading
** help
*** installing help indices
  converting help for package ‘xfun’
    finding HTML links ... done
    Rscript                                 html  
    Rscript_call                            html  
    alnum_id                                html  
    attr2                                   html  
    base64_encode                           html  
    base64_uri                              html  
    base_pkgs                               html  
    bg_process                              html  
    broken_packages                         html  
    browser_dom                             html  
    browser_print                           html  
    bump_version                            html  
    cache_exec                              html  
    cache_rds                               html  
    crandalf_check                          html  
    csv_options                             html  
    decimal_dot                             html  
    del_empty_dir                           html  
    dir_create                              html  
    dir_exists                              html  
    divide_chunk                            html  
    do_once                                 html  
    download_cache                          html  
    download_file                           html  
    embed_file                              html  
    env_option                              html  
    existing_files                          html  
    exit_call                               html  
    fenced_block                            html  
    file_ext                                html  
    file_rename                             html  
    file_string                             html  
    find_globals                            html  
    format_bytes                            html  
    from_root                               html  
    github_releases                         html  
    grep_sub                                html  
    gsub_file                               html  
    html_tag                                html  
    in_dir                                  html  
    install_dir                             html  
    install_github                          html  
    is_R_CMD_check                          html  
    is_abs_path                             html  
    is_ascii                                html  
    is_blank                                html  
    is_sub_path                             html  
    is_web_path                             html  
    join_words                              html  
    lazy_save                               html  
    magic_path                              html  
    mark_dirs                               html  
    md5                                     html  
    md_table                                html  
    mime_type                               html  
    msg_cat                                 html  
    native_encode                           html  
    new_app                                 html  
    news2md                                 html  
    normalize_path                          html  
    numbers_to_words                        html  
    optipng                                 html  
    os                                      html  
    parse_only                              html  
    pkg_attach                              html  
    pkg_bib                                 html  
    post_release                            html  
    proc_kill                               html  
    process_file                            html  
    proj_root                               html  
    prose_index                             html  
    protect_math                            html  
    rand_unit                               html  
    random_port                             html  
    raw_string                              html  
    read_all                                html  
    read_bin                                html  
    read_utf8                               html  
    record                                  html  
    record_print                            html  
    relative_path                           html  
    rename_seq                              html  
    rest_api                                html  
    retry                                   html  
    rev_check                               html  
    rstudio_type                            html  
    same_path                               html  
    serve_dir                               html  
    session_info                            html  
    set_envvar                              html  
    shrink_images                           html  
    split_lines                             html  
    split_source                            html  
    str_wrap                                html  
    strict_list                             html  
    strip_html                              html  
    submit_cran                             html  
    system3                                 html  
    tabset                                  html  
    taml_load                               html  
    tinify                                  html  
    tojson                                  html  
    tree                                    html  
    try_error                               html  
    try_silent                              html  
    upload_ftp                              html  
    upload_imgur                            html  
    url_accessible                          html  
    url_destination                         html  
    url_filename                            html  
    valid_syntax                            html  
    yaml_body                               html  
    yaml_load                               html  
** building package indices
** installing vignettes
** testing if installed package can be loaded from temporary location
** checking absolute paths in shared objects and dynamic libraries
** testing if installed package can be loaded from final location
** testing if installed package keeps a record of temporary installation path
* DONE (xfun)
* installing *source* package ‘tinytest’ ...
** this is package ‘tinytest’ version ‘1.4.3’
** package ‘tinytest’ successfully unpacked and MD5 sums checked
** using staged installation
** R
** inst
** byte-compile and prepare package for lazy loading
** help
*** installing help indices
  converting help for package ‘tinytest’
    finding HTML links ... done
    at_home                                 html  
    build_install_test                      html  
    exit_file                               html  
    expect_equal                            html  
    expect_equal_to_reference               html  
    expect_length                           html  
    expect_match                            html  
    get_call_wd                             html  
    ignore                                  html  
    print.tinytest                          html  
    puppy                                   html  
    register_tinytest_extension             html  
    report_side_effects                     html  
    run_test_dir                            html  
    run_test_file                           html  
    setup_tinytest                          html  
    test_package                            html  
    tinytest                                html  
    tinytests                               html  
    using                                   html  
** building package indices
** installing vignettes
** testing if installed package can be loaded from temporary location
** testing if installed package can be loaded from final location
** testing if installed package keeps a record of temporary installation path
* DONE (tinytest)
* installing *source* package ‘rbibutils’ ...
** this is package ‘rbibutils’ version ‘2.4.1’
** package ‘rbibutils’ successfully unpacked and MD5 sums checked
** using staged installation
** libs
using C compiler: ‘gcc (GCC) 15.2.1 20260123 (Red Hat 15.2.1-7)’
gcc -fsanitize=address,undefined,bounds-strict -fno-omit-frame-pointer  -I"/opt/R/devel/lib/R/include" -DNDEBUG   -I/usr/local/include    -fpic  -g -O2 -Wall -pedantic -mtune=native -fsanitize=address -Wno-stringop-truncation  -Wno-alloc-size-larger-than -c adsout.c -o adsout.o
gcc -fsanitize=address,undefined,bounds-strict -fno-omit-frame-pointer  -I"/opt/R/devel/lib/R/include" -DNDEBUG   -I/usr/local/include    -fpic  -g -O2 -Wall -pedantic -mtune=native -fsanitize=address -Wno-stringop-truncation  -Wno-alloc-size-larger-than -c any2xml.c -o any2xml.o
gcc -fsanitize=address,undefined,bounds-strict -fno-omit-frame-pointer  -I"/opt/R/devel/lib/R/include" -DNDEBUG   -I/usr/local/include    -fpic  -g -O2 -Wall -pedantic -mtune=native -fsanitize=address -Wno-stringop-truncation  -Wno-alloc-size-larger-than -c args.c -o args.o
gcc -fsanitize=address,undefined,bounds-strict -fno-omit-frame-pointer  -I"/opt/R/devel/lib/R/include" -DNDEBUG   -I/usr/local/include    -fpic  -g -O2 -Wall -pedantic -mtune=native -fsanitize=address -Wno-stringop-truncation  -Wno-alloc-size-larger-than -c bib2be.c -o bib2be.o
gcc -fsanitize=address,undefined,bounds-strict -fno-omit-frame-pointer  -I"/opt/R/devel/lib/R/include" -DNDEBUG   -I/usr/local/include    -fpic  -g -O2 -Wall -pedantic -mtune=native -fsanitize=address -Wno-stringop-truncation  -Wno-alloc-size-larger-than -c bibcore.c -o bibcore.o
gcc -fsanitize=address,undefined,bounds-strict -fno-omit-frame-pointer  -I"/opt/R/devel/lib/R/include" -DNDEBUG   -I/usr/local/include    -fpic  -g -O2 -Wall -pedantic -mtune=native -fsanitize=address -Wno-stringop-truncation  -Wno-alloc-size-larger-than -c bibentrydirectout.c -o bibentrydirectout.o
gcc -fsanitize=address,undefined,bounds-strict -fno-omit-frame-pointer  -I"/opt/R/devel/lib/R/include" -DNDEBUG   -I/usr/local/include    -fpic  -g -O2 -Wall -pedantic -mtune=native -fsanitize=address -Wno-stringop-truncation  -Wno-alloc-size-larger-than -c bibentryout.c -o bibentryout.o
gcc -fsanitize=address,undefined,bounds-strict -fno-omit-frame-pointer  -I"/opt/R/devel/lib/R/include" -DNDEBUG   -I/usr/local/include    -fpic  -g -O2 -Wall -pedantic -mtune=native -fsanitize=address -Wno-stringop-truncation  -Wno-alloc-size-larger-than -c bibl.c -o bibl.o
gcc -fsanitize=address,undefined,bounds-strict -fno-omit-frame-pointer  -I"/opt/R/devel/lib/R/include" -DNDEBUG   -I/usr/local/include    -fpic  -g -O2 -Wall -pedantic -mtune=native -fsanitize=address -Wno-stringop-truncation  -Wno-alloc-size-larger-than -c biblatexin.c -o biblatexin.o
gcc -fsanitize=address,undefined,bounds-strict -fno-omit-frame-pointer  -I"/opt/R/devel/lib/R/include" -DNDEBUG   -I/usr/local/include    -fpic  -g -O2 -Wall -pedantic -mtune=native -fsanitize=address -Wno-stringop-truncation  -Wno-alloc-size-larger-than -c biblatexout.c -o biblatexout.o
gcc -fsanitize=address,undefined,bounds-strict -fno-omit-frame-pointer  -I"/opt/R/devel/lib/R/include" -DNDEBUG   -I/usr/local/include    -fpic  -g -O2 -Wall -pedantic -mtune=native -fsanitize=address -Wno-stringop-truncation  -Wno-alloc-size-larger-than -c bibprog.c -o bibprog.o
gcc -fsanitize=address,undefined,bounds-strict -fno-omit-frame-pointer  -I"/opt/R/devel/lib/R/include" -DNDEBUG   -I/usr/local/include    -fpic  -g -O2 -Wall -pedantic -mtune=native -fsanitize=address -Wno-stringop-truncation  -Wno-alloc-size-larger-than -c bibtexdirectin.c -o bibtexdirectin.o
gcc -fsanitize=address,undefined,bounds-strict -fno-omit-frame-pointer  -I"/opt/R/devel/lib/R/include" -DNDEBUG   -I/usr/local/include    -fpic  -g -O2 -Wall -pedantic -mtune=native -fsanitize=address -Wno-stringop-truncation  -Wno-alloc-size-larger-than -c bibtexin.c -o bibtexin.o
gcc -fsanitize=address,undefined,bounds-strict -fno-omit-frame-pointer  -I"/opt/R/devel/lib/R/include" -DNDEBUG   -I/usr/local/include    -fpic  -g -O2 -Wall -pedantic -mtune=native -fsanitize=address -Wno-stringop-truncation  -Wno-alloc-size-larger-than -c bibtexout.c -o bibtexout.o
gcc -fsanitize=address,undefined,bounds-strict -fno-omit-frame-pointer  -I"/opt/R/devel/lib/R/include" -DNDEBUG   -I/usr/local/include    -fpic  -g -O2 -Wall -pedantic -mtune=native -fsanitize=address -Wno-stringop-truncation  -Wno-alloc-size-larger-than -c bibtextypes.c -o bibtextypes.o
gcc -fsanitize=address,undefined,bounds-strict -fno-omit-frame-pointer  -I"/opt/R/devel/lib/R/include" -DNDEBUG   -I/usr/local/include    -fpic  -g -O2 -Wall -pedantic -mtune=native -fsanitize=address -Wno-stringop-truncation  -Wno-alloc-size-larger-than -c bibutils.c -o bibutils.o
gcc -fsanitize=address,undefined,bounds-strict -fno-omit-frame-pointer  -I"/opt/R/devel/lib/R/include" -DNDEBUG   -I/usr/local/include    -fpic  -g -O2 -Wall -pedantic -mtune=native -fsanitize=address -Wno-stringop-truncation  -Wno-alloc-size-larger-than -c bltypes.c -o bltypes.o
gcc -fsanitize=address,undefined,bounds-strict -fno-omit-frame-pointer  -I"/opt/R/devel/lib/R/include" -DNDEBUG   -I/usr/local/include    -fpic  -g -O2 -Wall -pedantic -mtune=native -fsanitize=address -Wno-stringop-truncation  -Wno-alloc-size-larger-than -c bu_auth.c -o bu_auth.o
gcc -fsanitize=address,undefined,bounds-strict -fno-omit-frame-pointer  -I"/opt/R/devel/lib/R/include" -DNDEBUG   -I/usr/local/include    -fpic  -g -O2 -Wall -pedantic -mtune=native -fsanitize=address -Wno-stringop-truncation  -Wno-alloc-size-larger-than -c charsets.c -o charsets.o
gcc -fsanitize=address,undefined,bounds-strict -fno-omit-frame-pointer  -I"/opt/R/devel/lib/R/include" -DNDEBUG   -I/usr/local/include    -fpic  -g -O2 -Wall -pedantic -mtune=native -fsanitize=address -Wno-stringop-truncation  -Wno-alloc-size-larger-than -c common_be_bed.c -o common_be_bed.o
gcc -fsanitize=address,undefined,bounds-strict -fno-omit-frame-pointer  -I"/opt/R/devel/lib/R/include" -DNDEBUG   -I/usr/local/include    -fpic  -g -O2 -Wall -pedantic -mtune=native -fsanitize=address -Wno-stringop-truncation  -Wno-alloc-size-larger-than -c common_bt_blt_btd_out.c -o common_bt_blt_btd_out.o
gcc -fsanitize=address,undefined,bounds-strict -fno-omit-frame-pointer  -I"/opt/R/devel/lib/R/include" -DNDEBUG   -I/usr/local/include    -fpic  -g -O2 -Wall -pedantic -mtune=native -fsanitize=address -Wno-stringop-truncation  -Wno-alloc-size-larger-than -c common_bt_btd.c -o common_bt_btd.o
gcc -fsanitize=address,undefined,bounds-strict -fno-omit-frame-pointer  -I"/opt/R/devel/lib/R/include" -DNDEBUG   -I/usr/local/include    -fpic  -g -O2 -Wall -pedantic -mtune=native -fsanitize=address -Wno-stringop-truncation  -Wno-alloc-size-larger-than -c common_bt_btd_blt.c -o common_bt_btd_blt.o
gcc -fsanitize=address,undefined,bounds-strict -fno-omit-frame-pointer  -I"/opt/R/devel/lib/R/include" -DNDEBUG   -I/usr/local/include    -fpic  -g -O2 -Wall -pedantic -mtune=native -fsanitize=address -Wno-stringop-truncation  -Wno-alloc-size-larger-than -c common_bt_btd_out.c -o common_bt_btd_out.o
gcc -fsanitize=address,undefined,bounds-strict -fno-omit-frame-pointer  -I"/opt/R/devel/lib/R/include" -DNDEBUG   -I/usr/local/include    -fpic  -g -O2 -Wall -pedantic -mtune=native -fsanitize=address -Wno-stringop-truncation  -Wno-alloc-size-larger-than -c common_most.c -o common_most.o
gcc -fsanitize=address,undefined,bounds-strict -fno-omit-frame-pointer  -I"/opt/R/devel/lib/R/include" -DNDEBUG   -I/usr/local/include    -fpic  -g -O2 -Wall -pedantic -mtune=native -fsanitize=address -Wno-stringop-truncation  -Wno-alloc-size-larger-than -c copacin.c -o copacin.o
gcc -fsanitize=address,undefined,bounds-strict -fno-omit-frame-pointer  -I"/opt/R/devel/lib/R/include" -DNDEBUG   -I/usr/local/include    -fpic  -g -O2 -Wall -pedantic -mtune=native -fsanitize=address -Wno-stringop-truncation  -Wno-alloc-size-larger-than -c copactypes.c -o copactypes.o
gcc -fsanitize=address,undefined,bounds-strict -fno-omit-frame-pointer  -I"/opt/R/devel/lib/R/include" -DNDEBUG   -I/usr/local/include    -fpic  -g -O2 -Wall -pedantic -mtune=native -fsanitize=address -Wno-stringop-truncation  -Wno-alloc-size-larger-than -c ebiin.c -o ebiin.o
gcc -fsanitize=address,undefined,bounds-strict -fno-omit-frame-pointer  -I"/opt/R/devel/lib/R/include" -DNDEBUG   -I/usr/local/include    -fpic  -g -O2 -Wall -pedantic -mtune=native -fsanitize=address -Wno-stringop-truncation  -Wno-alloc-size-larger-than -c endin.c -o endin.o
gcc -fsanitize=address,undefined,bounds-strict -fno-omit-frame-pointer  -I"/opt/R/devel/lib/R/include" -DNDEBUG   -I/usr/local/include    -fpic  -g -O2 -Wall -pedantic -mtune=native -fsanitize=address -Wno-stringop-truncation  -Wno-alloc-size-larger-than -c endout.c -o endout.o
gcc -fsanitize=address,undefined,bounds-strict -fno-omit-frame-pointer  -I"/opt/R/devel/lib/R/include" -DNDEBUG   -I/usr/local/include    -fpic  -g -O2 -Wall -pedantic -mtune=native -fsanitize=address -Wno-stringop-truncation  -Wno-alloc-size-larger-than -c endtypes.c -o endtypes.o
gcc -fsanitize=address,undefined,bounds-strict -fno-omit-frame-pointer  -I"/opt/R/devel/lib/R/include" -DNDEBUG   -I/usr/local/include    -fpic  -g -O2 -Wall -pedantic -mtune=native -fsanitize=address -Wno-stringop-truncation  -Wno-alloc-size-larger-than -c endxmlin.c -o endxmlin.o
gcc -fsanitize=address,undefined,bounds-strict -fno-omit-frame-pointer  -I"/opt/R/devel/lib/R/include" -DNDEBUG   -I/usr/local/include    -fpic  -g -O2 -Wall -pedantic -mtune=native -fsanitize=address -Wno-stringop-truncation  -Wno-alloc-size-larger-than -c entities.c -o entities.o
gcc -fsanitize=address,undefined,bounds-strict -fno-omit-frame-pointer  -I"/opt/R/devel/lib/R/include" -DNDEBUG   -I/usr/local/include    -fpic  -g -O2 -Wall -pedantic -mtune=native -fsanitize=address -Wno-stringop-truncation  -Wno-alloc-size-larger-than -c fields.c -o fields.o
gcc -fsanitize=address,undefined,bounds-strict -fno-omit-frame-pointer  -I"/opt/R/devel/lib/R/include" -DNDEBUG   -I/usr/local/include    -fpic  -g -O2 -Wall -pedantic -mtune=native -fsanitize=address -Wno-stringop-truncation  -Wno-alloc-size-larger-than -c gb18030.c -o gb18030.o
gcc -fsanitize=address,undefined,bounds-strict -fno-omit-frame-pointer  -I"/opt/R/devel/lib/R/include" -DNDEBUG   -I/usr/local/include    -fpic  -g -O2 -Wall -pedantic -mtune=native -fsanitize=address -Wno-stringop-truncation  -Wno-alloc-size-larger-than -c generic.c -o generic.o
gcc -fsanitize=address,undefined,bounds-strict -fno-omit-frame-pointer  -I"/opt/R/devel/lib/R/include" -DNDEBUG   -I/usr/local/include    -fpic  -g -O2 -Wall -pedantic -mtune=native -fsanitize=address -Wno-stringop-truncation  -Wno-alloc-size-larger-than -c init.c -o init.o
gcc -fsanitize=address,undefined,bounds-strict -fno-omit-frame-pointer  -I"/opt/R/devel/lib/R/include" -DNDEBUG   -I/usr/local/include    -fpic  -g -O2 -Wall -pedantic -mtune=native -fsanitize=address -Wno-stringop-truncation  -Wno-alloc-size-larger-than -c intlist.c -o intlist.o
intlist.c:27:1: warning: ‘intlist_validn’ defined but not used [-Wunused-function]
   27 | intlist_validn( intlist *il, int n )
      | ^~~~~~~~~~~~~~
gcc -fsanitize=address,undefined,bounds-strict -fno-omit-frame-pointer  -I"/opt/R/devel/lib/R/include" -DNDEBUG   -I/usr/local/include    -fpic  -g -O2 -Wall -pedantic -mtune=native -fsanitize=address -Wno-stringop-truncation  -Wno-alloc-size-larger-than -c is_ws.c -o is_ws.o
gcc -fsanitize=address,undefined,bounds-strict -fno-omit-frame-pointer  -I"/opt/R/devel/lib/R/include" -DNDEBUG   -I/usr/local/include    -fpic  -g -O2 -Wall -pedantic -mtune=native -fsanitize=address -Wno-stringop-truncation  -Wno-alloc-size-larger-than -c isiin.c -o isiin.o
gcc -fsanitize=address,undefined,bounds-strict -fno-omit-frame-pointer  -I"/opt/R/devel/lib/R/include" -DNDEBUG   -I/usr/local/include    -fpic  -g -O2 -Wall -pedantic -mtune=native -fsanitize=address -Wno-stringop-truncation  -Wno-alloc-size-larger-than -c isiout.c -o isiout.o
gcc -fsanitize=address,undefined,bounds-strict -fno-omit-frame-pointer  -I"/opt/R/devel/lib/R/include" -DNDEBUG   -I/usr/local/include    -fpic  -g -O2 -Wall -pedantic -mtune=native -fsanitize=address -Wno-stringop-truncation  -Wno-alloc-size-larger-than -c isitypes.c -o isitypes.o
gcc -fsanitize=address,undefined,bounds-strict -fno-omit-frame-pointer  -I"/opt/R/devel/lib/R/include" -DNDEBUG   -I/usr/local/include    -fpic  -g -O2 -Wall -pedantic -mtune=native -fsanitize=address -Wno-stringop-truncation  -Wno-alloc-size-larger-than -c iso639_1.c -o iso639_1.o
gcc -fsanitize=address,undefined,bounds-strict -fno-omit-frame-pointer  -I"/opt/R/devel/lib/R/include" -DNDEBUG   -I/usr/local/include    -fpic  -g -O2 -Wall -pedantic -mtune=native -fsanitize=address -Wno-stringop-truncation  -Wno-alloc-size-larger-than -c iso639_2.c -o iso639_2.o
gcc -fsanitize=address,undefined,bounds-strict -fno-omit-frame-pointer  -I"/opt/R/devel/lib/R/include" -DNDEBUG   -I/usr/local/include    -fpic  -g -O2 -Wall -pedantic -mtune=native -fsanitize=address -Wno-stringop-truncation  -Wno-alloc-size-larger-than -c iso639_3.c -o iso639_3.o
gcc -fsanitize=address,undefined,bounds-strict -fno-omit-frame-pointer  -I"/opt/R/devel/lib/R/include" -DNDEBUG   -I/usr/local/include    -fpic  -g -O2 -Wall -pedantic -mtune=native -fsanitize=address -Wno-stringop-truncation  -Wno-alloc-size-larger-than -c latex.c -o latex.o
gcc -fsanitize=address,undefined,bounds-strict -fno-omit-frame-pointer  -I"/opt/R/devel/lib/R/include" -DNDEBUG   -I/usr/local/include    -fpic  -g -O2 -Wall -pedantic -mtune=native -fsanitize=address -Wno-stringop-truncation  -Wno-alloc-size-larger-than -c latex_parse.c -o latex_parse.o
gcc -fsanitize=address,undefined,bounds-strict -fno-omit-frame-pointer  -I"/opt/R/devel/lib/R/include" -DNDEBUG   -I/usr/local/include    -fpic  -g -O2 -Wall -pedantic -mtune=native -fsanitize=address -Wno-stringop-truncation  -Wno-alloc-size-larger-than -c marc_auth.c -o marc_auth.o
gcc -fsanitize=address,undefined,bounds-strict -fno-omit-frame-pointer  -I"/opt/R/devel/lib/R/include" -DNDEBUG   -I/usr/local/include    -fpic  -g -O2 -Wall -pedantic -mtune=native -fsanitize=address -Wno-stringop-truncation  -Wno-alloc-size-larger-than -c medin.c -o medin.o
gcc -fsanitize=address,undefined,bounds-strict -fno-omit-frame-pointer  -I"/opt/R/devel/lib/R/include" -DNDEBUG   -I/usr/local/include    -fpic  -g -O2 -Wall -pedantic -mtune=native -fsanitize=address -Wno-stringop-truncation  -Wno-alloc-size-larger-than -c modsin.c -o modsin.o
gcc -fsanitize=address,undefined,bounds-strict -fno-omit-frame-pointer  -I"/opt/R/devel/lib/R/include" -DNDEBUG   -I/usr/local/include    -fpic  -g -O2 -Wall -pedantic -mtune=native -fsanitize=address -Wno-stringop-truncation  -Wno-alloc-size-larger-than -c modsout.c -o modsout.o
gcc -fsanitize=address,undefined,bounds-strict -fno-omit-frame-pointer  -I"/opt/R/devel/lib/R/include" -DNDEBUG   -I/usr/local/include    -fpic  -g -O2 -Wall -pedantic -mtune=native -fsanitize=address -Wno-stringop-truncation  -Wno-alloc-size-larger-than -c modstypes.c -o modstypes.o
gcc -fsanitize=address,undefined,bounds-strict -fno-omit-frame-pointer  -I"/opt/R/devel/lib/R/include" -DNDEBUG   -I/usr/local/include    -fpic  -g -O2 -Wall -pedantic -mtune=native -fsanitize=address -Wno-stringop-truncation  -Wno-alloc-size-larger-than -c name.c -o name.o
gcc -fsanitize=address,undefined,bounds-strict -fno-omit-frame-pointer  -I"/opt/R/devel/lib/R/include" -DNDEBUG   -I/usr/local/include    -fpic  -g -O2 -Wall -pedantic -mtune=native -fsanitize=address -Wno-stringop-truncation  -Wno-alloc-size-larger-than -c nbibin.c -o nbibin.o
gcc -fsanitize=address,undefined,bounds-strict -fno-omit-frame-pointer  -I"/opt/R/devel/lib/R/include" -DNDEBUG   -I/usr/local/include    -fpic  -g -O2 -Wall -pedantic -mtune=native -fsanitize=address -Wno-stringop-truncation  -Wno-alloc-size-larger-than -c nbibout.c -o nbibout.o
gcc -fsanitize=address,undefined,bounds-strict -fno-omit-frame-pointer  -I"/opt/R/devel/lib/R/include" -DNDEBUG   -I/usr/local/include    -fpic  -g -O2 -Wall -pedantic -mtune=native -fsanitize=address -Wno-stringop-truncation  -Wno-alloc-size-larger-than -c nbibtypes.c -o nbibtypes.o
gcc -fsanitize=address,undefined,bounds-strict -fno-omit-frame-pointer  -I"/opt/R/devel/lib/R/include" -DNDEBUG   -I/usr/local/include    -fpic  -g -O2 -Wall -pedantic -mtune=native -fsanitize=address -Wno-stringop-truncation  -Wno-alloc-size-larger-than -c notes.c -o notes.o
gcc -fsanitize=address,undefined,bounds-strict -fno-omit-frame-pointer  -I"/opt/R/devel/lib/R/include" -DNDEBUG   -I/usr/local/include    -fpic  -g -O2 -Wall -pedantic -mtune=native -fsanitize=address -Wno-stringop-truncation  -Wno-alloc-size-larger-than -c pages.c -o pages.o
gcc -fsanitize=address,undefined,bounds-strict -fno-omit-frame-pointer  -I"/opt/R/devel/lib/R/include" -DNDEBUG   -I/usr/local/include    -fpic  -g -O2 -Wall -pedantic -mtune=native -fsanitize=address -Wno-stringop-truncation  -Wno-alloc-size-larger-than -c reftypes.c -o reftypes.o
gcc -fsanitize=address,undefined,bounds-strict -fno-omit-frame-pointer  -I"/opt/R/devel/lib/R/include" -DNDEBUG   -I/usr/local/include    -fpic  -g -O2 -Wall -pedantic -mtune=native -fsanitize=address -Wno-stringop-truncation  -Wno-alloc-size-larger-than -c risin.c -o risin.o
gcc -fsanitize=address,undefined,bounds-strict -fno-omit-frame-pointer  -I"/opt/R/devel/lib/R/include" -DNDEBUG   -I/usr/local/include    -fpic  -g -O2 -Wall -pedantic -mtune=native -fsanitize=address -Wno-stringop-truncation  -Wno-alloc-size-larger-than -c risout.c -o risout.o
gcc -fsanitize=address,undefined,bounds-strict -fno-omit-frame-pointer  -I"/opt/R/devel/lib/R/include" -DNDEBUG   -I/usr/local/include    -fpic  -g -O2 -Wall -pedantic -mtune=native -fsanitize=address -Wno-stringop-truncation  -Wno-alloc-size-larger-than -c ristypes.c -o ristypes.o
gcc -fsanitize=address,undefined,bounds-strict -fno-omit-frame-pointer  -I"/opt/R/devel/lib/R/include" -DNDEBUG   -I/usr/local/include    -fpic  -g -O2 -Wall -pedantic -mtune=native -fsanitize=address -Wno-stringop-truncation  -Wno-alloc-size-larger-than -c serialno.c -o serialno.o
gcc -fsanitize=address,undefined,bounds-strict -fno-omit-frame-pointer  -I"/opt/R/devel/lib/R/include" -DNDEBUG   -I/usr/local/include    -fpic  -g -O2 -Wall -pedantic -mtune=native -fsanitize=address -Wno-stringop-truncation  -Wno-alloc-size-larger-than -c slist.c -o slist.o
gcc -fsanitize=address,undefined,bounds-strict -fno-omit-frame-pointer  -I"/opt/R/devel/lib/R/include" -DNDEBUG   -I/usr/local/include    -fpic  -g -O2 -Wall -pedantic -mtune=native -fsanitize=address -Wno-stringop-truncation  -Wno-alloc-size-larger-than -c str.c -o str.o
gcc -fsanitize=address,undefined,bounds-strict -fno-omit-frame-pointer  -I"/opt/R/devel/lib/R/include" -DNDEBUG   -I/usr/local/include    -fpic  -g -O2 -Wall -pedantic -mtune=native -fsanitize=address -Wno-stringop-truncation  -Wno-alloc-size-larger-than -c str_conv.c -o str_conv.o
gcc -fsanitize=address,undefined,bounds-strict -fno-omit-frame-pointer  -I"/opt/R/devel/lib/R/include" -DNDEBUG   -I/usr/local/include    -fpic  -g -O2 -Wall -pedantic -mtune=native -fsanitize=address -Wno-stringop-truncation  -Wno-alloc-size-larger-than -c strsearch.c -o strsearch.o
gcc -fsanitize=address,undefined,bounds-strict -fno-omit-frame-pointer  -I"/opt/R/devel/lib/R/include" -DNDEBUG   -I/usr/local/include    -fpic  -g -O2 -Wall -pedantic -mtune=native -fsanitize=address -Wno-stringop-truncation  -Wno-alloc-size-larger-than -c title.c -o title.o
gcc -fsanitize=address,undefined,bounds-strict -fno-omit-frame-pointer  -I"/opt/R/devel/lib/R/include" -DNDEBUG   -I/usr/local/include    -fpic  -g -O2 -Wall -pedantic -mtune=native -fsanitize=address -Wno-stringop-truncation  -Wno-alloc-size-larger-than -c tomods.c -o tomods.o
gcc -fsanitize=address,undefined,bounds-strict -fno-omit-frame-pointer  -I"/opt/R/devel/lib/R/include" -DNDEBUG   -I/usr/local/include    -fpic  -g -O2 -Wall -pedantic -mtune=native -fsanitize=address -Wno-stringop-truncation  -Wno-alloc-size-larger-than -c type.c -o type.o
gcc -fsanitize=address,undefined,bounds-strict -fno-omit-frame-pointer  -I"/opt/R/devel/lib/R/include" -DNDEBUG   -I/usr/local/include    -fpic  -g -O2 -Wall -pedantic -mtune=native -fsanitize=address -Wno-stringop-truncation  -Wno-alloc-size-larger-than -c unicode.c -o unicode.o
gcc -fsanitize=address,undefined,bounds-strict -fno-omit-frame-pointer  -I"/opt/R/devel/lib/R/include" -DNDEBUG   -I/usr/local/include    -fpic  -g -O2 -Wall -pedantic -mtune=native -fsanitize=address -Wno-stringop-truncation  -Wno-alloc-size-larger-than -c url.c -o url.o
gcc -fsanitize=address,undefined,bounds-strict -fno-omit-frame-pointer  -I"/opt/R/devel/lib/R/include" -DNDEBUG   -I/usr/local/include    -fpic  -g -O2 -Wall -pedantic -mtune=native -fsanitize=address -Wno-stringop-truncation  -Wno-alloc-size-larger-than -c utf8.c -o utf8.o
gcc -fsanitize=address,undefined,bounds-strict -fno-omit-frame-pointer  -I"/opt/R/devel/lib/R/include" -DNDEBUG   -I/usr/local/include    -fpic  -g -O2 -Wall -pedantic -mtune=native -fsanitize=address -Wno-stringop-truncation  -Wno-alloc-size-larger-than -c vplist.c -o vplist.o
gcc -fsanitize=address,undefined,bounds-strict -fno-omit-frame-pointer  -I"/opt/R/devel/lib/R/include" -DNDEBUG   -I/usr/local/include    -fpic  -g -O2 -Wall -pedantic -mtune=native -fsanitize=address -Wno-stringop-truncation  -Wno-alloc-size-larger-than -c wordin.c -o wordin.o
gcc -fsanitize=address,undefined,bounds-strict -fno-omit-frame-pointer  -I"/opt/R/devel/lib/R/include" -DNDEBUG   -I/usr/local/include    -fpic  -g -O2 -Wall -pedantic -mtune=native -fsanitize=address -Wno-stringop-truncation  -Wno-alloc-size-larger-than -c wordout.c -o wordout.o
gcc -fsanitize=address,undefined,bounds-strict -fno-omit-frame-pointer  -I"/opt/R/devel/lib/R/include" -DNDEBUG   -I/usr/local/include    -fpic  -g -O2 -Wall -pedantic -mtune=native -fsanitize=address -Wno-stringop-truncation  -Wno-alloc-size-larger-than -c xml.c -o xml.o
gcc -fsanitize=address,undefined,bounds-strict -fno-omit-frame-pointer  -I"/opt/R/devel/lib/R/include" -DNDEBUG   -I/usr/local/include    -fpic  -g -O2 -Wall -pedantic -mtune=native -fsanitize=address -Wno-stringop-truncation  -Wno-alloc-size-larger-than -c xml2any.c -o xml2any.o
gcc -fsanitize=address,undefined,bounds-strict -fno-omit-frame-pointer  -I"/opt/R/devel/lib/R/include" -DNDEBUG   -I/usr/local/include    -fpic  -g -O2 -Wall -pedantic -mtune=native -fsanitize=address -Wno-stringop-truncation  -Wno-alloc-size-larger-than -c xml_encoding.c -o xml_encoding.o
gcc -fsanitize=address,undefined,bounds-strict -fno-omit-frame-pointer -shared -L/opt/R/devel/lib/R/lib -L/usr/local/lib -o rbibutils.so adsout.o any2xml.o args.o bib2be.o bibcore.o bibentrydirectout.o bibentryout.o bibl.o biblatexin.o biblatexout.o bibprog.o bibtexdirectin.o bibtexin.o bibtexout.o bibtextypes.o bibutils.o bltypes.o bu_auth.o charsets.o common_be_bed.o common_bt_blt_btd_out.o common_bt_btd.o common_bt_btd_blt.o common_bt_btd_out.o common_most.o copacin.o copactypes.o ebiin.o endin.o endout.o endtypes.o endxmlin.o entities.o fields.o gb18030.o generic.o init.o intlist.o is_ws.o isiin.o isiout.o isitypes.o iso639_1.o iso639_2.o iso639_3.o latex.o latex_parse.o marc_auth.o medin.o modsin.o modsout.o modstypes.o name.o nbibin.o nbibout.o nbibtypes.o notes.o pages.o reftypes.o risin.o risout.o ristypes.o serialno.o slist.o str.o str_conv.o strsearch.o title.o tomods.o type.o unicode.o url.o utf8.o vplist.o wordin.o wordout.o xml.o xml2any.o xml_encoding.o -L/opt/R/devel/lib/R/lib -lR
installing to /cache/R_libs/00LOCK-rbibutils/00new/rbibutils/libs
** R
** inst
** byte-compile and prepare package for lazy loading
** help
*** installing help indices
  converting help for package ‘rbibutils’
    finding HTML links ... done
    bibConvert                              html  
    bibentryExtra                           html  
    bibstyle_JSSextra                       html  
    rbibutils-package                       html  
    rbibutils_formats                       html  
    readBib                                 html  
    readBibentry                            html  
** building package indices
** installing vignettes
** testing if installed package can be loaded from temporary location
** checking absolute paths in shared objects and dynamic libraries
** testing if installed package can be loaded from final location
** testing if installed package keeps a record of temporary installation path
* DONE (rbibutils)
* installing *source* package ‘litedown’ ...
** this is package ‘litedown’ version ‘0.10.1’
** using staged installation
** R
** inst
** byte-compile and prepare package for lazy loading
** help
*** installing help indices
  converting help for package ‘litedown’
    finding HTML links ... done
    crack                                   html  
    engines                                 html  
    fuse_book                               html  
    fuse_env                                html  
    fuse_exit                               html  
    fuse_site                               html  
    get_context                             html  
    html_format                             html  
    litedown-package                        html  
    mark                                    html  
    markdown_options                        html  
    pkg_desc                                html  
    raw_text                                html  
    reactor                                 html  
    roam                                    html  
    smartypants                             html  
    timing_data                             html  
    vest                                    html  
** building package indices
** installing vignettes
** testing if installed package can be loaded from temporary location
** testing if installed package can be loaded from final location
** testing if installed package keeps a record of temporary installation path
* DONE (litedown)

The downloaded source packages are in
	‘/tmp/Rtmp0FK7tt/downloaded_packages’
trying URL 'https://cloud.r-project.org/src/contrib/curl_7.1.0.tar.gz'
Content type 'application/x-gzip' length 717725 bytes (700 KB)
==================================================
downloaded 700 KB

* installing *source* package ‘curl’ ...
** this is package ‘curl’ version ‘7.1.0’
** package ‘curl’ successfully unpacked and MD5 sums checked
** using staged installation
Found pkg-config cflags and libs!
Using PKG_CFLAGS=-DWITH_GZFILEOP
Using PKG_LIBS=-lcurl
** libs
using C compiler: ‘gcc (GCC) 15.2.1 20260123 (Red Hat 15.2.1-7)’
gcc -fsanitize=address,undefined,bounds-strict -fno-omit-frame-pointer  -I"/opt/R/devel/lib/R/include" -DNDEBUG -DWITH_GZFILEOP -DSTRICT_R_HEADERS -DR_NO_REMAP  -I/usr/local/include   -fvisibility=hidden -fpic  -g -O2 -Wall -pedantic -mtune=native -fsanitize=address -Wno-stringop-truncation  -Wno-alloc-size-larger-than -c callbacks.c -o callbacks.o
gcc -fsanitize=address,undefined,bounds-strict -fno-omit-frame-pointer  -I"/opt/R/devel/lib/R/include" -DNDEBUG -DWITH_GZFILEOP -DSTRICT_R_HEADERS -DR_NO_REMAP  -I/usr/local/include   -fvisibility=hidden -fpic  -g -O2 -Wall -pedantic -mtune=native -fsanitize=address -Wno-stringop-truncation  -Wno-alloc-size-larger-than -c curl.c -o curl.o
gcc -fsanitize=address,undefined,bounds-strict -fno-omit-frame-pointer  -I"/opt/R/devel/lib/R/include" -DNDEBUG -DWITH_GZFILEOP -DSTRICT_R_HEADERS -DR_NO_REMAP  -I/usr/local/include   -fvisibility=hidden -fpic  -g -O2 -Wall -pedantic -mtune=native -fsanitize=address -Wno-stringop-truncation  -Wno-alloc-size-larger-than -c download.c -o download.o
gcc -fsanitize=address,undefined,bounds-strict -fno-omit-frame-pointer  -I"/opt/R/devel/lib/R/include" -DNDEBUG -DWITH_GZFILEOP -DSTRICT_R_HEADERS -DR_NO_REMAP  -I/usr/local/include   -fvisibility=hidden -fpic  -g -O2 -Wall -pedantic -mtune=native -fsanitize=address -Wno-stringop-truncation  -Wno-alloc-size-larger-than -c dryrun.c -o dryrun.o
gcc -fsanitize=address,undefined,bounds-strict -fno-omit-frame-pointer  -I"/opt/R/devel/lib/R/include" -DNDEBUG -DWITH_GZFILEOP -DSTRICT_R_HEADERS -DR_NO_REMAP  -I/usr/local/include   -fvisibility=hidden -fpic  -g -O2 -Wall -pedantic -mtune=native -fsanitize=address -Wno-stringop-truncation  -Wno-alloc-size-larger-than -c escape.c -o escape.o
gcc -fsanitize=address,undefined,bounds-strict -fno-omit-frame-pointer  -I"/opt/R/devel/lib/R/include" -DNDEBUG -DWITH_GZFILEOP -DSTRICT_R_HEADERS -DR_NO_REMAP  -I/usr/local/include   -fvisibility=hidden -fpic  -g -O2 -Wall -pedantic -mtune=native -fsanitize=address -Wno-stringop-truncation  -Wno-alloc-size-larger-than -c fetch.c -o fetch.o
gcc -fsanitize=address,undefined,bounds-strict -fno-omit-frame-pointer  -I"/opt/R/devel/lib/R/include" -DNDEBUG -DWITH_GZFILEOP -DSTRICT_R_HEADERS -DR_NO_REMAP  -I/usr/local/include   -fvisibility=hidden -fpic  -g -O2 -Wall -pedantic -mtune=native -fsanitize=address -Wno-stringop-truncation  -Wno-alloc-size-larger-than -c findport.c -o findport.o
gcc -fsanitize=address,undefined,bounds-strict -fno-omit-frame-pointer  -I"/opt/R/devel/lib/R/include" -DNDEBUG -DWITH_GZFILEOP -DSTRICT_R_HEADERS -DR_NO_REMAP  -I/usr/local/include   -fvisibility=hidden -fpic  -g -O2 -Wall -pedantic -mtune=native -fsanitize=address -Wno-stringop-truncation  -Wno-alloc-size-larger-than -c form.c -o form.o
gcc -fsanitize=address,undefined,bounds-strict -fno-omit-frame-pointer  -I"/opt/R/devel/lib/R/include" -DNDEBUG -DWITH_GZFILEOP -DSTRICT_R_HEADERS -DR_NO_REMAP  -I/usr/local/include   -fvisibility=hidden -fpic  -g -O2 -Wall -pedantic -mtune=native -fsanitize=address -Wno-stringop-truncation  -Wno-alloc-size-larger-than -c getdate.c -o getdate.o
gcc -fsanitize=address,undefined,bounds-strict -fno-omit-frame-pointer  -I"/opt/R/devel/lib/R/include" -DNDEBUG -DWITH_GZFILEOP -DSTRICT_R_HEADERS -DR_NO_REMAP  -I/usr/local/include   -fvisibility=hidden -fpic  -g -O2 -Wall -pedantic -mtune=native -fsanitize=address -Wno-stringop-truncation  -Wno-alloc-size-larger-than -c handle.c -o handle.o
gcc -fsanitize=address,undefined,bounds-strict -fno-omit-frame-pointer  -I"/opt/R/devel/lib/R/include" -DNDEBUG -DWITH_GZFILEOP -DSTRICT_R_HEADERS -DR_NO_REMAP  -I/usr/local/include   -fvisibility=hidden -fpic  -g -O2 -Wall -pedantic -mtune=native -fsanitize=address -Wno-stringop-truncation  -Wno-alloc-size-larger-than -c ieproxy.c -o ieproxy.o
gcc -fsanitize=address,undefined,bounds-strict -fno-omit-frame-pointer  -I"/opt/R/devel/lib/R/include" -DNDEBUG -DWITH_GZFILEOP -DSTRICT_R_HEADERS -DR_NO_REMAP  -I/usr/local/include   -fvisibility=hidden -fpic  -g -O2 -Wall -pedantic -mtune=native -fsanitize=address -Wno-stringop-truncation  -Wno-alloc-size-larger-than -c init.c -o init.o
gcc -fsanitize=address,undefined,bounds-strict -fno-omit-frame-pointer  -I"/opt/R/devel/lib/R/include" -DNDEBUG -DWITH_GZFILEOP -DSTRICT_R_HEADERS -DR_NO_REMAP  -I/usr/local/include   -fvisibility=hidden -fpic  -g -O2 -Wall -pedantic -mtune=native -fsanitize=address -Wno-stringop-truncation  -Wno-alloc-size-larger-than -c interrupt.c -o interrupt.o
gcc -fsanitize=address,undefined,bounds-strict -fno-omit-frame-pointer  -I"/opt/R/devel/lib/R/include" -DNDEBUG -DWITH_GZFILEOP -DSTRICT_R_HEADERS -DR_NO_REMAP  -I/usr/local/include   -fvisibility=hidden -fpic  -g -O2 -Wall -pedantic -mtune=native -fsanitize=address -Wno-stringop-truncation  -Wno-alloc-size-larger-than -c multi.c -o multi.o
gcc -fsanitize=address,undefined,bounds-strict -fno-omit-frame-pointer  -I"/opt/R/devel/lib/R/include" -DNDEBUG -DWITH_GZFILEOP -DSTRICT_R_HEADERS -DR_NO_REMAP  -I/usr/local/include   -fvisibility=hidden -fpic  -g -O2 -Wall -pedantic -mtune=native -fsanitize=address -Wno-stringop-truncation  -Wno-alloc-size-larger-than -c nslookup.c -o nslookup.o
gcc -fsanitize=address,undefined,bounds-strict -fno-omit-frame-pointer  -I"/opt/R/devel/lib/R/include" -DNDEBUG -DWITH_GZFILEOP -DSTRICT_R_HEADERS -DR_NO_REMAP  -I/usr/local/include   -fvisibility=hidden -fpic  -g -O2 -Wall -pedantic -mtune=native -fsanitize=address -Wno-stringop-truncation  -Wno-alloc-size-larger-than -c options.c -o options.o
gcc -fsanitize=address,undefined,bounds-strict -fno-omit-frame-pointer  -I"/opt/R/devel/lib/R/include" -DNDEBUG -DWITH_GZFILEOP -DSTRICT_R_HEADERS -DR_NO_REMAP  -I/usr/local/include   -fvisibility=hidden -fpic  -g -O2 -Wall -pedantic -mtune=native -fsanitize=address -Wno-stringop-truncation  -Wno-alloc-size-larger-than -c reflist.c -o reflist.o
gcc -fsanitize=address,undefined,bounds-strict -fno-omit-frame-pointer  -I"/opt/R/devel/lib/R/include" -DNDEBUG -DWITH_GZFILEOP -DSTRICT_R_HEADERS -DR_NO_REMAP  -I/usr/local/include   -fvisibility=hidden -fpic  -g -O2 -Wall -pedantic -mtune=native -fsanitize=address -Wno-stringop-truncation  -Wno-alloc-size-larger-than -c split.c -o split.o
gcc -fsanitize=address,undefined,bounds-strict -fno-omit-frame-pointer  -I"/opt/R/devel/lib/R/include" -DNDEBUG -DWITH_GZFILEOP -DSTRICT_R_HEADERS -DR_NO_REMAP  -I/usr/local/include   -fvisibility=hidden -fpic  -g -O2 -Wall -pedantic -mtune=native -fsanitize=address -Wno-stringop-truncation  -Wno-alloc-size-larger-than -c ssl.c -o ssl.o
gcc -fsanitize=address,undefined,bounds-strict -fno-omit-frame-pointer  -I"/opt/R/devel/lib/R/include" -DNDEBUG -DWITH_GZFILEOP -DSTRICT_R_HEADERS -DR_NO_REMAP  -I/usr/local/include   -fvisibility=hidden -fpic  -g -O2 -Wall -pedantic -mtune=native -fsanitize=address -Wno-stringop-truncation  -Wno-alloc-size-larger-than -c typechecking.c -o typechecking.o
gcc -fsanitize=address,undefined,bounds-strict -fno-omit-frame-pointer  -I"/opt/R/devel/lib/R/include" -DNDEBUG -DWITH_GZFILEOP -DSTRICT_R_HEADERS -DR_NO_REMAP  -I/usr/local/include   -fvisibility=hidden -fpic  -g -O2 -Wall -pedantic -mtune=native -fsanitize=address -Wno-stringop-truncation  -Wno-alloc-size-larger-than -c urlparser.c -o urlparser.o
gcc -fsanitize=address,undefined,bounds-strict -fno-omit-frame-pointer  -I"/opt/R/devel/lib/R/include" -DNDEBUG -DWITH_GZFILEOP -DSTRICT_R_HEADERS -DR_NO_REMAP  -I/usr/local/include   -fvisibility=hidden -fpic  -g -O2 -Wall -pedantic -mtune=native -fsanitize=address -Wno-stringop-truncation  -Wno-alloc-size-larger-than -c utils.c -o utils.o
gcc -fsanitize=address,undefined,bounds-strict -fno-omit-frame-pointer  -I"/opt/R/devel/lib/R/include" -DNDEBUG -DWITH_GZFILEOP -DSTRICT_R_HEADERS -DR_NO_REMAP  -I/usr/local/include   -fvisibility=hidden -fpic  -g -O2 -Wall -pedantic -mtune=native -fsanitize=address -Wno-stringop-truncation  -Wno-alloc-size-larger-than -c version.c -o version.o
gcc -fsanitize=address,undefined,bounds-strict -fno-omit-frame-pointer  -I"/opt/R/devel/lib/R/include" -DNDEBUG -DWITH_GZFILEOP -DSTRICT_R_HEADERS -DR_NO_REMAP  -I/usr/local/include   -fvisibility=hidden -fpic  -g -O2 -Wall -pedantic -mtune=native -fsanitize=address -Wno-stringop-truncation  -Wno-alloc-size-larger-than -c winidn.c -o winidn.o
gcc -fsanitize=address,undefined,bounds-strict -fno-omit-frame-pointer  -I"/opt/R/devel/lib/R/include" -DNDEBUG -DWITH_GZFILEOP -DSTRICT_R_HEADERS -DR_NO_REMAP  -I/usr/local/include   -fvisibility=hidden -fpic  -g -O2 -Wall -pedantic -mtune=native -fsanitize=address -Wno-stringop-truncation  -Wno-alloc-size-larger-than -c writer.c -o writer.o
gcc -fsanitize=address,undefined,bounds-strict -fno-omit-frame-pointer -shared -L/opt/R/devel/lib/R/lib -L/usr/local/lib -o curl.so callbacks.o curl.o download.o dryrun.o escape.o fetch.o findport.o form.o getdate.o handle.o ieproxy.o init.o interrupt.o multi.o nslookup.o options.o reflist.o split.o ssl.o typechecking.o urlparser.o utils.o version.o winidn.o writer.o -lcurl -L/opt/R/devel/lib/R/lib -lR
installing to /cache/R_libs/00LOCK-curl/00new/curl/libs
** R
** inst
** byte-compile and prepare package for lazy loading
** help
*** installing help indices
  converting help for package ‘curl’
    finding HTML links ... done
    curl                                    html  
    curl_download                           html  
    curl_echo                               html  
    curl_escape                             html  
    curl_fetch                              html  
    curl_options                            html  
    curl_parse_url                          html  
    curl_upload                             html  
    file_writer                             html  
    handle                                  html  
    handle_cookies                          html  
    ie_proxy                                html  
    multi                                   html  
    multi_download                          html  
    multipart                               html  
    nslookup                                html  
    parse_date                              html  
    parse_headers                           html  
    send_mail                               html  
** building package indices
** installing vignettes
** testing if installed package can be loaded from temporary location
** checking absolute paths in shared objects and dynamic libraries
** testing if installed package can be loaded from final location
** testing if installed package keeps a record of temporary installation path
* DONE (curl)

The downloaded source packages are in
	‘/tmp/RtmpoTOcnh/downloaded_packages’
* installing *source* package ‘cpp4r’ ...
** this is package ‘cpp4r’ version ‘1.2.0’
** using staged installation
** R
** inst
** byte-compile and prepare package for lazy loading
** help
*** installing help indices
  converting help for package ‘cpp4r’
    finding HTML links ... done
    cpp4r-package                           html  
    pkg_template                            html  
    register                                html  
    unvendor                                html  
    vendor                                  html  
*** copying figures
** building package indices
** installing vignettes
** testing if installed package can be loaded from temporary location
** testing if installed package can be loaded from final location
** testing if installed package keeps a record of temporary installation path
* DONE (cpp4r)
* installing *source* package ‘cpp4rtest’ ...
** this is package ‘cpp4rtest’ version ‘0.3.0’
** using staged installation
** libs
using C++ compiler: ‘g++ (GCC) 15.2.1 20260123 (Red Hat 15.2.1-7)’
g++ -std=gnu++20 -fsanitize=address,undefined,bounds-strict -fno-omit-frame-pointer  -I"/opt/R/devel/lib/R/include" -DNDEBUG -I vendor/  -I/usr/local/include   -fopenmp -fpic  -g -O2 -Wall -pedantic -mtune=native -Wno-ignored-attributes -Wno-deprecated-declarations -Wno-stringop-truncation  -Wno-alloc-size-larger-than  -c cpp4r.cpp -o cpp4r.o
g++ -std=gnu++20 -fsanitize=address,undefined,bounds-strict -fno-omit-frame-pointer  -I"/opt/R/devel/lib/R/include" -DNDEBUG -I vendor/  -I/usr/local/include   -fopenmp -fpic  -g -O2 -Wall -pedantic -mtune=native -Wno-ignored-attributes -Wno-deprecated-declarations -Wno-stringop-truncation  -Wno-alloc-size-larger-than  -c main.cpp -o main.o
g++ -std=gnu++20 -fsanitize=address,undefined,bounds-strict -fno-omit-frame-pointer -shared -L/opt/R/devel/lib/R/lib -L/usr/local/lib -o cpp4rtest.so cpp4r.o main.o -fopenmp -lflexiblas -lgfortran -lm -lquadmath -L/opt/R/devel/lib/R/lib -lR
installing to /cache/R_libs/00LOCK-cpp4rtest/00new/cpp4rtest/libs
** R
** inst
** byte-compile and prepare package for lazy loading
** help
*** installing help indices
  converting help for package ‘cpp4rtest’
    finding HTML links ... done
    add_int_vec_                            html  
    add_vec_for_                            html  
    as_integers_                            html  
    assign_                                 html  
    col_sums_                               html  
    complex_add_                            html  
    complex_imag_                           html  
    complex_modulus_                        html  
    complex_real_                           html  
    contains_name_                          html  
    cpp4rtest-package                       html  
    data_frame_                             html  
    env_exists_                             html  
    env_get_int_                            html  
    env_get_str_                            html  
    env_set_                                html  
    findInterval2                           html  
    findInterval2_5                         html  
    findInterval3                           html  
    find_name_pos_                          html  
    get_by_name_                            html  
    gibbs_cpp2_                             html  
    gibbs_cpp_                              html  
    global_get_                             html  
    grow_                                   html  
    grow_cplx_                              html  
    grow_strings_                           html  
    grow_strings_manual_                    html  
    insert_                                 html  
    iterator_at_                            html  
    iterator_count_                         html  
    iterator_distance_                      html  
    iterator_double_values_                 html  
    iterator_find_                          html  
    iterator_max_                           html  
    iterator_min_                           html  
    iterator_sum_                           html  
    iterator_sum_int_                       html  
    list_of_doubles_                        html  
    list_of_integers_                       html  
    list_of_named_                          html  
    list_of_strings_                        html  
    logical_to_dbl_                         html  
    logical_to_int_                         html  
    make_complex_                           html  
    mat_mat_copy_dimnames_                  html  
    mat_mat_create_dimnames_                html  
    mat_sexp_copy_dimnames_                 html  
    matrix_add_                             html  
    matrix_add_coerce_test_                 html  
    matrix_mixed_add_                       html  
    my_message_n1_                          html  
    my_message_n2_                          html  
    my_stop_n1_                             html  
    my_stop_n2_                             html  
    my_warning_n1_                          html  
    my_warning_n2_                          html  
    named_doubles_                          html  
    named_integers_                         html  
    named_list_                             html  
    named_list_c_style_                     html  
    named_list_push_back_                   html  
    named_strings_                          html  
    negate_logical_                         html  
    nullable_extptr_1                       html  
    nullable_extptr_2                       html  
    ordered_map_to_list_                    html  
    pairlist_rejects_vec_                   html  
    pairlist_size_                          html  
    pairlist_to_list_                       html  
    protect_many_                           html  
    protect_many_preserve_                  html  
    protect_many_rapi_                      html  
    protect_many_sexp_                      html  
    protect_one_                            html  
    protect_one_preserve_                   html  
    protect_one_rapi_                       html  
    protect_one_sexp_                       html  
    push_and_truncate_                      html  
    raw_copy_                               html  
    raw_xor_                                html  
    release_                                html  
    remove_altrep                           html  
    reverse_vector_                         html  
    row_sums_                               html  
    safe_                                   html  
    sexp_list_init_                         html  
    sexp_scalar_list_init_                  html  
    sum_cplx_accumulate_                    html  
    sum_cplx_complexes_out_                 html  
    sum_cplx_foreach_                       html  
    sum_cplx_r_complex_out_                 html  
    sum_cplx_sexp_complexes_out_            html  
    sum_cplx_sexp_protect_std_out_          html  
    sum_cplx_sexp_sexp_out_                 html  
    sum_cplx_sexp_std_out_                  html  
    sum_cplx_typed_std_out_                 html  
    sum_dbl_accumulate_                     html  
    sum_dbl_for_                            html  
    sum_dbl_foreach_                        html  
    sum_dbl_sexp_accumulate_                html  
    sum_dbl_sexp_for_                       html  
    sum_dbl_sexp_foreach_                   html  
    sum_dbl_sexp_writable_for_              html  
    sum_int_accumulate_                     html  
    sum_int_for_                            html  
    sum_int_foreach_                        html  
    sum_int_sexp_for_                       html  
    unordered_map_to_list_                  html  
    upper_bound                             html  
    weak_ref_make_alive_                    html  
    weak_ref_nil_not_alive_                 html  
    weak_ref_rejects_vec_                   html  
    weak_ref_typeof_                        html  
    weak_ref_value_                         html  
** building package indices
** testing if installed package can be loaded from temporary location
** checking absolute paths in shared objects and dynamic libraries
** testing if installed package can be loaded from final location
** testing if installed package keeps a record of temporary installation path
* DONE (cpp4rtest)
* using log directory ‘/check/cpp4rtest.Rcheck’
* using R Under development (unstable) (2026-05-15 r90061)
* using platform: x86_64-pc-linux-gnu
* R was compiled by
    gcc (GCC) 15.2.1 20260123 (Red Hat 15.2.1-7)
    GNU Fortran (GCC) 15.2.1 20260123 (Red Hat 15.2.1-7)
* running under: Fedora Linux 42 (Container Image)
* using session charset: UTF-8
* current time: 2026-07-27 15:05:49 UTC
* using options ‘--no-manual --as-cran’
* checking for file ‘cpp4rtest/DESCRIPTION’ ... OK
* this is package ‘cpp4rtest’ version ‘0.3.0’
* package encoding: UTF-8
* checking CRAN incoming feasibility ...Warning: unable to access index for repository https://bioconductor.org/packages/3.23/bioc/src/contrib:
  cannot open URL 'https://bioconductor.org/packages/3.23/bioc/src/contrib/PACKAGES'
Warning: unable to access index for repository https://bioconductor.org/packages/3.23/data/annotation/src/contrib:
  cannot open URL 'https://bioconductor.org/packages/3.23/data/annotation/src/contrib/PACKAGES'
Warning: unable to access index for repository https://bioconductor.org/packages/3.23/data/experiment/src/contrib:
  cannot open URL 'https://bioconductor.org/packages/3.23/data/experiment/src/contrib/PACKAGES'
 [5s/245s] NOTE
Maintainer: ‘Mauricio Vargas Sepulveda <m.vargas.sepulveda@gmail.com>’

New submission
* checking package namespace information ... OK
* checking package dependencies ... OK
* checking if this is a source package ... OK
* checking if there is a namespace ... OK
* checking for .dll and .exe files ... OK
* checking for hidden files and directories ... OK
* checking for portable file names ... OK
* checking for sufficient/correct file permissions ... OK
* checking whether package ‘cpp4rtest’ can be installed ... [35s/35s] OK
* used C++ compiler: ‘g++ (GCC) 15.2.1 20260123 (Red Hat 15.2.1-7)’
* checking package directory ... OK
* checking for future file timestamps ... OK
* checking DESCRIPTION meta-information ... OK
* checking top-level files ... OK
* checking for left-over files ... OK
* checking index information ... OK
* checking package subdirectories ... OK
* checking code files for non-ASCII characters ... OK
* checking R files for syntax errors ... OK
* checking whether the package can be loaded ... OK
* checking whether the package can be loaded with stated dependencies ... OK
* checking whether the package can be unloaded cleanly ... OK
* checking whether the namespace can be loaded with stated dependencies ... OK
* checking whether the namespace can be unloaded cleanly ... OK
* checking loading without being on the library search path ... OK
* checking use of S3 registration ... OK
* checking dependencies in R code ... OK
* checking S3 generic/method consistency ... OK
* checking replacement functions ... OK
* checking foreign function calls ... OK
* checking R code for possible problems ... OK
* checking Rd files ... OK
* checking Rd metadata ... OK
* checking Rd line widths ... OK
* checking Rd cross-references ... OK
* checking for missing documentation entries ... OK
* checking for code/documentation mismatches ... OK
* checking Rd \usage sections ... OK
* checking Rd contents ... OK
* checking for unstated dependencies in examples ... OK
* checking line endings in shell scripts ... OK
* checking line endings in C/C++/Fortran sources/headers ... OK
* checking line endings in Makefiles ... OK
* checking compilation flags in Makevars ... OK
* checking for GNU extensions in Makefiles ... OK
* checking for portable use of $(BLAS_LIBS) and $(LAPACK_LIBS) ... OK
* checking use of PKG_*FLAGS in Makefiles ... OK
* checking use of SHLIB_OPENMP_*FLAGS in Makefiles ... OK
* checking pragmas in C/C++ headers and code ... OK
* checking compilation flags used ... OK
* checking compiled code ... OK
* checking examples ... NONE
* checking for unstated dependencies in ‘tests’ ... OK
* checking tests ...
  Running ‘tinytest.R’
 OK
* checking for non-standard things in the check directory ... OK
* checking for detritus in the temp directory ... OK
* DONE

Status: 1 NOTE
See
  ‘/check/cpp4rtest.Rcheck/00check.log’
for details.

=== 00install.out ===
* installing *source* package ‘cpp4rtest’ ...
** this is package ‘cpp4rtest’ version ‘0.3.0’
** using staged installation
** libs
using C++ compiler: ‘g++ (GCC) 15.2.1 20260123 (Red Hat 15.2.1-7)’
g++ -std=gnu++20 -fsanitize=address,undefined,bounds-strict -fno-omit-frame-pointer  -I"/opt/R/devel/lib/R/include" -DNDEBUG -I vendor/  -I/usr/local/include   -fopenmp -fpic  -g -O2 -Wall -pedantic -mtune=native -Wno-ignored-attributes -Wno-deprecated-declarations -Wno-stringop-truncation  -Wno-alloc-size-larger-than  -c cpp4r.cpp -o cpp4r.o
g++ -std=gnu++20 -fsanitize=address,undefined,bounds-strict -fno-omit-frame-pointer  -I"/opt/R/devel/lib/R/include" -DNDEBUG -I vendor/  -I/usr/local/include   -fopenmp -fpic  -g -O2 -Wall -pedantic -mtune=native -Wno-ignored-attributes -Wno-deprecated-declarations -Wno-stringop-truncation  -Wno-alloc-size-larger-than  -c main.cpp -o main.o
g++ -std=gnu++20 -fsanitize=address,undefined,bounds-strict -fno-omit-frame-pointer -shared -L/opt/R/devel/lib/R/lib -L/usr/local/lib -o cpp4rtest.so cpp4r.o main.o -fopenmp -lflexiblas -lgfortran -lm -lquadmath -L/opt/R/devel/lib/R/lib -lR
installing to /check/cpp4rtest.Rcheck/00LOCK-cpp4rtest/00new/cpp4rtest/libs
** R
** inst
** byte-compile and prepare package for lazy loading
** help
*** installing help indices
  converting help for package ‘cpp4rtest’
    finding HTML links ... done
    add_int_vec_                            html  
    add_vec_for_                            html  
    as_integers_                            html  
    assign_                                 html  
    col_sums_                               html  
    complex_add_                            html  
    complex_imag_                           html  
    complex_modulus_                        html  
    complex_real_                           html  
    contains_name_                          html  
    cpp4rtest-package                       html  
    data_frame_                             html  
    env_exists_                             html  
    env_get_int_                            html  
    env_get_str_                            html  
    env_set_                                html  
    findInterval2                           html  
    findInterval2_5                         html  
    findInterval3                           html  
    find_name_pos_                          html  
    get_by_name_                            html  
    gibbs_cpp2_                             html  
    gibbs_cpp_                              html  
    global_get_                             html  
    grow_                                   html  
    grow_cplx_                              html  
    grow_strings_                           html  
    grow_strings_manual_                    html  
    insert_                                 html  
    iterator_at_                            html  
    iterator_count_                         html  
    iterator_distance_                      html  
    iterator_double_values_                 html  
    iterator_find_                          html  
    iterator_max_                           html  
    iterator_min_                           html  
    iterator_sum_                           html  
    iterator_sum_int_                       html  
    list_of_doubles_                        html  
    list_of_integers_                       html  
    list_of_named_                          html  
    list_of_strings_                        html  
    logical_to_dbl_                         html  
    logical_to_int_                         html  
    make_complex_                           html  
    mat_mat_copy_dimnames_                  html  
    mat_mat_create_dimnames_                html  
    mat_sexp_copy_dimnames_                 html  
    matrix_add_                             html  
    matrix_add_coerce_test_                 html  
    matrix_mixed_add_                       html  
    my_message_n1_                          html  
    my_message_n2_                          html  
    my_stop_n1_                             html  
    my_stop_n2_                             html  
    my_warning_n1_                          html  
    my_warning_n2_                          html  
    named_doubles_                          html  
    named_integers_                         html  
    named_list_                             html  
    named_list_c_style_                     html  
    named_list_push_back_                   html  
    named_strings_                          html  
    negate_logical_                         html  
    nullable_extptr_1                       html  
    nullable_extptr_2                       html  
    ordered_map_to_list_                    html  
    pairlist_rejects_vec_                   html  
    pairlist_size_                          html  
    pairlist_to_list_                       html  
    protect_many_                           html  
    protect_many_preserve_                  html  
    protect_many_rapi_                      html  
    protect_many_sexp_                      html  
    protect_one_                            html  
    protect_one_preserve_                   html  
    protect_one_rapi_                       html  
    protect_one_sexp_                       html  
    push_and_truncate_                      html  
    raw_copy_                               html  
    raw_xor_                                html  
    release_                                html  
    remove_altrep                           html  
    reverse_vector_                         html  
    row_sums_                               html  
    safe_                                   html  
    sexp_list_init_                         html  
    sexp_scalar_list_init_                  html  
    sum_cplx_accumulate_                    html  
    sum_cplx_complexes_out_                 html  
    sum_cplx_foreach_                       html  
    sum_cplx_r_complex_out_                 html  
    sum_cplx_sexp_complexes_out_            html  
    sum_cplx_sexp_protect_std_out_          html  
    sum_cplx_sexp_sexp_out_                 html  
    sum_cplx_sexp_std_out_                  html  
    sum_cplx_typed_std_out_                 html  
    sum_dbl_accumulate_                     html  
    sum_dbl_for_                            html  
    sum_dbl_foreach_                        html  
    sum_dbl_sexp_accumulate_                html  
    sum_dbl_sexp_for_                       html  
    sum_dbl_sexp_foreach_                   html  
    sum_dbl_sexp_writable_for_              html  
    sum_int_accumulate_                     html  
    sum_int_for_                            html  
    sum_int_foreach_                        html  
    sum_int_sexp_for_                       html  
    unordered_map_to_list_                  html  
    upper_bound                             html  
    weak_ref_make_alive_                    html  
    weak_ref_nil_not_alive_                 html  
    weak_ref_rejects_vec_                   html  
    weak_ref_typeof_                        html  
    weak_ref_value_                         html  
** building package indices
** testing if installed package can be loaded from temporary location
** checking absolute paths in shared objects and dynamic libraries
** testing if installed package can be loaded from final location
** testing if installed package keeps a record of temporary installation path
* DONE (cpp4rtest)
=== 00check.log ===
* using log directory ‘/check/cpp4rtest.Rcheck’
* using R Under development (unstable) (2026-05-15 r90061)
* using platform: x86_64-pc-linux-gnu
* R was compiled by
    gcc (GCC) 15.2.1 20260123 (Red Hat 15.2.1-7)
    GNU Fortran (GCC) 15.2.1 20260123 (Red Hat 15.2.1-7)
* running under: Fedora Linux 42 (Container Image)
* using session charset: UTF-8
* current time: 2026-07-27 15:05:49 UTC
* using options ‘--no-manual --as-cran’
* checking for file ‘cpp4rtest/DESCRIPTION’ ... OK
* this is package ‘cpp4rtest’ version ‘0.3.0’
* package encoding: UTF-8
* checking CRAN incoming feasibility ... [5s/245s] NOTE
Maintainer: ‘Mauricio Vargas Sepulveda <m.vargas.sepulveda@gmail.com>’

New submission
* checking package namespace information ... OK
* checking package dependencies ... OK
* checking if this is a source package ... OK
* checking if there is a namespace ... OK
* checking for .dll and .exe files ... OK
* checking for hidden files and directories ... OK
* checking for portable file names ... OK
* checking for sufficient/correct file permissions ... OK
* checking whether package ‘cpp4rtest’ can be installed ... [35s/35s] OK
* used C++ compiler: ‘g++ (GCC) 15.2.1 20260123 (Red Hat 15.2.1-7)’
* checking package directory ... OK
* checking for future file timestamps ... OK
* checking DESCRIPTION meta-information ... OK
* checking top-level files ... OK
* checking for left-over files ... OK
* checking index information ... OK
* checking package subdirectories ... OK
* checking code files for non-ASCII characters ... OK
* checking R files for syntax errors ... OK
* checking whether the package can be loaded ... OK
* checking whether the package can be loaded with stated dependencies ... OK
* checking whether the package can be unloaded cleanly ... OK
* checking whether the namespace can be loaded with stated dependencies ... OK
* checking whether the namespace can be unloaded cleanly ... OK
* checking loading without being on the library search path ... OK
* checking use of S3 registration ... OK
* checking dependencies in R code ... OK
* checking S3 generic/method consistency ... OK
* checking replacement functions ... OK
* checking foreign function calls ... OK
* checking R code for possible problems ... OK
* checking Rd files ... OK
* checking Rd metadata ... OK
* checking Rd line widths ... OK
* checking Rd cross-references ... OK
* checking for missing documentation entries ... OK
* checking for code/documentation mismatches ... OK
* checking Rd \usage sections ... OK
* checking Rd contents ... OK
* checking for unstated dependencies in examples ... OK
* checking line endings in shell scripts ... OK
* checking line endings in C/C++/Fortran sources/headers ... OK
* checking line endings in Makefiles ... OK
* checking compilation flags in Makevars ... OK
* checking for GNU extensions in Makefiles ... OK
* checking for portable use of $(BLAS_LIBS) and $(LAPACK_LIBS) ... OK
* checking use of PKG_*FLAGS in Makefiles ... OK
* checking use of SHLIB_OPENMP_*FLAGS in Makefiles ... OK
* checking pragmas in C/C++ headers and code ... OK
* checking compilation flags used ... OK
* checking compiled code ... OK
* checking examples ... NONE
* checking for unstated dependencies in ‘tests’ ... OK
* checking tests ... OK
  Running ‘tinytest.R’
* checking for non-standard things in the check directory ... OK
* checking for detritus in the temp directory ... OK
* DONE
Status: 1 NOTE
