** this is package ‘commonmark’ version ‘2.0.0’
** package ‘commonmark’ successfully unpacked and MD5 sums checked
** using staged installation
** libs
using C compiler: ‘gcc (Ubuntu 11.4.0-1ubuntu1~22.04.3) 11.4.0’
gcc -I"/opt/R/devel-nold/lib/R/include" -DNDEBUG -Icmark -I. -DCMARK_GFM_STATIC_DEFINE -DCMARK_GFM_EXTENSIONS_STATIC_DEFINE -DR_NO_REMAP -DSTRICT_R_HEADERS  -I/usr/local/include   -fvisibility=hidden -fpic  -g -O2  -c extensions.c -o extensions.o
gcc -I"/opt/R/devel-nold/lib/R/include" -DNDEBUG -Icmark -I. -DCMARK_GFM_STATIC_DEFINE -DCMARK_GFM_EXTENSIONS_STATIC_DEFINE -DR_NO_REMAP -DSTRICT_R_HEADERS  -I/usr/local/include   -fvisibility=hidden -fpic  -g -O2  -c init.c -o init.o
gcc -I"/opt/R/devel-nold/lib/R/include" -DNDEBUG -Icmark -I. -DCMARK_GFM_STATIC_DEFINE -DCMARK_GFM_EXTENSIONS_STATIC_DEFINE -DR_NO_REMAP -DSTRICT_R_HEADERS  -I/usr/local/include   -fvisibility=hidden -fpic  -g -O2  -c wrapper.c -o wrapper.o
gcc -I"/opt/R/devel-nold/lib/R/include" -DNDEBUG -Icmark -I. -DCMARK_GFM_STATIC_DEFINE -DCMARK_GFM_EXTENSIONS_STATIC_DEFINE -DR_NO_REMAP -DSTRICT_R_HEADERS  -I/usr/local/include   -fvisibility=hidden -fpic  -g -O2  -c cmark/cmark.c -o cmark/cmark.o
gcc -I"/opt/R/devel-nold/lib/R/include" -DNDEBUG -Icmark -I. -DCMARK_GFM_STATIC_DEFINE -DCMARK_GFM_EXTENSIONS_STATIC_DEFINE -DR_NO_REMAP -DSTRICT_R_HEADERS  -I/usr/local/include   -fvisibility=hidden -fpic  -g -O2  -c cmark/node.c -o cmark/node.o
gcc -I"/opt/R/devel-nold/lib/R/include" -DNDEBUG -Icmark -I. -DCMARK_GFM_STATIC_DEFINE -DCMARK_GFM_EXTENSIONS_STATIC_DEFINE -DR_NO_REMAP -DSTRICT_R_HEADERS  -I/usr/local/include   -fvisibility=hidden -fpic  -g -O2  -c cmark/iterator.c -o cmark/iterator.o
gcc -I"/opt/R/devel-nold/lib/R/include" -DNDEBUG -Icmark -I. -DCMARK_GFM_STATIC_DEFINE -DCMARK_GFM_EXTENSIONS_STATIC_DEFINE -DR_NO_REMAP -DSTRICT_R_HEADERS  -I/usr/local/include   -fvisibility=hidden -fpic  -g -O2  -c cmark/blocks.c -o cmark/blocks.o
gcc -I"/opt/R/devel-nold/lib/R/include" -DNDEBUG -Icmark -I. -DCMARK_GFM_STATIC_DEFINE -DCMARK_GFM_EXTENSIONS_STATIC_DEFINE -DR_NO_REMAP -DSTRICT_R_HEADERS  -I/usr/local/include   -fvisibility=hidden -fpic  -g -O2  -c cmark/inlines.c -o cmark/inlines.o
gcc -I"/opt/R/devel-nold/lib/R/include" -DNDEBUG -Icmark -I. -DCMARK_GFM_STATIC_DEFINE -DCMARK_GFM_EXTENSIONS_STATIC_DEFINE -DR_NO_REMAP -DSTRICT_R_HEADERS  -I/usr/local/include   -fvisibility=hidden -fpic  -g -O2  -c cmark/scanners.c -o cmark/scanners.o
gcc -I"/opt/R/devel-nold/lib/R/include" -DNDEBUG -Icmark -I. -DCMARK_GFM_STATIC_DEFINE -DCMARK_GFM_EXTENSIONS_STATIC_DEFINE -DR_NO_REMAP -DSTRICT_R_HEADERS  -I/usr/local/include   -fvisibility=hidden -fpic  -g -O2  -c cmark/utf8.c -o cmark/utf8.o
gcc -I"/opt/R/devel-nold/lib/R/include" -DNDEBUG -Icmark -I. -DCMARK_GFM_STATIC_DEFINE -DCMARK_GFM_EXTENSIONS_STATIC_DEFINE -DR_NO_REMAP -DSTRICT_R_HEADERS  -I/usr/local/include   -fvisibility=hidden -fpic  -g -O2  -c cmark/buffer.c -o cmark/buffer.o
gcc -I"/opt/R/devel-nold/lib/R/include" -DNDEBUG -Icmark -I. -DCMARK_GFM_STATIC_DEFINE -DCMARK_GFM_EXTENSIONS_STATIC_DEFINE -DR_NO_REMAP -DSTRICT_R_HEADERS  -I/usr/local/include   -fvisibility=hidden -fpic  -g -O2  -c cmark/references.c -o cmark/references.o
gcc -I"/opt/R/devel-nold/lib/R/include" -DNDEBUG -Icmark -I. -DCMARK_GFM_STATIC_DEFINE -DCMARK_GFM_EXTENSIONS_STATIC_DEFINE -DR_NO_REMAP -DSTRICT_R_HEADERS  -I/usr/local/include   -fvisibility=hidden -fpic  -g -O2  -c cmark/render.c -o cmark/render.o
gcc -I"/opt/R/devel-nold/lib/R/include" -DNDEBUG -Icmark -I. -DCMARK_GFM_STATIC_DEFINE -DCMARK_GFM_EXTENSIONS_STATIC_DEFINE -DR_NO_REMAP -DSTRICT_R_HEADERS  -I/usr/local/include   -fvisibility=hidden -fpic  -g -O2  -c cmark/man.c -o cmark/man.o
gcc -I"/opt/R/devel-nold/lib/R/include" -DNDEBUG -Icmark -I. -DCMARK_GFM_STATIC_DEFINE -DCMARK_GFM_EXTENSIONS_STATIC_DEFINE -DR_NO_REMAP -DSTRICT_R_HEADERS  -I/usr/local/include   -fvisibility=hidden -fpic  -g -O2  -c cmark/xml.c -o cmark/xml.o
gcc -I"/opt/R/devel-nold/lib/R/include" -DNDEBUG -Icmark -I. -DCMARK_GFM_STATIC_DEFINE -DCMARK_GFM_EXTENSIONS_STATIC_DEFINE -DR_NO_REMAP -DSTRICT_R_HEADERS  -I/usr/local/include   -fvisibility=hidden -fpic  -g -O2  -c cmark/html.c -o cmark/html.o
gcc -I"/opt/R/devel-nold/lib/R/include" -DNDEBUG -Icmark -I. -DCMARK_GFM_STATIC_DEFINE -DCMARK_GFM_EXTENSIONS_STATIC_DEFINE -DR_NO_REMAP -DSTRICT_R_HEADERS  -I/usr/local/include   -fvisibility=hidden -fpic  -g -O2  -c cmark/commonmark.c -o cmark/commonmark.o
gcc -I"/opt/R/devel-nold/lib/R/include" -DNDEBUG -Icmark -I. -DCMARK_GFM_STATIC_DEFINE -DCMARK_GFM_EXTENSIONS_STATIC_DEFINE -DR_NO_REMAP -DSTRICT_R_HEADERS  -I/usr/local/include   -fvisibility=hidden -fpic  -g -O2  -c cmark/latex.c -o cmark/latex.o
gcc -I"/opt/R/devel-nold/lib/R/include" -DNDEBUG -Icmark -I. -DCMARK_GFM_STATIC_DEFINE -DCMARK_GFM_EXTENSIONS_STATIC_DEFINE -DR_NO_REMAP -DSTRICT_R_HEADERS  -I/usr/local/include   -fvisibility=hidden -fpic  -g -O2  -c cmark/houdini_href_e.c -o cmark/houdini_href_e.o
gcc -I"/opt/R/devel-nold/lib/R/include" -DNDEBUG -Icmark -I. -DCMARK_GFM_STATIC_DEFINE -DCMARK_GFM_EXTENSIONS_STATIC_DEFINE -DR_NO_REMAP -DSTRICT_R_HEADERS  -I/usr/local/include   -fvisibility=hidden -fpic  -g -O2  -c cmark/houdini_html_e.c -o cmark/houdini_html_e.o
gcc -I"/opt/R/devel-nold/lib/R/include" -DNDEBUG -Icmark -I. -DCMARK_GFM_STATIC_DEFINE -DCMARK_GFM_EXTENSIONS_STATIC_DEFINE -DR_NO_REMAP -DSTRICT_R_HEADERS  -I/usr/local/include   -fvisibility=hidden -fpic  -g -O2  -c cmark/houdini_html_u.c -o cmark/houdini_html_u.o
gcc -I"/opt/R/devel-nold/lib/R/include" -DNDEBUG -Icmark -I. -DCMARK_GFM_STATIC_DEFINE -DCMARK_GFM_EXTENSIONS_STATIC_DEFINE -DR_NO_REMAP -DSTRICT_R_HEADERS  -I/usr/local/include   -fvisibility=hidden -fpic  -g -O2  -c cmark/cmark_ctype.c -o cmark/cmark_ctype.o
gcc -I"/opt/R/devel-nold/lib/R/include" -DNDEBUG -Icmark -I. -DCMARK_GFM_STATIC_DEFINE -DCMARK_GFM_EXTENSIONS_STATIC_DEFINE -DR_NO_REMAP -DSTRICT_R_HEADERS  -I/usr/local/include   -fvisibility=hidden -fpic  -g -O2  -c cmark/arena.c -o cmark/arena.o
gcc -I"/opt/R/devel-nold/lib/R/include" -DNDEBUG -Icmark -I. -DCMARK_GFM_STATIC_DEFINE -DCMARK_GFM_EXTENSIONS_STATIC_DEFINE -DR_NO_REMAP -DSTRICT_R_HEADERS  -I/usr/local/include   -fvisibility=hidden -fpic  -g -O2  -c cmark/linked_list.c -o cmark/linked_list.o
gcc -I"/opt/R/devel-nold/lib/R/include" -DNDEBUG -Icmark -I. -DCMARK_GFM_STATIC_DEFINE -DCMARK_GFM_EXTENSIONS_STATIC_DEFINE -DR_NO_REMAP -DSTRICT_R_HEADERS  -I/usr/local/include   -fvisibility=hidden -fpic  -g -O2  -c cmark/plugin.c -o cmark/plugin.o
gcc -I"/opt/R/devel-nold/lib/R/include" -DNDEBUG -Icmark -I. -DCMARK_GFM_STATIC_DEFINE -DCMARK_GFM_EXTENSIONS_STATIC_DEFINE -DR_NO_REMAP -DSTRICT_R_HEADERS  -I/usr/local/include   -fvisibility=hidden -fpic  -g -O2  -c cmark/registry.c -o cmark/registry.o
gcc -I"/opt/R/devel-nold/lib/R/include" -DNDEBUG -Icmark -I. -DCMARK_GFM_STATIC_DEFINE -DCMARK_GFM_EXTENSIONS_STATIC_DEFINE -DR_NO_REMAP -DSTRICT_R_HEADERS  -I/usr/local/include   -fvisibility=hidden -fpic  -g -O2  -c cmark/syntax_extension.c -o cmark/syntax_extension.o
gcc -I"/opt/R/devel-nold/lib/R/include" -DNDEBUG -Icmark -I. -DCMARK_GFM_STATIC_DEFINE -DCMARK_GFM_EXTENSIONS_STATIC_DEFINE -DR_NO_REMAP -DSTRICT_R_HEADERS  -I/usr/local/include   -fvisibility=hidden -fpic  -g -O2  -c cmark/plaintext.c -o cmark/plaintext.o
gcc -I"/opt/R/devel-nold/lib/R/include" -DNDEBUG -Icmark -I. -DCMARK_GFM_STATIC_DEFINE -DCMARK_GFM_EXTENSIONS_STATIC_DEFINE -DR_NO_REMAP -DSTRICT_R_HEADERS  -I/usr/local/include   -fvisibility=hidden -fpic  -g -O2  -c cmark/footnotes.c -o cmark/footnotes.o
gcc -I"/opt/R/devel-nold/lib/R/include" -DNDEBUG -Icmark -I. -DCMARK_GFM_STATIC_DEFINE -DCMARK_GFM_EXTENSIONS_STATIC_DEFINE -DR_NO_REMAP -DSTRICT_R_HEADERS  -I/usr/local/include   -fvisibility=hidden -fpic  -g -O2  -c cmark/map.c -o cmark/map.o
gcc -I"/opt/R/devel-nold/lib/R/include" -DNDEBUG -Icmark -I. -DCMARK_GFM_STATIC_DEFINE -DCMARK_GFM_EXTENSIONS_STATIC_DEFINE -DR_NO_REMAP -DSTRICT_R_HEADERS  -I/usr/local/include   -fvisibility=hidden -fpic  -g -O2  -c extensions/autolink.c -o extensions/autolink.o
gcc -I"/opt/R/devel-nold/lib/R/include" -DNDEBUG -Icmark -I. -DCMARK_GFM_STATIC_DEFINE -DCMARK_GFM_EXTENSIONS_STATIC_DEFINE -DR_NO_REMAP -DSTRICT_R_HEADERS  -I/usr/local/include   -fvisibility=hidden -fpic  -g -O2  -c extensions/core-extensions.c -o extensions/core-extensions.o
gcc -I"/opt/R/devel-nold/lib/R/include" -DNDEBUG -Icmark -I. -DCMARK_GFM_STATIC_DEFINE -DCMARK_GFM_EXTENSIONS_STATIC_DEFINE -DR_NO_REMAP -DSTRICT_R_HEADERS  -I/usr/local/include   -fvisibility=hidden -fpic  -g -O2  -c extensions/ext_scanners.c -o extensions/ext_scanners.o
gcc -I"/opt/R/devel-nold/lib/R/include" -DNDEBUG -Icmark -I. -DCMARK_GFM_STATIC_DEFINE -DCMARK_GFM_EXTENSIONS_STATIC_DEFINE -DR_NO_REMAP -DSTRICT_R_HEADERS  -I/usr/local/include   -fvisibility=hidden -fpic  -g -O2  -c extensions/strikethrough.c -o extensions/strikethrough.o
gcc -I"/opt/R/devel-nold/lib/R/include" -DNDEBUG -Icmark -I. -DCMARK_GFM_STATIC_DEFINE -DCMARK_GFM_EXTENSIONS_STATIC_DEFINE -DR_NO_REMAP -DSTRICT_R_HEADERS  -I/usr/local/include   -fvisibility=hidden -fpic  -g -O2  -c extensions/table.c -o extensions/table.o
gcc -I"/opt/R/devel-nold/lib/R/include" -DNDEBUG -Icmark -I. -DCMARK_GFM_STATIC_DEFINE -DCMARK_GFM_EXTENSIONS_STATIC_DEFINE -DR_NO_REMAP -DSTRICT_R_HEADERS  -I/usr/local/include   -fvisibility=hidden -fpic  -g -O2  -c extensions/tagfilter.c -o extensions/tagfilter.o
gcc -I"/opt/R/devel-nold/lib/R/include" -DNDEBUG -Icmark -I. -DCMARK_GFM_STATIC_DEFINE -DCMARK_GFM_EXTENSIONS_STATIC_DEFINE -DR_NO_REMAP -DSTRICT_R_HEADERS  -I/usr/local/include   -fvisibility=hidden -fpic  -g -O2  -c extensions/tasklist.c -o extensions/tasklist.o
gcc -shared -L/opt/R/devel-nold/lib/R/lib -L/usr/local/lib -o commonmark.so extensions.o init.o wrapper.o -Lcmark -lstatcmark -L/opt/R/devel-nold/lib/R/lib -lR
installing to /cache/R_libs/00LOCK-commonmark/00new/commonmark/libs
** R
** byte-compile and prepare package for lazy loading
** help
*** installing help indices
** building package indices
** testing if installed package can be loaded from temporary location
** checking absolute paths in shared objects and dynamic libraries
** testing if installed package can be loaded from final location
** testing if installed package keeps a record of temporary installation path
* DONE (commonmark)
* installing *source* package ‘xfun’ ...
** this is package ‘xfun’ version ‘0.60.1’
** using staged installation
** libs
using C compiler: ‘gcc (Ubuntu 11.4.0-1ubuntu1~22.04.3) 11.4.0’
gcc -I"/opt/R/devel-nold/lib/R/include" -DNDEBUG   -I/usr/local/include    -fpic  -g -O2  -c base64.c -o base64.o
gcc -I"/opt/R/devel-nold/lib/R/include" -DNDEBUG   -I/usr/local/include    -fpic  -g -O2  -c init.c -o init.o
gcc -I"/opt/R/devel-nold/lib/R/include" -DNDEBUG   -I/usr/local/include    -fpic  -g -O2  -c rand_lcg.c -o rand_lcg.o
gcc -shared -L/opt/R/devel-nold/lib/R/lib -L/usr/local/lib -o xfun.so base64.o init.o rand_lcg.o -L/opt/R/devel-nold/lib/R/lib -lR
installing to /cache/R_libs/00LOCK-xfun/00new/xfun/libs
** R
** inst
** byte-compile and prepare package for lazy loading
** help
*** installing help indices
** building package indices
** installing vignettes
** testing if installed package can be loaded from temporary location
** checking absolute paths in shared objects and dynamic libraries
** testing if installed package can be loaded from final location
** testing if installed package keeps a record of temporary installation path
* DONE (xfun)
* installing *source* package ‘tinytest’ ...
** this is package ‘tinytest’ version ‘1.4.3’
** package ‘tinytest’ successfully unpacked and MD5 sums checked
** using staged installation
** R
** inst
** byte-compile and prepare package for lazy loading
** help
*** installing help indices
** building package indices
** installing vignettes
** testing if installed package can be loaded from temporary location
** testing if installed package can be loaded from final location
** testing if installed package keeps a record of temporary installation path
* DONE (tinytest)
* installing *source* package ‘rbibutils’ ...
** this is package ‘rbibutils’ version ‘2.4.1’
** package ‘rbibutils’ successfully unpacked and MD5 sums checked
** using staged installation
** libs
using C compiler: ‘gcc (Ubuntu 11.4.0-1ubuntu1~22.04.3) 11.4.0’
gcc -I"/opt/R/devel-nold/lib/R/include" -DNDEBUG   -I/usr/local/include    -fpic  -g -O2  -c adsout.c -o adsout.o
gcc -I"/opt/R/devel-nold/lib/R/include" -DNDEBUG   -I/usr/local/include    -fpic  -g -O2  -c any2xml.c -o any2xml.o
gcc -I"/opt/R/devel-nold/lib/R/include" -DNDEBUG   -I/usr/local/include    -fpic  -g -O2  -c args.c -o args.o
gcc -I"/opt/R/devel-nold/lib/R/include" -DNDEBUG   -I/usr/local/include    -fpic  -g -O2  -c bib2be.c -o bib2be.o
gcc -I"/opt/R/devel-nold/lib/R/include" -DNDEBUG   -I/usr/local/include    -fpic  -g -O2  -c bibcore.c -o bibcore.o
gcc -I"/opt/R/devel-nold/lib/R/include" -DNDEBUG   -I/usr/local/include    -fpic  -g -O2  -c bibentrydirectout.c -o bibentrydirectout.o
gcc -I"/opt/R/devel-nold/lib/R/include" -DNDEBUG   -I/usr/local/include    -fpic  -g -O2  -c bibentryout.c -o bibentryout.o
gcc -I"/opt/R/devel-nold/lib/R/include" -DNDEBUG   -I/usr/local/include    -fpic  -g -O2  -c bibl.c -o bibl.o
gcc -I"/opt/R/devel-nold/lib/R/include" -DNDEBUG   -I/usr/local/include    -fpic  -g -O2  -c biblatexin.c -o biblatexin.o
gcc -I"/opt/R/devel-nold/lib/R/include" -DNDEBUG   -I/usr/local/include    -fpic  -g -O2  -c biblatexout.c -o biblatexout.o
gcc -I"/opt/R/devel-nold/lib/R/include" -DNDEBUG   -I/usr/local/include    -fpic  -g -O2  -c bibprog.c -o bibprog.o
gcc -I"/opt/R/devel-nold/lib/R/include" -DNDEBUG   -I/usr/local/include    -fpic  -g -O2  -c bibtexdirectin.c -o bibtexdirectin.o
gcc -I"/opt/R/devel-nold/lib/R/include" -DNDEBUG   -I/usr/local/include    -fpic  -g -O2  -c bibtexin.c -o bibtexin.o
gcc -I"/opt/R/devel-nold/lib/R/include" -DNDEBUG   -I/usr/local/include    -fpic  -g -O2  -c bibtexout.c -o bibtexout.o
gcc -I"/opt/R/devel-nold/lib/R/include" -DNDEBUG   -I/usr/local/include    -fpic  -g -O2  -c bibtextypes.c -o bibtextypes.o
gcc -I"/opt/R/devel-nold/lib/R/include" -DNDEBUG   -I/usr/local/include    -fpic  -g -O2  -c bibutils.c -o bibutils.o
gcc -I"/opt/R/devel-nold/lib/R/include" -DNDEBUG   -I/usr/local/include    -fpic  -g -O2  -c bltypes.c -o bltypes.o
gcc -I"/opt/R/devel-nold/lib/R/include" -DNDEBUG   -I/usr/local/include    -fpic  -g -O2  -c bu_auth.c -o bu_auth.o
gcc -I"/opt/R/devel-nold/lib/R/include" -DNDEBUG   -I/usr/local/include    -fpic  -g -O2  -c charsets.c -o charsets.o
gcc -I"/opt/R/devel-nold/lib/R/include" -DNDEBUG   -I/usr/local/include    -fpic  -g -O2  -c common_be_bed.c -o common_be_bed.o
gcc -I"/opt/R/devel-nold/lib/R/include" -DNDEBUG   -I/usr/local/include    -fpic  -g -O2  -c common_bt_blt_btd_out.c -o common_bt_blt_btd_out.o
gcc -I"/opt/R/devel-nold/lib/R/include" -DNDEBUG   -I/usr/local/include    -fpic  -g -O2  -c common_bt_btd.c -o common_bt_btd.o
gcc -I"/opt/R/devel-nold/lib/R/include" -DNDEBUG   -I/usr/local/include    -fpic  -g -O2  -c common_bt_btd_blt.c -o common_bt_btd_blt.o
gcc -I"/opt/R/devel-nold/lib/R/include" -DNDEBUG   -I/usr/local/include    -fpic  -g -O2  -c common_bt_btd_out.c -o common_bt_btd_out.o
gcc -I"/opt/R/devel-nold/lib/R/include" -DNDEBUG   -I/usr/local/include    -fpic  -g -O2  -c common_most.c -o common_most.o
gcc -I"/opt/R/devel-nold/lib/R/include" -DNDEBUG   -I/usr/local/include    -fpic  -g -O2  -c copacin.c -o copacin.o
gcc -I"/opt/R/devel-nold/lib/R/include" -DNDEBUG   -I/usr/local/include    -fpic  -g -O2  -c copactypes.c -o copactypes.o
gcc -I"/opt/R/devel-nold/lib/R/include" -DNDEBUG   -I/usr/local/include    -fpic  -g -O2  -c ebiin.c -o ebiin.o
gcc -I"/opt/R/devel-nold/lib/R/include" -DNDEBUG   -I/usr/local/include    -fpic  -g -O2  -c endin.c -o endin.o
gcc -I"/opt/R/devel-nold/lib/R/include" -DNDEBUG   -I/usr/local/include    -fpic  -g -O2  -c endout.c -o endout.o
gcc -I"/opt/R/devel-nold/lib/R/include" -DNDEBUG   -I/usr/local/include    -fpic  -g -O2  -c endtypes.c -o endtypes.o
gcc -I"/opt/R/devel-nold/lib/R/include" -DNDEBUG   -I/usr/local/include    -fpic  -g -O2  -c endxmlin.c -o endxmlin.o
gcc -I"/opt/R/devel-nold/lib/R/include" -DNDEBUG   -I/usr/local/include    -fpic  -g -O2  -c entities.c -o entities.o
gcc -I"/opt/R/devel-nold/lib/R/include" -DNDEBUG   -I/usr/local/include    -fpic  -g -O2  -c fields.c -o fields.o
gcc -I"/opt/R/devel-nold/lib/R/include" -DNDEBUG   -I/usr/local/include    -fpic  -g -O2  -c gb18030.c -o gb18030.o
gcc -I"/opt/R/devel-nold/lib/R/include" -DNDEBUG   -I/usr/local/include    -fpic  -g -O2  -c generic.c -o generic.o
gcc -I"/opt/R/devel-nold/lib/R/include" -DNDEBUG   -I/usr/local/include    -fpic  -g -O2  -c init.c -o init.o
gcc -I"/opt/R/devel-nold/lib/R/include" -DNDEBUG   -I/usr/local/include    -fpic  -g -O2  -c intlist.c -o intlist.o
gcc -I"/opt/R/devel-nold/lib/R/include" -DNDEBUG   -I/usr/local/include    -fpic  -g -O2  -c is_ws.c -o is_ws.o
gcc -I"/opt/R/devel-nold/lib/R/include" -DNDEBUG   -I/usr/local/include    -fpic  -g -O2  -c isiin.c -o isiin.o
gcc -I"/opt/R/devel-nold/lib/R/include" -DNDEBUG   -I/usr/local/include    -fpic  -g -O2  -c isiout.c -o isiout.o
gcc -I"/opt/R/devel-nold/lib/R/include" -DNDEBUG   -I/usr/local/include    -fpic  -g -O2  -c isitypes.c -o isitypes.o
gcc -I"/opt/R/devel-nold/lib/R/include" -DNDEBUG   -I/usr/local/include    -fpic  -g -O2  -c iso639_1.c -o iso639_1.o
gcc -I"/opt/R/devel-nold/lib/R/include" -DNDEBUG   -I/usr/local/include    -fpic  -g -O2  -c iso639_2.c -o iso639_2.o
gcc -I"/opt/R/devel-nold/lib/R/include" -DNDEBUG   -I/usr/local/include    -fpic  -g -O2  -c iso639_3.c -o iso639_3.o
gcc -I"/opt/R/devel-nold/lib/R/include" -DNDEBUG   -I/usr/local/include    -fpic  -g -O2  -c latex.c -o latex.o
gcc -I"/opt/R/devel-nold/lib/R/include" -DNDEBUG   -I/usr/local/include    -fpic  -g -O2  -c latex_parse.c -o latex_parse.o
gcc -I"/opt/R/devel-nold/lib/R/include" -DNDEBUG   -I/usr/local/include    -fpic  -g -O2  -c marc_auth.c -o marc_auth.o
gcc -I"/opt/R/devel-nold/lib/R/include" -DNDEBUG   -I/usr/local/include    -fpic  -g -O2  -c medin.c -o medin.o
gcc -I"/opt/R/devel-nold/lib/R/include" -DNDEBUG   -I/usr/local/include    -fpic  -g -O2  -c modsin.c -o modsin.o
gcc -I"/opt/R/devel-nold/lib/R/include" -DNDEBUG   -I/usr/local/include    -fpic  -g -O2  -c modsout.c -o modsout.o
gcc -I"/opt/R/devel-nold/lib/R/include" -DNDEBUG   -I/usr/local/include    -fpic  -g -O2  -c modstypes.c -o modstypes.o
gcc -I"/opt/R/devel-nold/lib/R/include" -DNDEBUG   -I/usr/local/include    -fpic  -g -O2  -c name.c -o name.o
gcc -I"/opt/R/devel-nold/lib/R/include" -DNDEBUG   -I/usr/local/include    -fpic  -g -O2  -c nbibin.c -o nbibin.o
gcc -I"/opt/R/devel-nold/lib/R/include" -DNDEBUG   -I/usr/local/include    -fpic  -g -O2  -c nbibout.c -o nbibout.o
gcc -I"/opt/R/devel-nold/lib/R/include" -DNDEBUG   -I/usr/local/include    -fpic  -g -O2  -c nbibtypes.c -o nbibtypes.o
gcc -I"/opt/R/devel-nold/lib/R/include" -DNDEBUG   -I/usr/local/include    -fpic  -g -O2  -c notes.c -o notes.o
gcc -I"/opt/R/devel-nold/lib/R/include" -DNDEBUG   -I/usr/local/include    -fpic  -g -O2  -c pages.c -o pages.o
gcc -I"/opt/R/devel-nold/lib/R/include" -DNDEBUG   -I/usr/local/include    -fpic  -g -O2  -c reftypes.c -o reftypes.o
gcc -I"/opt/R/devel-nold/lib/R/include" -DNDEBUG   -I/usr/local/include    -fpic  -g -O2  -c risin.c -o risin.o
gcc -I"/opt/R/devel-nold/lib/R/include" -DNDEBUG   -I/usr/local/include    -fpic  -g -O2  -c risout.c -o risout.o
gcc -I"/opt/R/devel-nold/lib/R/include" -DNDEBUG   -I/usr/local/include    -fpic  -g -O2  -c ristypes.c -o ristypes.o
gcc -I"/opt/R/devel-nold/lib/R/include" -DNDEBUG   -I/usr/local/include    -fpic  -g -O2  -c serialno.c -o serialno.o
gcc -I"/opt/R/devel-nold/lib/R/include" -DNDEBUG   -I/usr/local/include    -fpic  -g -O2  -c slist.c -o slist.o
gcc -I"/opt/R/devel-nold/lib/R/include" -DNDEBUG   -I/usr/local/include    -fpic  -g -O2  -c str.c -o str.o
gcc -I"/opt/R/devel-nold/lib/R/include" -DNDEBUG   -I/usr/local/include    -fpic  -g -O2  -c str_conv.c -o str_conv.o
gcc -I"/opt/R/devel-nold/lib/R/include" -DNDEBUG   -I/usr/local/include    -fpic  -g -O2  -c strsearch.c -o strsearch.o
gcc -I"/opt/R/devel-nold/lib/R/include" -DNDEBUG   -I/usr/local/include    -fpic  -g -O2  -c title.c -o title.o
gcc -I"/opt/R/devel-nold/lib/R/include" -DNDEBUG   -I/usr/local/include    -fpic  -g -O2  -c tomods.c -o tomods.o
gcc -I"/opt/R/devel-nold/lib/R/include" -DNDEBUG   -I/usr/local/include    -fpic  -g -O2  -c type.c -o type.o
gcc -I"/opt/R/devel-nold/lib/R/include" -DNDEBUG   -I/usr/local/include    -fpic  -g -O2  -c unicode.c -o unicode.o
gcc -I"/opt/R/devel-nold/lib/R/include" -DNDEBUG   -I/usr/local/include    -fpic  -g -O2  -c url.c -o url.o
gcc -I"/opt/R/devel-nold/lib/R/include" -DNDEBUG   -I/usr/local/include    -fpic  -g -O2  -c utf8.c -o utf8.o
gcc -I"/opt/R/devel-nold/lib/R/include" -DNDEBUG   -I/usr/local/include    -fpic  -g -O2  -c vplist.c -o vplist.o
gcc -I"/opt/R/devel-nold/lib/R/include" -DNDEBUG   -I/usr/local/include    -fpic  -g -O2  -c wordin.c -o wordin.o
gcc -I"/opt/R/devel-nold/lib/R/include" -DNDEBUG   -I/usr/local/include    -fpic  -g -O2  -c wordout.c -o wordout.o
gcc -I"/opt/R/devel-nold/lib/R/include" -DNDEBUG   -I/usr/local/include    -fpic  -g -O2  -c xml.c -o xml.o
gcc -I"/opt/R/devel-nold/lib/R/include" -DNDEBUG   -I/usr/local/include    -fpic  -g -O2  -c xml2any.c -o xml2any.o
gcc -I"/opt/R/devel-nold/lib/R/include" -DNDEBUG   -I/usr/local/include    -fpic  -g -O2  -c xml_encoding.c -o xml_encoding.o
gcc -shared -L/opt/R/devel-nold/lib/R/lib -L/usr/local/lib -o rbibutils.so adsout.o any2xml.o args.o bib2be.o bibcore.o bibentrydirectout.o bibentryout.o bibl.o biblatexin.o biblatexout.o bibprog.o bibtexdirectin.o bibtexin.o bibtexout.o bibtextypes.o bibutils.o bltypes.o bu_auth.o charsets.o common_be_bed.o common_bt_blt_btd_out.o common_bt_btd.o common_bt_btd_blt.o common_bt_btd_out.o common_most.o copacin.o copactypes.o ebiin.o endin.o endout.o endtypes.o endxmlin.o entities.o fields.o gb18030.o generic.o init.o intlist.o is_ws.o isiin.o isiout.o isitypes.o iso639_1.o iso639_2.o iso639_3.o latex.o latex_parse.o marc_auth.o medin.o modsin.o modsout.o modstypes.o name.o nbibin.o nbibout.o nbibtypes.o notes.o pages.o reftypes.o risin.o risout.o ristypes.o serialno.o slist.o str.o str_conv.o strsearch.o title.o tomods.o type.o unicode.o url.o utf8.o vplist.o wordin.o wordout.o xml.o xml2any.o xml_encoding.o -L/opt/R/devel-nold/lib/R/lib -lR
installing to /cache/R_libs/00LOCK-rbibutils/00new/rbibutils/libs
** R
** inst
** byte-compile and prepare package for lazy loading
** help
*** installing help indices
** building package indices
** installing vignettes
** testing if installed package can be loaded from temporary location
** checking absolute paths in shared objects and dynamic libraries
** testing if installed package can be loaded from final location
** testing if installed package keeps a record of temporary installation path
* DONE (rbibutils)
* installing *source* package ‘litedown’ ...
** this is package ‘litedown’ version ‘0.10.1’
** using staged installation
** R
** inst
** byte-compile and prepare package for lazy loading
** help
*** installing help indices
** building package indices
** installing vignettes
** testing if installed package can be loaded from temporary location
** testing if installed package can be loaded from final location
** testing if installed package keeps a record of temporary installation path
* DONE (litedown)

The downloaded source packages are in
	‘/tmp/RtmpEkOKeY/downloaded_packages’
trying URL 'https://cloud.r-project.org/src/contrib/curl_7.1.0.tar.gz'
Content type 'application/x-gzip' length 717725 bytes (700 KB)
==================================================
downloaded 700 KB

* installing *source* package ‘curl’ ...
** this is package ‘curl’ version ‘7.1.0’
** package ‘curl’ successfully unpacked and MD5 sums checked
** using staged installation
Found pkg-config cflags and libs!
Using PKG_CFLAGS=-I/usr/include/x86_64-linux-gnu
Using PKG_LIBS=-lcurl
** libs
using C compiler: ‘gcc (Ubuntu 11.4.0-1ubuntu1~22.04.3) 11.4.0’
gcc -I"/opt/R/devel-nold/lib/R/include" -DNDEBUG -I/usr/include/x86_64-linux-gnu -DSTRICT_R_HEADERS -DR_NO_REMAP  -I/usr/local/include   -fvisibility=hidden -fpic  -g -O2  -c callbacks.c -o callbacks.o
gcc -I"/opt/R/devel-nold/lib/R/include" -DNDEBUG -I/usr/include/x86_64-linux-gnu -DSTRICT_R_HEADERS -DR_NO_REMAP  -I/usr/local/include   -fvisibility=hidden -fpic  -g -O2  -c curl.c -o curl.o
gcc -I"/opt/R/devel-nold/lib/R/include" -DNDEBUG -I/usr/include/x86_64-linux-gnu -DSTRICT_R_HEADERS -DR_NO_REMAP  -I/usr/local/include   -fvisibility=hidden -fpic  -g -O2  -c download.c -o download.o
gcc -I"/opt/R/devel-nold/lib/R/include" -DNDEBUG -I/usr/include/x86_64-linux-gnu -DSTRICT_R_HEADERS -DR_NO_REMAP  -I/usr/local/include   -fvisibility=hidden -fpic  -g -O2  -c dryrun.c -o dryrun.o
gcc -I"/opt/R/devel-nold/lib/R/include" -DNDEBUG -I/usr/include/x86_64-linux-gnu -DSTRICT_R_HEADERS -DR_NO_REMAP  -I/usr/local/include   -fvisibility=hidden -fpic  -g -O2  -c escape.c -o escape.o
gcc -I"/opt/R/devel-nold/lib/R/include" -DNDEBUG -I/usr/include/x86_64-linux-gnu -DSTRICT_R_HEADERS -DR_NO_REMAP  -I/usr/local/include   -fvisibility=hidden -fpic  -g -O2  -c fetch.c -o fetch.o
gcc -I"/opt/R/devel-nold/lib/R/include" -DNDEBUG -I/usr/include/x86_64-linux-gnu -DSTRICT_R_HEADERS -DR_NO_REMAP  -I/usr/local/include   -fvisibility=hidden -fpic  -g -O2  -c findport.c -o findport.o
gcc -I"/opt/R/devel-nold/lib/R/include" -DNDEBUG -I/usr/include/x86_64-linux-gnu -DSTRICT_R_HEADERS -DR_NO_REMAP  -I/usr/local/include   -fvisibility=hidden -fpic  -g -O2  -c form.c -o form.o
gcc -I"/opt/R/devel-nold/lib/R/include" -DNDEBUG -I/usr/include/x86_64-linux-gnu -DSTRICT_R_HEADERS -DR_NO_REMAP  -I/usr/local/include   -fvisibility=hidden -fpic  -g -O2  -c getdate.c -o getdate.o
gcc -I"/opt/R/devel-nold/lib/R/include" -DNDEBUG -I/usr/include/x86_64-linux-gnu -DSTRICT_R_HEADERS -DR_NO_REMAP  -I/usr/local/include   -fvisibility=hidden -fpic  -g -O2  -c handle.c -o handle.o
gcc -I"/opt/R/devel-nold/lib/R/include" -DNDEBUG -I/usr/include/x86_64-linux-gnu -DSTRICT_R_HEADERS -DR_NO_REMAP  -I/usr/local/include   -fvisibility=hidden -fpic  -g -O2  -c ieproxy.c -o ieproxy.o
gcc -I"/opt/R/devel-nold/lib/R/include" -DNDEBUG -I/usr/include/x86_64-linux-gnu -DSTRICT_R_HEADERS -DR_NO_REMAP  -I/usr/local/include   -fvisibility=hidden -fpic  -g -O2  -c init.c -o init.o
gcc -I"/opt/R/devel-nold/lib/R/include" -DNDEBUG -I/usr/include/x86_64-linux-gnu -DSTRICT_R_HEADERS -DR_NO_REMAP  -I/usr/local/include   -fvisibility=hidden -fpic  -g -O2  -c interrupt.c -o interrupt.o
gcc -I"/opt/R/devel-nold/lib/R/include" -DNDEBUG -I/usr/include/x86_64-linux-gnu -DSTRICT_R_HEADERS -DR_NO_REMAP  -I/usr/local/include   -fvisibility=hidden -fpic  -g -O2  -c multi.c -o multi.o
gcc -I"/opt/R/devel-nold/lib/R/include" -DNDEBUG -I/usr/include/x86_64-linux-gnu -DSTRICT_R_HEADERS -DR_NO_REMAP  -I/usr/local/include   -fvisibility=hidden -fpic  -g -O2  -c nslookup.c -o nslookup.o
gcc -I"/opt/R/devel-nold/lib/R/include" -DNDEBUG -I/usr/include/x86_64-linux-gnu -DSTRICT_R_HEADERS -DR_NO_REMAP  -I/usr/local/include   -fvisibility=hidden -fpic  -g -O2  -c options.c -o options.o
gcc -I"/opt/R/devel-nold/lib/R/include" -DNDEBUG -I/usr/include/x86_64-linux-gnu -DSTRICT_R_HEADERS -DR_NO_REMAP  -I/usr/local/include   -fvisibility=hidden -fpic  -g -O2  -c reflist.c -o reflist.o
gcc -I"/opt/R/devel-nold/lib/R/include" -DNDEBUG -I/usr/include/x86_64-linux-gnu -DSTRICT_R_HEADERS -DR_NO_REMAP  -I/usr/local/include   -fvisibility=hidden -fpic  -g -O2  -c split.c -o split.o
gcc -I"/opt/R/devel-nold/lib/R/include" -DNDEBUG -I/usr/include/x86_64-linux-gnu -DSTRICT_R_HEADERS -DR_NO_REMAP  -I/usr/local/include   -fvisibility=hidden -fpic  -g -O2  -c ssl.c -o ssl.o
gcc -I"/opt/R/devel-nold/lib/R/include" -DNDEBUG -I/usr/include/x86_64-linux-gnu -DSTRICT_R_HEADERS -DR_NO_REMAP  -I/usr/local/include   -fvisibility=hidden -fpic  -g -O2  -c typechecking.c -o typechecking.o
gcc -I"/opt/R/devel-nold/lib/R/include" -DNDEBUG -I/usr/include/x86_64-linux-gnu -DSTRICT_R_HEADERS -DR_NO_REMAP  -I/usr/local/include   -fvisibility=hidden -fpic  -g -O2  -c urlparser.c -o urlparser.o
gcc -I"/opt/R/devel-nold/lib/R/include" -DNDEBUG -I/usr/include/x86_64-linux-gnu -DSTRICT_R_HEADERS -DR_NO_REMAP  -I/usr/local/include   -fvisibility=hidden -fpic  -g -O2  -c utils.c -o utils.o
gcc -I"/opt/R/devel-nold/lib/R/include" -DNDEBUG -I/usr/include/x86_64-linux-gnu -DSTRICT_R_HEADERS -DR_NO_REMAP  -I/usr/local/include   -fvisibility=hidden -fpic  -g -O2  -c version.c -o version.o
gcc -I"/opt/R/devel-nold/lib/R/include" -DNDEBUG -I/usr/include/x86_64-linux-gnu -DSTRICT_R_HEADERS -DR_NO_REMAP  -I/usr/local/include   -fvisibility=hidden -fpic  -g -O2  -c winidn.c -o winidn.o
gcc -I"/opt/R/devel-nold/lib/R/include" -DNDEBUG -I/usr/include/x86_64-linux-gnu -DSTRICT_R_HEADERS -DR_NO_REMAP  -I/usr/local/include   -fvisibility=hidden -fpic  -g -O2  -c writer.c -o writer.o
gcc -shared -L/opt/R/devel-nold/lib/R/lib -L/usr/local/lib -o curl.so callbacks.o curl.o download.o dryrun.o escape.o fetch.o findport.o form.o getdate.o handle.o ieproxy.o init.o interrupt.o multi.o nslookup.o options.o reflist.o split.o ssl.o typechecking.o urlparser.o utils.o version.o winidn.o writer.o -lcurl -L/opt/R/devel-nold/lib/R/lib -lR
installing to /cache/R_libs/00LOCK-curl/00new/curl/libs
** R
** inst
** byte-compile and prepare package for lazy loading
** help
*** installing help indices
** building package indices
** installing vignettes
** testing if installed package can be loaded from temporary location
** checking absolute paths in shared objects and dynamic libraries
** testing if installed package can be loaded from final location
** testing if installed package keeps a record of temporary installation path
* DONE (curl)

The downloaded source packages are in
	‘/tmp/Rtmp1ZfYID/downloaded_packages’
* installing *source* package ‘cpp4r’ ...
** this is package ‘cpp4r’ version ‘1.2.0’
** using staged installation
** R
** inst
** byte-compile and prepare package for lazy loading
** help
*** installing help indices
*** copying figures
** building package indices
** installing vignettes
** testing if installed package can be loaded from temporary location
** testing if installed package can be loaded from final location
** testing if installed package keeps a record of temporary installation path
* DONE (cpp4r)
* installing *source* package ‘cpp4rtest’ ...
** this is package ‘cpp4rtest’ version ‘0.3.0’
** using staged installation
** libs
using C++ compiler: ‘g++ (Ubuntu 11.4.0-1ubuntu1~22.04.3) 11.4.0’
g++ -std=gnu++20 -I"/opt/R/devel-nold/lib/R/include" -DNDEBUG -I vendor/  -I/usr/local/include   -fopenmp -fpic  -g -O2   -c cpp4r.cpp -o cpp4r.o
g++ -std=gnu++20 -I"/opt/R/devel-nold/lib/R/include" -DNDEBUG -I vendor/  -I/usr/local/include   -fopenmp -fpic  -g -O2   -c main.cpp -o main.o
g++ -std=gnu++20 -shared -L/opt/R/devel-nold/lib/R/lib -L/usr/local/lib -o cpp4rtest.so cpp4r.o main.o -fopenmp -llapack -lblas -lgfortran -lm -lquadmath -L/opt/R/devel-nold/lib/R/lib -lR
installing to /cache/R_libs/00LOCK-cpp4rtest/00new/cpp4rtest/libs
** R
** inst
** byte-compile and prepare package for lazy loading
** help
*** installing help indices
** building package indices
** testing if installed package can be loaded from temporary location
** checking absolute paths in shared objects and dynamic libraries
** testing if installed package can be loaded from final location
** testing if installed package keeps a record of temporary installation path
* DONE (cpp4rtest)
* using log directory ‘/check/cpp4rtest.Rcheck’
* using R Under development (unstable) (2026-05-15 r90061)
* using platform: x86_64-pc-linux-gnu
* R was compiled by
    gcc (Ubuntu 11.4.0-1ubuntu1~22.04.3) 11.4.0
    GNU Fortran (Ubuntu 11.4.0-1ubuntu1~22.04.3) 11.4.0
* running under: Ubuntu 22.04.5 LTS
* using session charset: UTF-8
* current time: 2026-08-11 14:31:59 UTC
* using options ‘--no-manual --as-cran’
* checking for file ‘cpp4rtest/DESCRIPTION’ ... OK
* this is package ‘cpp4rtest’ version ‘0.3.0’
* package encoding: UTF-8
* checking CRAN incoming feasibility ... NOTE
Maintainer: ‘Mauricio Vargas Sepulveda <m.vargas.sepulveda@gmail.com>’

New submission
* checking package namespace information ... OK
* checking package dependencies ... OK
* checking if this is a source package ... OK
* checking if there is a namespace ... OK
* checking for executable files ... OK
* checking for hidden files and directories ... OK
* checking for portable file names ... OK
* checking for sufficient/correct file permissions ... OK
* checking whether package ‘cpp4rtest’ can be installed ... [17s/13s] OK
* used C++ compiler: ‘g++ (Ubuntu 11.4.0-1ubuntu1~22.04.3) 11.4.0’
* checking installed package size ... OK
* checking package directory ... OK
* checking for future file timestamps ... OK
* checking DESCRIPTION meta-information ... OK
* checking top-level files ... OK
* checking for left-over files ... OK
* checking index information ... OK
* checking package subdirectories ... OK
* checking code files for non-ASCII characters ... OK
* checking R files for syntax errors ... OK
* checking whether the package can be loaded ... OK
* checking whether the package can be loaded with stated dependencies ... OK
* checking whether the package can be unloaded cleanly ... OK
* checking whether the namespace can be loaded with stated dependencies ... OK
* checking whether the namespace can be unloaded cleanly ... OK
* checking loading without being on the library search path ... OK
* checking use of S3 registration ... OK
* checking dependencies in R code ... OK
* checking S3 generic/method consistency ... OK
* checking replacement functions ... OK
* checking foreign function calls ... OK
* checking R code for possible problems ... OK
* checking Rd files ... OK
* checking Rd metadata ... OK
* checking Rd line widths ... OK
* checking Rd cross-references ... OK
* checking for missing documentation entries ... OK
* checking for code/documentation mismatches ... OK
* checking Rd \usage sections ... OK
* checking Rd contents ... OK
* checking for unstated dependencies in examples ... OK
* checking line endings in shell scripts ... OK
* checking line endings in C/C++/Fortran sources/headers ... OK
* checking line endings in Makefiles ... OK
* checking compilation flags in Makevars ... OK
* checking for GNU extensions in Makefiles ... OK
* checking for portable use of $(BLAS_LIBS) and $(LAPACK_LIBS) ... OK
* checking use of PKG_*FLAGS in Makefiles ... OK
* checking use of SHLIB_OPENMP_*FLAGS in Makefiles ... OK
* checking pragmas in C/C++ headers and code ... OK
* checking compilation flags used ... OK
* checking compiled code ... OK
* checking examples ... NONE
* checking for unstated dependencies in ‘tests’ ... OK
* checking tests ...
  Running ‘tinytest.R’
 OK
* checking for non-standard things in the check directory ... OK
* checking for detritus in the temp directory ... OK
* DONE

Status: 1 NOTE
See
  ‘/check/cpp4rtest.Rcheck/00check.log’
for details.

=== 00install.out ===
* installing *source* package ‘cpp4rtest’ ...
** this is package ‘cpp4rtest’ version ‘0.3.0’
** using staged installation
** libs
using C++ compiler: ‘g++ (Ubuntu 11.4.0-1ubuntu1~22.04.3) 11.4.0’
g++ -std=gnu++20 -I"/opt/R/devel-nold/lib/R/include" -DNDEBUG -I vendor/  -I/usr/local/include   -fopenmp -fpic  -g -O2   -c cpp4r.cpp -o cpp4r.o
g++ -std=gnu++20 -I"/opt/R/devel-nold/lib/R/include" -DNDEBUG -I vendor/  -I/usr/local/include   -fopenmp -fpic  -g -O2   -c main.cpp -o main.o
g++ -std=gnu++20 -shared -L/opt/R/devel-nold/lib/R/lib -L/usr/local/lib -o cpp4rtest.so cpp4r.o main.o -fopenmp -llapack -lblas -lgfortran -lm -lquadmath -L/opt/R/devel-nold/lib/R/lib -lR
installing to /check/cpp4rtest.Rcheck/00LOCK-cpp4rtest/00new/cpp4rtest/libs
** R
** inst
** byte-compile and prepare package for lazy loading
** help
*** installing help indices
** building package indices
** testing if installed package can be loaded from temporary location
** checking absolute paths in shared objects and dynamic libraries
** testing if installed package can be loaded from final location
** testing if installed package keeps a record of temporary installation path
* DONE (cpp4rtest)
=== 00check.log ===
* using log directory ‘/check/cpp4rtest.Rcheck’
* using R Under development (unstable) (2026-05-15 r90061)
* using platform: x86_64-pc-linux-gnu
* R was compiled by
    gcc (Ubuntu 11.4.0-1ubuntu1~22.04.3) 11.4.0
    GNU Fortran (Ubuntu 11.4.0-1ubuntu1~22.04.3) 11.4.0
* running under: Ubuntu 22.04.5 LTS
* using session charset: UTF-8
* current time: 2026-08-11 14:31:59 UTC
* using options ‘--no-manual --as-cran’
* checking for file ‘cpp4rtest/DESCRIPTION’ ... OK
* this is package ‘cpp4rtest’ version ‘0.3.0’
* package encoding: UTF-8
* checking CRAN incoming feasibility ... NOTE
Maintainer: ‘Mauricio Vargas Sepulveda <m.vargas.sepulveda@gmail.com>’

New submission
* checking package namespace information ... OK
* checking package dependencies ... OK
* checking if this is a source package ... OK
* checking if there is a namespace ... OK
* checking for executable files ... OK
* checking for hidden files and directories ... OK
* checking for portable file names ... OK
* checking for sufficient/correct file permissions ... OK
* checking whether package ‘cpp4rtest’ can be installed ... [17s/13s] OK
* used C++ compiler: ‘g++ (Ubuntu 11.4.0-1ubuntu1~22.04.3) 11.4.0’
* checking installed package size ... OK
* checking package directory ... OK
* checking for future file timestamps ... OK
* checking DESCRIPTION meta-information ... OK
* checking top-level files ... OK
* checking for left-over files ... OK
* checking index information ... OK
* checking package subdirectories ... OK
* checking code files for non-ASCII characters ... OK
* checking R files for syntax errors ... OK
* checking whether the package can be loaded ... OK
* checking whether the package can be loaded with stated dependencies ... OK
* checking whether the package can be unloaded cleanly ... OK
* checking whether the namespace can be loaded with stated dependencies ... OK
* checking whether the namespace can be unloaded cleanly ... OK
* checking loading without being on the library search path ... OK
* checking use of S3 registration ... OK
* checking dependencies in R code ... OK
* checking S3 generic/method consistency ... OK
* checking replacement functions ... OK
* checking foreign function calls ... OK
* checking R code for possible problems ... OK
* checking Rd files ... OK
* checking Rd metadata ... OK
* checking Rd line widths ... OK
* checking Rd cross-references ... OK
* checking for missing documentation entries ... OK
* checking for code/documentation mismatches ... OK
* checking Rd \usage sections ... OK
* checking Rd contents ... OK
* checking for unstated dependencies in examples ... OK
* checking line endings in shell scripts ... OK
* checking line endings in C/C++/Fortran sources/headers ... OK
* checking line endings in Makefiles ... OK
* checking compilation flags in Makevars ... OK
* checking for GNU extensions in Makefiles ... OK
* checking for portable use of $(BLAS_LIBS) and $(LAPACK_LIBS) ... OK
* checking use of PKG_*FLAGS in Makefiles ... OK
* checking use of SHLIB_OPENMP_*FLAGS in Makefiles ... OK
* checking pragmas in C/C++ headers and code ... OK
* checking compilation flags used ... OK
* checking compiled code ... OK
* checking examples ... NONE
* checking for unstated dependencies in ‘tests’ ... OK
* checking tests ... OK
  Running ‘tinytest.R’
* checking for non-standard things in the check directory ... OK
* checking for detritus in the temp directory ... OK
* DONE
Status: 1 NOTE
