Updating and loading repositories:
Repositories loaded.
Package "pkgconf-pkg-config-2.3.0-2.fc42.x86_64" is already installed.

Total size of inbound packages is 942 KiB. Need to download 942 KiB.
After this operation, 5 MiB extra will be used (install 5 MiB, remove 0 B).
Package        Arch   Version         Repository      Size
Installing:
 libuv-devel   x86_64 1:1.51.0-1.fc42 updates    192.5 KiB
 libxml2-devel x86_64 2.12.10-1.fc42  fedora       3.4 MiB
Installing dependencies:
 libuv         x86_64 1:1.51.0-1.fc42 updates    570.2 KiB
 libuv-static  x86_64 1:1.51.0-1.fc42 updates    427.9 KiB

Transaction Summary:
 Installing:         4 packages

[1/4] libuv-devel-1:1.51.0-1.fc42.x86_6 100% | 403.9 KiB/s |  41.2 KiB |  00m00s
[2/4] libuv-static-1:1.51.0-1.fc42.x86_ 100% | 736.0 KiB/s | 111.1 KiB |  00m00s
[3/4] libuv-1:1.51.0-1.fc42.x86_64      100% |   1.5 MiB/s | 266.3 KiB |  00m00s
[4/4] libxml2-devel-0:2.12.10-1.fc42.x8 100% |   3.5 MiB/s | 523.7 KiB |  00m00s
--------------------------------------------------------------------------------
[4/4] Total                             100% |   1.1 MiB/s | 942.4 KiB |  00m01s
Running transaction
[1/6] Verify package files              100% | 400.0   B/s |   4.0   B |  00m00s
[2/6] Prepare transaction               100% |  19.0   B/s |   4.0   B |  00m00s
[3/6] Installing libuv-1:1.51.0-1.fc42. 100% |  31.1 MiB/s | 573.0 KiB |  00m00s
[4/6] Installing libuv-static-1:1.51.0- 100% |  41.8 MiB/s | 428.3 KiB |  00m00s
[5/6] Installing libuv-devel-1:1.51.0-1 100% |  14.7 MiB/s | 195.4 KiB |  00m00s
[6/6] Installing libxml2-devel-0:2.12.1 100% |   4.9 MiB/s |   3.4 MiB |  00m01s
Complete!
Skipping install of 'testthat' from a github remote, the SHA1 (d355d128) has not changed since last install.
  Use `force = TRUE` to force installation
remotes::install_local(/check/cpp4r_0.6.0.tar.gz)
── R CMD build ─────────────────────────────────────────────────────────────────
* checking for file ‘/tmp/Rtmpoy0d8f/remotes124e9d5cc/cpp4r/DESCRIPTION’ ... OK
* preparing ‘cpp4r’:
* checking DESCRIPTION meta-information ... OK
* checking for LF line-endings in source and make files and shell scripts
* checking for empty or unneeded directories
* building ‘cpp4r_0.6.0.tar.gz’

* installing *source* package ‘cpp4r’ ...
** this is package ‘cpp4r’ version ‘0.6.0’
** using staged installation
** R
** inst
** byte-compile and prepare package for lazy loading
** help
*** installing help indices
    finding HTML links ...  converting help for package ‘cpp4r’
 done
    cpp4r-package                           html  
    pkg_template                            html  
    register                                html  
    unvendor                                html  
    vendor                                  html  
*** copying figures
** building package indices
** testing if installed package can be loaded from temporary location
** testing if installed package can be loaded from final location
** testing if installed package keeps a record of temporary installation path
* DONE (cpp4r)
remotes::install_local(/check/cpp4rtest_0.2.0.tar.gz)
── R CMD build ─────────────────────────────────────────────────────────────────
* checking for file ‘/tmp/Rtmpoy0d8f/remotes1236cd9e5c/cpp4rtest/DESCRIPTION’ ... OK
* preparing ‘cpp4rtest’:
* checking DESCRIPTION meta-information ... OK
* cleaning src
* running ‘cleanup’
* checking for LF line-endings in source and make files and shell scripts
* checking for empty or unneeded directories
* building ‘cpp4rtest_0.2.0.tar.gz’

* installing *source* package ‘cpp4rtest’ ...
** this is package ‘cpp4rtest’ version ‘0.2.0’
** using staged installation
** libs
using C++ compiler: ‘g++ (GCC) 15.2.1 20260123 (Red Hat 15.2.1-7)’
g++ -std=gnu++20 -I"/opt/R/devel/lib/R/include" -DNDEBUG  -I'/cache/R_libs/cpp4r/include' -I'/cache/R_libs/testthat/include' -I/usr/local/include   -fopenmp -fpic  -g -O2   -c cpp4r.cpp -o cpp4r.o
g++ -std=gnu++20 -I"/opt/R/devel/lib/R/include" -DNDEBUG  -I'/cache/R_libs/cpp4r/include' -I'/cache/R_libs/testthat/include' -I/usr/local/include   -fopenmp -fpic  -g -O2   -c main.cpp -o main.o
g++ -std=gnu++20 -I"/opt/R/devel/lib/R/include" -DNDEBUG  -I'/cache/R_libs/cpp4r/include' -I'/cache/R_libs/testthat/include' -I/usr/local/include   -fopenmp -fpic  -g -O2   -c test-runner.cpp -o test-runner.o
g++ -std=gnu++20 -shared -L/opt/R/devel/lib/R/lib -L/usr/local/lib -o cpp4rtest.so cpp4r.o main.o test-runner.o -fopenmp -lflexiblas -lgfortran -lm -lquadmath -L/opt/R/devel/lib/R/lib -lR
installing to /cache/R_libs/00LOCK-cpp4rtest/00new/cpp4rtest/libs
** R
** byte-compile and prepare package for lazy loading
** help
*** installing help indices
  converting help for package ‘cpp4rtest’
    finding HTML links ... done
    cpp4rtest-package                       html  
    notroxcpp1                              html  
    notroxcpp6                              html  
    roxcpp2                                 html  
    roxcpp3                                 html  
    roxcpp4                                 html  
    roxcpp5                                 html  
    roxcpp7                                 html  
** building package indices
** testing if installed package can be loaded from temporary location
** checking absolute paths in shared objects and dynamic libraries
** testing if installed package can be loaded from final location
** testing if installed package keeps a record of temporary installation path
* DONE (cpp4rtest)
* installing *source* package ‘cpp4r’ ...
** this is package ‘cpp4r’ version ‘0.6.0’
** using staged installation
** R
** inst
** byte-compile and prepare package for lazy loading
** help
*** installing help indices
  converting help for package ‘cpp4r’
    finding HTML links ... done
    cpp4r-package                           html  
    pkg_template                            html  
    register                                html  
    unvendor                                html  
    vendor                                  html  
*** copying figures
** building package indices
** testing if installed package can be loaded from temporary location
** testing if installed package can be loaded from final location
** testing if installed package keeps a record of temporary installation path
* DONE (cpp4r)
* installing *source* package ‘cpp4rtest’ ...
** this is package ‘cpp4rtest’ version ‘0.2.0’
** using staged installation
** libs
using C++ compiler: ‘g++ (GCC) 15.2.1 20260123 (Red Hat 15.2.1-7)’
g++ -std=gnu++20 -I"/opt/R/devel/lib/R/include" -DNDEBUG  -I'/cache/R_libs/cpp4r/include' -I'/cache/R_libs/testthat/include' -I/usr/local/include   -fopenmp -fpic  -g -O2   -c cpp4r.cpp -o cpp4r.o
g++ -std=gnu++20 -I"/opt/R/devel/lib/R/include" -DNDEBUG  -I'/cache/R_libs/cpp4r/include' -I'/cache/R_libs/testthat/include' -I/usr/local/include   -fopenmp -fpic  -g -O2   -c main.cpp -o main.o
g++ -std=gnu++20 -I"/opt/R/devel/lib/R/include" -DNDEBUG  -I'/cache/R_libs/cpp4r/include' -I'/cache/R_libs/testthat/include' -I/usr/local/include   -fopenmp -fpic  -g -O2   -c test-runner.cpp -o test-runner.o
g++ -std=gnu++20 -shared -L/opt/R/devel/lib/R/lib -L/usr/local/lib -o cpp4rtest.so cpp4r.o main.o test-runner.o -fopenmp -lflexiblas -lgfortran -lm -lquadmath -L/opt/R/devel/lib/R/lib -lR
installing to /cache/R_libs/00LOCK-cpp4rtest/00new/cpp4rtest/libs
** R
** byte-compile and prepare package for lazy loading
** help
*** installing help indices
  converting help for package ‘cpp4rtest’
    finding HTML links ... done
    cpp4rtest-package                       html  
    notroxcpp1                              html  
    notroxcpp6                              html  
    roxcpp2                                 html  
    roxcpp3                                 html  
    roxcpp4                                 html  
    roxcpp5                                 html  
    roxcpp7                                 html  
** building package indices
** testing if installed package can be loaded from temporary location
** checking absolute paths in shared objects and dynamic libraries
** testing if installed package can be loaded from final location
** testing if installed package keeps a record of temporary installation path
* DONE (cpp4rtest)
* using log directory ‘/check/cpp4rtest.Rcheck’
* using R Under development (unstable) (2026-05-15 r90061)
* using platform: x86_64-pc-linux-gnu
* R was compiled by
    gcc (GCC) 15.2.1 20260123 (Red Hat 15.2.1-7)
    GNU Fortran (GCC) 15.2.1 20260123 (Red Hat 15.2.1-7)
* running under: Fedora Linux 42 (Container Image)
* using session charset: UTF-8
* current time: 2026-05-17 11:23:46 UTC
* using options ‘--no-manual --as-cran’
* checking for file ‘cpp4rtest/DESCRIPTION’ ... OK
* this is package ‘cpp4rtest’ version ‘0.2.0’
* package encoding: UTF-8
* checking CRAN incoming feasibility ... NOTE
Maintainer: ‘Mauricio Vargas Sepulveda <m.vargas.sepulveda@gmail.com>’

New submission
* checking package namespace information ... OK
* checking package dependencies ... OK
* checking if this is a source package ... OK
* checking if there is a namespace ... OK
* checking for executable files ... OK
* checking for hidden files and directories ... OK
* checking for portable file names ... OK
* checking for sufficient/correct file permissions ... OK
* checking whether package ‘cpp4rtest’ can be installed ... [114s/115s] OK
* used C++ compiler: ‘g++ (GCC) 15.2.1 20260123 (Red Hat 15.2.1-7)’
* checking installed package size ... INFO
  installed size is 27.0Mb
  sub-directories of 1Mb or more:
    libs  26.8Mb
* checking package directory ... OK
* checking for future file timestamps ... OK
* checking DESCRIPTION meta-information ... OK
* checking top-level files ... OK
* checking for left-over files ... OK
* checking index information ... OK
* checking package subdirectories ... OK
* checking code files for non-ASCII characters ... OK
* checking R files for syntax errors ... OK
* checking whether the package can be loaded ... OK
* checking whether the package can be loaded with stated dependencies ... OK
* checking whether the package can be unloaded cleanly ... OK
* checking whether the namespace can be loaded with stated dependencies ... OK
* checking whether the namespace can be unloaded cleanly ... OK
* checking loading without being on the library search path ... OK
* checking use of S3 registration ... OK
* checking dependencies in R code ... OK
* checking S3 generic/method consistency ... OK
* checking replacement functions ... OK
* checking foreign function calls ... OK
* checking R code for possible problems ... OK
* checking Rd files ... OK
* checking Rd metadata ... OK
* checking Rd line widths ... OK
* checking Rd cross-references ... OK
* checking for missing documentation entries ... OK
* checking for code/documentation mismatches ... OK
* checking Rd \usage sections ... OK
* checking Rd contents ... OK
* checking for unstated dependencies in examples ... OK
* checking line endings in shell scripts ... OK
* checking line endings in C/C++/Fortran sources/headers ... OK
* checking line endings in Makefiles ... OK
* checking compilation flags in Makevars ... OK
* checking for GNU extensions in Makefiles ... OK
* checking for portable use of $(BLAS_LIBS) and $(LAPACK_LIBS) ... OK
* checking use of PKG_*FLAGS in Makefiles ... OK
* checking use of SHLIB_OPENMP_*FLAGS in Makefiles ... OK
* checking pragmas in C/C++ headers and code ... OK
* checking compilation flags used ... OK
* checking compiled code ... OK
* checking examples ... OK
* checking for unstated dependencies in ‘tests’ ... OK
* checking tests ...
  Running ‘testthat.R’
 OK
* checking for non-standard things in the check directory ... OK
* checking for detritus in the temp directory ... OK
* DONE

Status: 1 NOTE
See
  ‘/check/cpp4rtest.Rcheck/00check.log’
for details.

=== 00install.out ===
* installing *source* package ‘cpp4rtest’ ...
** this is package ‘cpp4rtest’ version ‘0.2.0’
** using staged installation
** libs
using C++ compiler: ‘g++ (GCC) 15.2.1 20260123 (Red Hat 15.2.1-7)’
g++ -std=gnu++20 -I"/opt/R/devel/lib/R/include" -DNDEBUG  -I'/cache/R_libs/cpp4r/include' -I'/cache/R_libs/testthat/include' -I/usr/local/include   -fopenmp -fpic  -g -O2   -c cpp4r.cpp -o cpp4r.o
g++ -std=gnu++20 -I"/opt/R/devel/lib/R/include" -DNDEBUG  -I'/cache/R_libs/cpp4r/include' -I'/cache/R_libs/testthat/include' -I/usr/local/include   -fopenmp -fpic  -g -O2   -c main.cpp -o main.o
g++ -std=gnu++20 -I"/opt/R/devel/lib/R/include" -DNDEBUG  -I'/cache/R_libs/cpp4r/include' -I'/cache/R_libs/testthat/include' -I/usr/local/include   -fopenmp -fpic  -g -O2   -c test-runner.cpp -o test-runner.o
g++ -std=gnu++20 -shared -L/opt/R/devel/lib/R/lib -L/usr/local/lib -o cpp4rtest.so cpp4r.o main.o test-runner.o -fopenmp -lflexiblas -lgfortran -lm -lquadmath -L/opt/R/devel/lib/R/lib -lR
installing to /check/cpp4rtest.Rcheck/00LOCK-cpp4rtest/00new/cpp4rtest/libs
** R
** byte-compile and prepare package for lazy loading
** help
*** installing help indices
  converting help for package ‘cpp4rtest’
    finding HTML links ... done
    cpp4rtest-package                       html  
    notroxcpp1                              html  
    notroxcpp6                              html  
    roxcpp2                                 html  
    roxcpp3                                 html  
    roxcpp4                                 html  
    roxcpp5                                 html  
    roxcpp7                                 html  
** building package indices
** testing if installed package can be loaded from temporary location
** checking absolute paths in shared objects and dynamic libraries
** testing if installed package can be loaded from final location
** testing if installed package keeps a record of temporary installation path
* DONE (cpp4rtest)
=== 00check.log ===
* using log directory ‘/check/cpp4rtest.Rcheck’
* using R Under development (unstable) (2026-05-15 r90061)
* using platform: x86_64-pc-linux-gnu
* R was compiled by
    gcc (GCC) 15.2.1 20260123 (Red Hat 15.2.1-7)
    GNU Fortran (GCC) 15.2.1 20260123 (Red Hat 15.2.1-7)
* running under: Fedora Linux 42 (Container Image)
* using session charset: UTF-8
* current time: 2026-05-17 11:23:46 UTC
* using options ‘--no-manual --as-cran’
* checking for file ‘cpp4rtest/DESCRIPTION’ ... OK
* this is package ‘cpp4rtest’ version ‘0.2.0’
* package encoding: UTF-8
* checking CRAN incoming feasibility ... NOTE
Maintainer: ‘Mauricio Vargas Sepulveda <m.vargas.sepulveda@gmail.com>’

New submission
* checking package namespace information ... OK
* checking package dependencies ... OK
* checking if this is a source package ... OK
* checking if there is a namespace ... OK
* checking for executable files ... OK
* checking for hidden files and directories ... OK
* checking for portable file names ... OK
* checking for sufficient/correct file permissions ... OK
* checking whether package ‘cpp4rtest’ can be installed ... [114s/115s] OK
* used C++ compiler: ‘g++ (GCC) 15.2.1 20260123 (Red Hat 15.2.1-7)’
* checking installed package size ... INFO
  installed size is 27.0Mb
  sub-directories of 1Mb or more:
    libs  26.8Mb
* checking package directory ... OK
* checking for future file timestamps ... OK
* checking DESCRIPTION meta-information ... OK
* checking top-level files ... OK
* checking for left-over files ... OK
* checking index information ... OK
* checking package subdirectories ... OK
* checking code files for non-ASCII characters ... OK
* checking R files for syntax errors ... OK
* checking whether the package can be loaded ... OK
* checking whether the package can be loaded with stated dependencies ... OK
* checking whether the package can be unloaded cleanly ... OK
* checking whether the namespace can be loaded with stated dependencies ... OK
* checking whether the namespace can be unloaded cleanly ... OK
* checking loading without being on the library search path ... OK
* checking use of S3 registration ... OK
* checking dependencies in R code ... OK
* checking S3 generic/method consistency ... OK
* checking replacement functions ... OK
* checking foreign function calls ... OK
* checking R code for possible problems ... OK
* checking Rd files ... OK
* checking Rd metadata ... OK
* checking Rd line widths ... OK
* checking Rd cross-references ... OK
* checking for missing documentation entries ... OK
* checking for code/documentation mismatches ... OK
* checking Rd \usage sections ... OK
* checking Rd contents ... OK
* checking for unstated dependencies in examples ... OK
* checking line endings in shell scripts ... OK
* checking line endings in C/C++/Fortran sources/headers ... OK
* checking line endings in Makefiles ... OK
* checking compilation flags in Makevars ... OK
* checking for GNU extensions in Makefiles ... OK
* checking for portable use of $(BLAS_LIBS) and $(LAPACK_LIBS) ... OK
* checking use of PKG_*FLAGS in Makefiles ... OK
* checking use of SHLIB_OPENMP_*FLAGS in Makefiles ... OK
* checking pragmas in C/C++ headers and code ... OK
* checking compilation flags used ... OK
* checking compiled code ... OK
* checking examples ... OK
* checking for unstated dependencies in ‘tests’ ... OK
* checking tests ... OK
  Running ‘testthat.R’
* checking for non-standard things in the check directory ... OK
* checking for detritus in the temp directory ... OK
* DONE
Status: 1 NOTE
