** this is package ‘cpp4r’ version ‘1.2.0’
** using staged installation
** R
** inst
** byte-compile and prepare package for lazy loading
** help
*** installing help indices
*** copying figures
** building package indices
** installing vignettes
** testing if installed package can be loaded from temporary location
** testing if installed package can be loaded from final location
** testing if installed package keeps a record of temporary installation path
* DONE (cpp4r)
* installing *source* package ‘cpp4rtest’ ...
** this is package ‘cpp4rtest’ version ‘0.3.0’
** using staged installation
** libs
using C++ compiler: ‘g++ (Ubuntu 13.3.0-6ubuntu2~24.04.1) 13.3.0’
g++ -I"/opt/R/4.6.0/lib/R/include" -DNDEBUG -I vendor/  -I/usr/local/include   -fopenmp -fpic  -g -O2   -c cpp4r.cpp -o cpp4r.o
g++ -I"/opt/R/4.6.0/lib/R/include" -DNDEBUG -I vendor/  -I/usr/local/include   -fopenmp -fpic  -g -O2   -c main.cpp -o main.o
g++ -shared -L/opt/R/4.6.0/lib/R/lib -L/usr/local/lib -o cpp4rtest.so cpp4r.o main.o -fopenmp -llapack -lblas -lgfortran -lm -lquadmath -L/opt/R/4.6.0/lib/R/lib -lR
installing to /cache/R_libs/00LOCK-cpp4rtest/00new/cpp4rtest/libs
** R
** inst
** byte-compile and prepare package for lazy loading
** help
*** installing help indices
** building package indices
** testing if installed package can be loaded from temporary location
** checking absolute paths in shared objects and dynamic libraries
** testing if installed package can be loaded from final location
** testing if installed package keeps a record of temporary installation path
* DONE (cpp4rtest)
* using log directory ‘/check/cpp4rtest.Rcheck’
* using R version 4.6.0 (2026-04-24)
* using platform: x86_64-pc-linux-gnu
* R was compiled by
    gcc (Ubuntu 13.3.0-6ubuntu2~24.04.1) 13.3.0
    GNU Fortran (Ubuntu 13.3.0-6ubuntu2~24.04.1) 13.3.0
* running under: Ubuntu 24.04.4 LTS
* using session charset: UTF-8
* current time: 2026-08-11 12:56:46 UTC
* using options ‘--no-manual --as-cran’
* checking for file ‘cpp4rtest/DESCRIPTION’ ... OK
* this is package ‘cpp4rtest’ version ‘0.3.0’
* package encoding: UTF-8
* checking CRAN incoming feasibility ... [4s/7s] NOTE
Maintainer: ‘Mauricio Vargas Sepulveda <m.vargas.sepulveda@gmail.com>’

New submission
* checking package namespace information ... OK
* checking package dependencies ... OK
* checking if this is a source package ... OK
* checking if there is a namespace ... OK
* checking for executable files ... OK
* checking for hidden files and directories ... OK
* checking for portable file names ... OK
* checking for sufficient/correct file permissions ... OK
* checking whether package ‘cpp4rtest’ can be installed ... [18s/15s] OK
* used C++ compiler: ‘g++ (Ubuntu 13.3.0-6ubuntu2~24.04.1) 13.3.0’
* checking package directory ... OK
* checking for future file timestamps ... OK
* checking DESCRIPTION meta-information ... OK
* checking top-level files ... OK
* checking for left-over files ... OK
* checking index information ... OK
* checking package subdirectories ... OK
* checking code files for non-ASCII characters ... OK
* checking R files for syntax errors ... OK
* checking whether the package can be loaded ... [1s/0s] OK
* checking whether the package can be loaded with stated dependencies ... [0s/0s] OK
* checking whether the package can be unloaded cleanly ... [1s/0s] OK
* checking whether the namespace can be loaded with stated dependencies ... [1s/0s] OK
* checking whether the namespace can be unloaded cleanly ... [1s/0s] OK
* checking loading without being on the library search path ... [1s/0s] OK
* checking use of S3 registration ... OK
* checking dependencies in R code ... OK
* checking S3 generic/method consistency ... OK
* checking replacement functions ... OK
* checking foreign function calls ... OK
* checking R code for possible problems ... [12s/4s] OK
* checking Rd files ... [1s/1s] OK
* checking Rd metadata ... OK
* checking Rd line widths ... OK
* checking Rd cross-references ... OK
* checking for missing documentation entries ... OK
* checking for code/documentation mismatches ... OK
* checking Rd \usage sections ... OK
* checking Rd contents ... OK
* checking for unstated dependencies in examples ... OK
* checking line endings in shell scripts ... OK
* checking line endings in C/C++/Fortran sources/headers ... OK
* checking line endings in Makefiles ... OK
* checking compilation flags in Makevars ... OK
* checking for GNU extensions in Makefiles ... OK
* checking for portable use of $(BLAS_LIBS) and $(LAPACK_LIBS) ... OK
* checking use of PKG_*FLAGS in Makefiles ... OK
* checking use of SHLIB_OPENMP_*FLAGS in Makefiles ... OK
* checking pragmas in C/C++ headers and code ... OK
* checking compilation flags used ... OK
* checking compiled code ... OK
* checking examples ... NONE
* checking for unstated dependencies in ‘tests’ ... OK
* checking tests ...
  Running ‘tinytest.R’ [2s/1s]
 [3s/2s] OK
* checking for non-standard things in the check directory ... OK
* checking for detritus in the temp directory ... OK
* DONE

Status: 1 NOTE
See
  ‘/check/cpp4rtest.Rcheck/00check.log’
for details.

=== 00install.out ===
* installing *source* package ‘cpp4rtest’ ...
** this is package ‘cpp4rtest’ version ‘0.3.0’
** using staged installation
** libs
using C++ compiler: ‘g++ (Ubuntu 13.3.0-6ubuntu2~24.04.1) 13.3.0’
g++ -I"/opt/R/4.6.0/lib/R/include" -DNDEBUG -I vendor/  -I/usr/local/include   -fopenmp -fpic  -g -O2   -c cpp4r.cpp -o cpp4r.o
g++ -I"/opt/R/4.6.0/lib/R/include" -DNDEBUG -I vendor/  -I/usr/local/include   -fopenmp -fpic  -g -O2   -c main.cpp -o main.o
g++ -shared -L/opt/R/4.6.0/lib/R/lib -L/usr/local/lib -o cpp4rtest.so cpp4r.o main.o -fopenmp -llapack -lblas -lgfortran -lm -lquadmath -L/opt/R/4.6.0/lib/R/lib -lR
installing to /check/cpp4rtest.Rcheck/00LOCK-cpp4rtest/00new/cpp4rtest/libs
** R
** inst
** byte-compile and prepare package for lazy loading
** help
*** installing help indices
** building package indices
** testing if installed package can be loaded from temporary location
** checking absolute paths in shared objects and dynamic libraries
** testing if installed package can be loaded from final location
** testing if installed package keeps a record of temporary installation path
* DONE (cpp4rtest)
=== 00check.log ===
* using log directory ‘/check/cpp4rtest.Rcheck’
* using R version 4.6.0 (2026-04-24)
* using platform: x86_64-pc-linux-gnu
* R was compiled by
    gcc (Ubuntu 13.3.0-6ubuntu2~24.04.1) 13.3.0
    GNU Fortran (Ubuntu 13.3.0-6ubuntu2~24.04.1) 13.3.0
* running under: Ubuntu 24.04.4 LTS
* using session charset: UTF-8
* current time: 2026-08-11 12:56:46 UTC
* using options ‘--no-manual --as-cran’
* checking for file ‘cpp4rtest/DESCRIPTION’ ... OK
* this is package ‘cpp4rtest’ version ‘0.3.0’
* package encoding: UTF-8
* checking CRAN incoming feasibility ... [4s/7s] NOTE
Maintainer: ‘Mauricio Vargas Sepulveda <m.vargas.sepulveda@gmail.com>’

New submission
* checking package namespace information ... OK
* checking package dependencies ... OK
* checking if this is a source package ... OK
* checking if there is a namespace ... OK
* checking for executable files ... OK
* checking for hidden files and directories ... OK
* checking for portable file names ... OK
* checking for sufficient/correct file permissions ... OK
* checking whether package ‘cpp4rtest’ can be installed ... [18s/15s] OK
* used C++ compiler: ‘g++ (Ubuntu 13.3.0-6ubuntu2~24.04.1) 13.3.0’
* checking package directory ... OK
* checking for future file timestamps ... OK
* checking DESCRIPTION meta-information ... OK
* checking top-level files ... OK
* checking for left-over files ... OK
* checking index information ... OK
* checking package subdirectories ... OK
* checking code files for non-ASCII characters ... OK
* checking R files for syntax errors ... OK
* checking whether the package can be loaded ... [1s/0s] OK
* checking whether the package can be loaded with stated dependencies ... [0s/0s] OK
* checking whether the package can be unloaded cleanly ... [1s/0s] OK
* checking whether the namespace can be loaded with stated dependencies ... [1s/0s] OK
* checking whether the namespace can be unloaded cleanly ... [1s/0s] OK
* checking loading without being on the library search path ... [1s/0s] OK
* checking use of S3 registration ... OK
* checking dependencies in R code ... OK
* checking S3 generic/method consistency ... OK
* checking replacement functions ... OK
* checking foreign function calls ... OK
* checking R code for possible problems ... [12s/4s] OK
* checking Rd files ... [1s/1s] OK
* checking Rd metadata ... OK
* checking Rd line widths ... OK
* checking Rd cross-references ... OK
* checking for missing documentation entries ... OK
* checking for code/documentation mismatches ... OK
* checking Rd \usage sections ... OK
* checking Rd contents ... OK
* checking for unstated dependencies in examples ... OK
* checking line endings in shell scripts ... OK
* checking line endings in C/C++/Fortran sources/headers ... OK
* checking line endings in Makefiles ... OK
* checking compilation flags in Makevars ... OK
* checking for GNU extensions in Makefiles ... OK
* checking for portable use of $(BLAS_LIBS) and $(LAPACK_LIBS) ... OK
* checking use of PKG_*FLAGS in Makefiles ... OK
* checking use of SHLIB_OPENMP_*FLAGS in Makefiles ... OK
* checking pragmas in C/C++ headers and code ... OK
* checking compilation flags used ... OK
* checking compiled code ... OK
* checking examples ... NONE
* checking for unstated dependencies in ‘tests’ ... OK
* checking tests ... [3s/2s] OK
  Running ‘tinytest.R’ [2s/1s]
* checking for non-standard things in the check directory ... OK
* checking for detritus in the temp directory ... OK
* DONE
Status: 1 NOTE
