Loading required package: usethis
* installing *source* package ‘cpp4rtest’ ...
** this is package ‘cpp4rtest’ version ‘0.1.0’
** using staged installation
** libs
using C++ compiler: ‘g++ (GCC) 15.2.1 20260209’
make[1]: Entering directory '/home/pacha/Documents/cpp4r/cpp4rtest.Rcheck/00_pkg_src/cpp4rtest/src'
g++ -std=gnu++17 -I"/usr/include/R/" -DNDEBUG -UDEBUG -g -Wall -O2 -pedantic -I'/home/pacha/R/x86_64-pc-linux-gnu-library/4.5/cpp4r/include' -I'/home/pacha/R/x86_64-pc-linux-gnu-library/4.5/testthat/include' -I/usr/local/include   -fopenmp -fpic  -O3  -c cpp4r.cpp -o cpp4r.o
g++ -std=gnu++17 -I"/usr/include/R/" -DNDEBUG -UDEBUG -g -Wall -O2 -pedantic -I'/home/pacha/R/x86_64-pc-linux-gnu-library/4.5/cpp4r/include' -I'/home/pacha/R/x86_64-pc-linux-gnu-library/4.5/testthat/include' -I/usr/local/include   -fopenmp -fpic  -O3  -c main.cpp -o main.o
g++ -std=gnu++17 -I"/usr/include/R/" -DNDEBUG -UDEBUG -g -Wall -O2 -pedantic -I'/home/pacha/R/x86_64-pc-linux-gnu-library/4.5/cpp4r/include' -I'/home/pacha/R/x86_64-pc-linux-gnu-library/4.5/testthat/include' -I/usr/local/include   -fopenmp -fpic  -O3  -c test-runner.cpp -o test-runner.o
g++ -std=gnu++17 -shared -L/usr/lib64/R/lib -Wl,-O1 -Wl,--sort-common -Wl,--as-needed -Wl,-z,relro -Wl,-z,now -Wl,-z,pack-relative-relocs -flto=auto -o cpp4rtest.so cpp4r.o main.o test-runner.o -fopenmp -llapack -lblas -lgfortran -lm -lquadmath -L/usr/lib64/R/lib -lR
make[1]: Leaving directory '/home/pacha/Documents/cpp4r/cpp4rtest.Rcheck/00_pkg_src/cpp4rtest/src'
make[1]: Entering directory '/home/pacha/Documents/cpp4r/cpp4rtest.Rcheck/00_pkg_src/cpp4rtest/src'
make[1]: Leaving directory '/home/pacha/Documents/cpp4r/cpp4rtest.Rcheck/00_pkg_src/cpp4rtest/src'
installing to /home/pacha/Documents/cpp4r/cpp4rtest.Rcheck/00LOCK-cpp4rtest/00new/cpp4rtest/libs
** R
** byte-compile and prepare package for lazy loading
** help
*** installing help indices
** building package indices
** testing if installed package can be loaded from temporary location
** checking absolute paths in shared objects and dynamic libraries
** testing if installed package can be loaded from final location
** testing if installed package keeps a record of temporary installation path
* DONE (cpp4rtest)
